Modules list:
-------------
hgrtest.o:
    CODE              Offs=000000  Size=00001A  Align=00001  Fill=0000
    RODATA            Offs=000000  Size=00000A  Align=00001  Fill=0000
    LOWCODE           Offs=000000  Size=00002F  Align=00001  Fill=0000
werner.o:
    HGR               Offs=000000  Size=001FF8  Align=00001  Fill=0000
/cygdrive/c/Users/Craig Vella/Documents/GitHub/cc65/lib/apple2.lib(_cursor.o):
    BSS               Offs=000000  Size=000001  Align=00001  Fill=0000
/cygdrive/c/Users/Craig Vella/Documents/GitHub/cc65/lib/apple2.lib(addysp.o):
    CODE              Offs=00001A  Size=00000E  Align=00001  Fill=0000
/cygdrive/c/Users/Craig Vella/Documents/GitHub/cc65/lib/apple2.lib(callmain.o):
    CODE              Offs=000028  Size=000017  Align=00001  Fill=0000
    DATA              Offs=000000  Size=000004  Align=00001  Fill=0000
/cygdrive/c/Users/Craig Vella/Documents/GitHub/cc65/lib/apple2.lib(cgetc.o):
    CODE              Offs=00003F  Size=000028  Align=00001  Fill=0000
/cygdrive/c/Users/Craig Vella/Documents/GitHub/cc65/lib/apple2.lib(condes.o):
    CODE              Offs=000067  Size=00000C  Align=00001  Fill=0000
    DATA              Offs=000004  Size=000025  Align=00001  Fill=0000
    ONCE              Offs=000000  Size=00000C  Align=00001  Fill=0000
/cygdrive/c/Users/Craig Vella/Documents/GitHub/cc65/lib/apple2.lib(cputc.o):
    CODE              Offs=000073  Size=000043  Align=00001  Fill=0000
/cygdrive/c/Users/Craig Vella/Documents/GitHub/cc65/lib/apple2.lib(crt0.o):
    CODE              Offs=0000B6  Size=000012  Align=00001  Fill=0000
    RODATA            Offs=00000A  Size=000007  Align=00001  Fill=0000
    DATA              Offs=000029  Size=000003  Align=00001  Fill=0000
    STARTUP           Offs=000000  Size=000034  Align=00001  Fill=0000
    ONCE              Offs=00000C  Size=00006A  Align=00001  Fill=0000
    INIT              Offs=000000  Size=00001D  Align=00001  Fill=0000
/cygdrive/c/Users/Craig Vella/Documents/GitHub/cc65/lib/apple2.lib(decax1.o):
    CODE              Offs=0000C8  Size=000007  Align=00001  Fill=0000
/cygdrive/c/Users/Craig Vella/Documents/GitHub/cc65/lib/apple2.lib(decsp4.o):
    CODE              Offs=0000CF  Size=00000D  Align=00001  Fill=0000
/cygdrive/c/Users/Craig Vella/Documents/GitHub/cc65/lib/apple2.lib(exehdr.o):
    EXEHDR            Offs=000000  Size=00003A  Align=00001  Fill=0000
/cygdrive/c/Users/Craig Vella/Documents/GitHub/cc65/lib/apple2.lib(gotoxy.o):
    CODE              Offs=0000DC  Size=000011  Align=00001  Fill=0000
/cygdrive/c/Users/Craig Vella/Documents/GitHub/cc65/lib/apple2.lib(imul16x16r32.o):
    CODE              Offs=0000ED  Size=00002B  Align=00001  Fill=0000
/cygdrive/c/Users/Craig Vella/Documents/GitHub/cc65/lib/apple2.lib(incsp2.o):
    CODE              Offs=000118  Size=000016  Align=00001  Fill=0000
/cygdrive/c/Users/Craig Vella/Documents/GitHub/cc65/lib/apple2.lib(libref.o):
/cygdrive/c/Users/Craig Vella/Documents/GitHub/cc65/lib/apple2.lib(lneg.o):
    CODE              Offs=00012E  Size=00001E  Align=00001  Fill=0000
/cygdrive/c/Users/Craig Vella/Documents/GitHub/cc65/lib/apple2.lib(negabs.o):
    CODE              Offs=00014C  Size=000012  Align=00001  Fill=0000
/cygdrive/c/Users/Craig Vella/Documents/GitHub/cc65/lib/apple2.lib(popa.o):
    CODE              Offs=00015E  Size=00000C  Align=00001  Fill=0000
/cygdrive/c/Users/Craig Vella/Documents/GitHub/cc65/lib/apple2.lib(pusha.o):
    CODE              Offs=00016A  Size=000016  Align=00001  Fill=0000
/cygdrive/c/Users/Craig Vella/Documents/GitHub/cc65/lib/apple2.lib(pushax.o):
    CODE              Offs=000180  Size=00001A  Align=00001  Fill=0000
/cygdrive/c/Users/Craig Vella/Documents/GitHub/cc65/lib/apple2.lib(strlen.o):
    CODE              Offs=00019A  Size=000016  Align=00001  Fill=0000
/cygdrive/c/Users/Craig Vella/Documents/GitHub/cc65/lib/apple2.lib(tgi-kernel.o):
    CODE              Offs=0001B0  Size=00007F  Align=00001  Fill=0000
    RODATA            Offs=000011  Size=000004  Align=00001  Fill=0000
    BSS               Offs=000001  Size=000028  Align=00001  Fill=0000
    DATA              Offs=00002C  Size=000039  Align=00001  Fill=0000
/cygdrive/c/Users/Craig Vella/Documents/GitHub/cc65/lib/apple2.lib(tgi_clippedline.o):
    CODE              Offs=00022F  Size=0001E3  Align=00001  Fill=0000
    BSS               Offs=000029  Size=000008  Align=00001  Fill=0000
/cygdrive/c/Users/Craig Vella/Documents/GitHub/cc65/lib/apple2.lib(tgi_colors.o):
/cygdrive/c/Users/Craig Vella/Documents/GitHub/cc65/lib/apple2.lib(tgi_curtoxy.o):
    CODE              Offs=000412  Size=000015  Align=00001  Fill=0000
/cygdrive/c/Users/Craig Vella/Documents/GitHub/cc65/lib/apple2.lib(tgi_done.o):
    CODE              Offs=000427  Size=00000E  Align=00001  Fill=0000
/cygdrive/c/Users/Craig Vella/Documents/GitHub/cc65/lib/apple2.lib(tgi_gettextwidth.o):
    CODE              Offs=000435  Size=000057  Align=00001  Fill=0000
/cygdrive/c/Users/Craig Vella/Documents/GitHub/cc65/lib/apple2.lib(tgi_getxres.o):
    CODE              Offs=00048C  Size=000007  Align=00001  Fill=0000
/cygdrive/c/Users/Craig Vella/Documents/GitHub/cc65/lib/apple2.lib(tgi_getyres.o):
    CODE              Offs=000493  Size=000007  Align=00001  Fill=0000
/cygdrive/c/Users/Craig Vella/Documents/GitHub/cc65/lib/apple2.lib(tgi_imulround.o):
    CODE              Offs=00049A  Size=000025  Align=00001  Fill=0000
/cygdrive/c/Users/Craig Vella/Documents/GitHub/cc65/lib/apple2.lib(tgi_init.o):
    CODE              Offs=0004BF  Size=000058  Align=00001  Fill=0000
/cygdrive/c/Users/Craig Vella/Documents/GitHub/cc65/lib/apple2.lib(tgi_outcode.o):
    CODE              Offs=000517  Size=000041  Align=00001  Fill=0000
    BSS               Offs=000031  Size=000008  Align=00001  Fill=0000
/cygdrive/c/Users/Craig Vella/Documents/GitHub/cc65/lib/apple2.lib(tgi_outtext.o):
    CODE              Offs=000558  Size=000091  Align=00001  Fill=0000
/cygdrive/c/Users/Craig Vella/Documents/GitHub/cc65/lib/apple2.lib(tgi_outtextxy.o):
    CODE              Offs=0005E9  Size=000021  Align=00001  Fill=0000
/cygdrive/c/Users/Craig Vella/Documents/GitHub/cc65/lib/apple2.lib(tgi_setcolor.o):
    CODE              Offs=00060A  Size=000013  Align=00001  Fill=0000
/cygdrive/c/Users/Craig Vella/Documents/GitHub/cc65/lib/apple2.lib(tgi_settextstyle.o):
    CODE              Offs=00061D  Size=000044  Align=00001  Fill=0000
/cygdrive/c/Users/Craig Vella/Documents/GitHub/cc65/lib/apple2.lib(tgi_vectorchar.o):
    CODE              Offs=000661  Size=0000D5  Align=00001  Fill=0000
    BSS               Offs=000039  Size=000008  Align=00001  Fill=0000
/cygdrive/c/Users/Craig Vella/Documents/GitHub/cc65/lib/apple2.lib(toascii.o):
    CODE              Offs=000736  Size=000003  Align=00001  Fill=0000
/cygdrive/c/Users/Craig Vella/Documents/GitHub/cc65/lib/apple2.lib(udiv32by16r16.o):
    CODE              Offs=000739  Size=000031  Align=00001  Fill=0000
/cygdrive/c/Users/Craig Vella/Documents/GitHub/cc65/lib/apple2.lib(umul16x16r32.o):
    CODE              Offs=00076A  Size=00002C  Align=00001  Fill=0000
/cygdrive/c/Users/Craig Vella/Documents/GitHub/cc65/lib/apple2.lib(umul8x16r24.o):
    CODE              Offs=000796  Size=00002D  Align=00001  Fill=0000
/cygdrive/c/Users/Craig Vella/Documents/GitHub/cc65/lib/apple2.lib(vtabz.o):
    LOWCODE           Offs=00002F  Size=00000A  Align=00001  Fill=0000
/cygdrive/c/Users/Craig Vella/Documents/GitHub/cc65/lib/apple2.lib(zerobss.o):
    CODE              Offs=0007C3  Size=000023  Align=00001  Fill=0000
/cygdrive/c/Users/Craig Vella/Documents/GitHub/cc65/lib/apple2.lib(zeropage.o):
    ZEROPAGE          Offs=000000  Size=00001A  Align=00001  Fill=0000
/cygdrive/c/Users/Craig Vella/Documents/GitHub/cc65/lib/apple2.lib(a2.hi-tgi.o):
    CODE              Offs=0007E6  Size=00013B  Align=00001  Fill=0000
    RODATA            Offs=000015  Size=000533  Align=00001  Fill=0000
    BSS               Offs=000041  Size=000001  Align=00001  Fill=0000
    DATA              Offs=000065  Size=000037  Align=00001  Fill=0000


Segment list:
-------------
Name                   Start     End    Size  Align
----------------------------------------------------
ZEROPAGE              000080  000099  00001A  00001
EXEHDR                0007C9  000802  00003A  00001
STARTUP               000803  000836  000034  00001
LOWCODE               000837  00086F  000039  00001
HGR                   002000  003FF7  001FF8  00001
CODE                  004000  004920  000921  00001
RODATA                004921  004E68  000548  00001
DATA                  004E69  004F04  00009C  00001
INIT                  004F05  004F21  00001D  00001
BSS                   004F22  004F63  000042  00001
ONCE                  004F22  004F97  000076  00001


Exports list by name:
---------------------
VTABZ                     000866 RLA    __BSS_RUN__               004F22 RLA    
__BSS_SIZE__              000042 REA    __CONSTRUCTOR_COUNT__     000000 REA    
__CONSTRUCTOR_TABLE__     004F98 RLA    __DESTRUCTOR_COUNT__      000000 REA    
__DESTRUCTOR_TABLE__      004E69 RLA    __EXEHDR__                000001 REA    
__FILETYPE__              000006 REA    __HIMEM__                 009600 REA    
__LCADDR__                00D400 REA    __LCSIZE__                000C00 REA    
__LC_LAST__               00D400 RLA    __LC_START__              00D400 RLA    
__MAIN_LAST__             004F98 RLA    __MAIN_START__            000803 RLA    
__ONCE_LOAD__             004F22 RLA    __ONCE_RUN__              004F22 RLA    
__ONCE_SIZE__             000076 REA    __STACKSIZE__             000800 REA    
__STARTUP__               000001 REA    _a2_hi_tgi                004ECE RLA    
_cgetc                    00403F RLA    _exit                     00080F RLA    
_main                     004000 RLA    _strlen                   00419A RLA    
_tgi_charwidth            004F34 RLA    _tgi_color                004F2B RLA    
_tgi_colorcount           004F44 RLA    _tgi_curx                 004F27 RLA    
_tgi_cury                 004F29 RLA    _tgi_done                 004427 RLA    
_tgi_error                004F25 RLA    _tgi_flags                004F4A RLA    
_tgi_font                 004F2C RLA    _tgi_fontheight           004F47 RLA    
_tgi_fontwidth            004F46 RLA    _tgi_gettextwidth         004435 RLA    
_tgi_getxres              00448C RLA    _tgi_getyres              004493 RLA    
_tgi_gmode                004F26 RLA    _tgi_init                 0044BF RLA    
_tgi_install              0041B0 RLA    _tgi_outtext              004558 RLA    
_tgi_outtextxy            0045E9 RLA    _tgi_setcolor             00460A RLA    
_tgi_settextstyle         00461D RLA    _tgi_textdir              004F2D RLA    
_tgi_textscaleh           004F36 RLA    _tgi_textscalew           004F30 RLA    
_tgi_uninstall            00421D RLA    _tgi_vectorchar           0046A3 RLA    
_tgi_vectorfont           004F2E RLA    _tgi_xmax                 004F3C RLA    
_tgi_xres                 004F40 RLA    _tgi_ymax                 004F3E RLA    
_tgi_yres                 004F42 RLA    _toascii                  004736 RLA    
addysp1                   00401A RLA    callmain                  004028 RLA    
cursor                    004F22 RLA    decax1                    0040C8 RLA    
decsp4                    0040CF RLA    donelib                   004067 RLA    
gotoxy                    0040DC RLA    imul16x16r32              0040ED RLA    
incsp2                    004120 RLA    initlib                   004F22 RLA    
negax                     004150 RLA    negeax                    00412E RLA    
popa                      00415E RLA    popax                     004118 RLA    
ptr1                      000088 RLZ    ptr2                      00008A RLZ    
ptr3                      00008C RLZ    ptr4                      00008E RLZ    
pusha                     00416E RLA    pushax                    004184 RLA    
putchardirect             0040AC RLA    regbank                   000094 RLZ    
sp                        000080 RLZ    sreg                      000082 RLZ    
tgi_clip_x1               004F53 RLA    tgi_clip_x2               004F57 RLA    
tgi_clip_y1               004F55 RLA    tgi_clip_y2               004F59 RLA    
tgi_clippedline           0042F3 RLA    tgi_color_white           000003 REZ    
tgi_curtoxy               004412 RLA    tgi_done                  004E9E RLA    
tgi_getdefpalette         004EB9 RLA    tgi_geterror              004EA1 RLA    
tgi_imulround             0044A1 RLA    tgi_init                  004E9B RLA    
tgi_inv_arg               004206 RLA    tgi_libref                00080F RLA    
tgi_line                  004EC2 RLA    tgi_outcode               004517 RLA    
tgi_outtext               004ECB RLA    tgi_setcolor              004EB0 RLA    
tgi_setdrawpage           004EAD RLA    tgi_setpalette            004EB3 RLA    
tgi_setviewpage           004EAA RLA    tmp1                      000090 RLZ    
udiv32by16r16             004739 RLA    umul16x16r32              00476A RLA    
umul16x16r32m             00476E RLA    umul8x16r16               004796 RLA    
umul8x16r24               004796 RLA    zerobss                   0047C3 RLA    



Exports list by value:
----------------------
__CONSTRUCTOR_COUNT__     000000 REA    __DESTRUCTOR_COUNT__      000000 REA    
__STARTUP__               000001 REA    __EXEHDR__                000001 REA    
tgi_color_white           000003 REZ    __FILETYPE__              000006 REA    
__BSS_SIZE__              000042 REA    __ONCE_SIZE__             000076 REA    
sp                        000080 RLZ    sreg                      000082 RLZ    
ptr1                      000088 RLZ    ptr2                      00008A RLZ    
ptr3                      00008C RLZ    ptr4                      00008E RLZ    
tmp1                      000090 RLZ    regbank                   000094 RLZ    
__STACKSIZE__             000800 REA    __MAIN_START__            000803 RLA    
tgi_libref                00080F RLA    _exit                     00080F RLA    
VTABZ                     000866 RLA    __LCSIZE__                000C00 REA    
_main                     004000 RLA    addysp1                   00401A RLA    
callmain                  004028 RLA    _cgetc                    00403F RLA    
donelib                   004067 RLA    putchardirect             0040AC RLA    
decax1                    0040C8 RLA    decsp4                    0040CF RLA    
gotoxy                    0040DC RLA    imul16x16r32              0040ED RLA    
popax                     004118 RLA    incsp2                    004120 RLA    
negeax                    00412E RLA    negax                     004150 RLA    
popa                      00415E RLA    pusha                     00416E RLA    
pushax                    004184 RLA    _strlen                   00419A RLA    
_tgi_install              0041B0 RLA    tgi_inv_arg               004206 RLA    
_tgi_uninstall            00421D RLA    tgi_clippedline           0042F3 RLA    
tgi_curtoxy               004412 RLA    _tgi_done                 004427 RLA    
_tgi_gettextwidth         004435 RLA    _tgi_getxres              00448C RLA    
_tgi_getyres              004493 RLA    tgi_imulround             0044A1 RLA    
_tgi_init                 0044BF RLA    tgi_outcode               004517 RLA    
_tgi_outtext              004558 RLA    _tgi_outtextxy            0045E9 RLA    
_tgi_setcolor             00460A RLA    _tgi_settextstyle         00461D RLA    
_tgi_vectorchar           0046A3 RLA    _toascii                  004736 RLA    
udiv32by16r16             004739 RLA    umul16x16r32              00476A RLA    
umul16x16r32m             00476E RLA    umul8x16r24               004796 RLA    
umul8x16r16               004796 RLA    zerobss                   0047C3 RLA    
__DESTRUCTOR_TABLE__      004E69 RLA    tgi_init                  004E9B RLA    
tgi_done                  004E9E RLA    tgi_geterror              004EA1 RLA    
tgi_setviewpage           004EAA RLA    tgi_setdrawpage           004EAD RLA    
tgi_setcolor              004EB0 RLA    tgi_setpalette            004EB3 RLA    
tgi_getdefpalette         004EB9 RLA    tgi_line                  004EC2 RLA    
tgi_outtext               004ECB RLA    _a2_hi_tgi                004ECE RLA    
initlib                   004F22 RLA    __BSS_RUN__               004F22 RLA    
__ONCE_RUN__              004F22 RLA    cursor                    004F22 RLA    
__ONCE_LOAD__             004F22 RLA    _tgi_error                004F25 RLA    
_tgi_gmode                004F26 RLA    _tgi_curx                 004F27 RLA    
_tgi_cury                 004F29 RLA    _tgi_color                004F2B RLA    
_tgi_font                 004F2C RLA    _tgi_textdir              004F2D RLA    
_tgi_vectorfont           004F2E RLA    _tgi_textscalew           004F30 RLA    
_tgi_charwidth            004F34 RLA    _tgi_textscaleh           004F36 RLA    
_tgi_xmax                 004F3C RLA    _tgi_ymax                 004F3E RLA    
_tgi_xres                 004F40 RLA    _tgi_yres                 004F42 RLA    
_tgi_colorcount           004F44 RLA    _tgi_fontwidth            004F46 RLA    
_tgi_fontheight           004F47 RLA    _tgi_flags                004F4A RLA    
tgi_clip_x1               004F53 RLA    tgi_clip_y1               004F55 RLA    
tgi_clip_x2               004F57 RLA    tgi_clip_y2               004F59 RLA    
__MAIN_LAST__             004F98 RLA    __CONSTRUCTOR_TABLE__     004F98 RLA    
__HIMEM__                 009600 REA    __LCADDR__                00D400 REA    
__LC_LAST__               00D400 RLA    __LC_START__              00D400 RLA    



Imports list:
-------------
VTABZ (vtabz.o):
    gotoxy.o                  apple2/gotoxy.s:9
    cputc.o                   apple2/cputc.s:13
__BSS_RUN__ ([linker generated]):
    zerobss.o                 common/zerobss.s:8
__BSS_SIZE__ ([linker generated]):
    zerobss.o                 common/zerobss.s:8
__CONSTRUCTOR_COUNT__ ([linker generated]):
    condes.o                  runtime/condes.s:18
__CONSTRUCTOR_TABLE__ ([linker generated]):
    condes.o                  runtime/condes.s:18
__DESTRUCTOR_COUNT__ ([linker generated]):
    condes.o                  runtime/condes.s:19
__DESTRUCTOR_TABLE__ ([linker generated]):
    condes.o                  runtime/condes.s:19
__EXEHDR__ (exehdr.o):
    [linker generated]        /cygdrive/c/Users/Craig Vella/Documents/GitHub/cc65/cfg/apple2-hgr.cfg:7
__FILETYPE__ ([linker generated]):
    exehdr.o                  apple2/exehdr.s:9
__HIMEM__ ([linker generated]):
    [linker generated]        /cygdrive/c/Users/Craig Vella/Documents/GitHub/cc65/cfg/apple2-hgr.cfg:18
    [linker generated]        /cygdrive/c/Users/Craig Vella/Documents/GitHub/cc65/cfg/apple2-hgr.cfg:17
__LCADDR__ ([linker generated]):
    [linker generated]        /cygdrive/c/Users/Craig Vella/Documents/GitHub/cc65/cfg/apple2-hgr.cfg:19
__LCSIZE__ ([linker generated]):
    [linker generated]        /cygdrive/c/Users/Craig Vella/Documents/GitHub/cc65/cfg/apple2-hgr.cfg:19
__LC_LAST__ ([linker generated]):
    crt0.o                    apple2/crt0.s:13
__LC_START__ ([linker generated]):
    crt0.o                    apple2/crt0.s:13
__MAIN_LAST__ ([linker generated]):
    exehdr.o                  apple2/exehdr.s:10
__MAIN_START__ ([linker generated]):
    exehdr.o                  apple2/exehdr.s:10
__ONCE_LOAD__ ([linker generated]):
    crt0.o                    apple2/crt0.s:12
__ONCE_RUN__ ([linker generated]):
    [linker generated]        /cygdrive/c/Users/Craig Vella/Documents/GitHub/cc65/cfg/apple2-hgr.cfg:18
    [linker generated]        /cygdrive/c/Users/Craig Vella/Documents/GitHub/cc65/cfg/apple2-hgr.cfg:18
__ONCE_SIZE__ ([linker generated]):
    crt0.o                    apple2/crt0.s:12
__STACKSIZE__ ([linker generated]):
    [linker generated]        /cygdrive/c/Users/Craig Vella/Documents/GitHub/cc65/cfg/apple2-hgr.cfg:18
__STARTUP__ (crt0.o):
    hgrtest.o                 hgrtest.s:13
_a2_hi_tgi (a2.hi-tgi.o):
    hgrtest.o                 hgrtest.s:14
_cgetc (cgetc.o):
    hgrtest.o                 hgrtest.s:20
_exit (crt0.o):
    libref.o                  apple2/libref.s:6
_main (hgrtest.o):
    callmain.o                runtime/callmain.s:11
_strlen (strlen.o):
    tgi_gettextwidth.o        tgi/tgi_gettextwidth.s:10
_tgi_charwidth (tgi-kernel.o):
    tgi_gettextwidth.o        /cygdrive/c/Users/Craig Vella/Documents/GitHub/cc65/asminc/tgi-kernel.inc:126
_tgi_color (tgi-kernel.o):
    tgi_setcolor.o            /cygdrive/c/Users/Craig Vella/Documents/GitHub/cc65/asminc/tgi-kernel.inc:120
_tgi_colorcount (tgi-kernel.o):
    tgi_setcolor.o            /cygdrive/c/Users/Craig Vella/Documents/GitHub/cc65/asminc/tgi-kernel.inc:132
_tgi_curx (tgi-kernel.o):
    tgi_curtoxy.o             /cygdrive/c/Users/Craig Vella/Documents/GitHub/cc65/asminc/tgi-kernel.inc:118
    tgi_vectorchar.o          /cygdrive/c/Users/Craig Vella/Documents/GitHub/cc65/asminc/tgi-kernel.inc:118
    tgi_outtext.o             /cygdrive/c/Users/Craig Vella/Documents/GitHub/cc65/asminc/tgi-kernel.inc:118
    tgi_outtextxy.o           /cygdrive/c/Users/Craig Vella/Documents/GitHub/cc65/asminc/tgi-kernel.inc:118
_tgi_cury (tgi-kernel.o):
    tgi_curtoxy.o             /cygdrive/c/Users/Craig Vella/Documents/GitHub/cc65/asminc/tgi-kernel.inc:119
    tgi_outtextxy.o           /cygdrive/c/Users/Craig Vella/Documents/GitHub/cc65/asminc/tgi-kernel.inc:119
_tgi_done (tgi_done.o):
    tgi_init.o                /cygdrive/c/Users/Craig Vella/Documents/GitHub/cc65/asminc/tgi-kernel.inc:193
    tgi-kernel.o              /cygdrive/c/Users/Craig Vella/Documents/GitHub/cc65/asminc/tgi-kernel.inc:193
_tgi_error (tgi-kernel.o):
    tgi_init.o                /cygdrive/c/Users/Craig Vella/Documents/GitHub/cc65/asminc/tgi-kernel.inc:116
_tgi_flags (tgi-kernel.o):
    tgi_settextstyle.o        /cygdrive/c/Users/Craig Vella/Documents/GitHub/cc65/asminc/tgi-kernel.inc:137
_tgi_font (tgi-kernel.o):
    tgi_gettextwidth.o        /cygdrive/c/Users/Craig Vella/Documents/GitHub/cc65/asminc/tgi-kernel.inc:121
    tgi_outtext.o             /cygdrive/c/Users/Craig Vella/Documents/GitHub/cc65/asminc/tgi-kernel.inc:121
    tgi_settextstyle.o        /cygdrive/c/Users/Craig Vella/Documents/GitHub/cc65/asminc/tgi-kernel.inc:121
_tgi_fontheight (tgi-kernel.o):
    tgi_settextstyle.o        /cygdrive/c/Users/Craig Vella/Documents/GitHub/cc65/asminc/tgi-kernel.inc:135
_tgi_fontwidth (tgi-kernel.o):
    tgi_settextstyle.o        /cygdrive/c/Users/Craig Vella/Documents/GitHub/cc65/asminc/tgi-kernel.inc:134
_tgi_gettextwidth (tgi_gettextwidth.o):
    tgi_outtext.o             /cygdrive/c/Users/Craig Vella/Documents/GitHub/cc65/asminc/tgi-kernel.inc:208
_tgi_getxres (tgi_getxres.o):
    tgi_init.o                /cygdrive/c/Users/Craig Vella/Documents/GitHub/cc65/asminc/tgi-kernel.inc:209
_tgi_getyres (tgi_getyres.o):
    tgi_init.o                /cygdrive/c/Users/Craig Vella/Documents/GitHub/cc65/asminc/tgi-kernel.inc:210
_tgi_gmode (tgi-kernel.o):
    tgi_init.o                /cygdrive/c/Users/Craig Vella/Documents/GitHub/cc65/asminc/tgi-kernel.inc:117
    tgi_done.o                /cygdrive/c/Users/Craig Vella/Documents/GitHub/cc65/asminc/tgi-kernel.inc:117
_tgi_init (tgi_init.o):
    hgrtest.o                 hgrtest.s:17
_tgi_install (tgi-kernel.o):
    hgrtest.o                 hgrtest.s:15
_tgi_outtext (tgi_outtext.o):
    tgi_outtextxy.o           /cygdrive/c/Users/Craig Vella/Documents/GitHub/cc65/asminc/tgi-kernel.inc:220
_tgi_outtextxy (tgi_outtextxy.o):
    hgrtest.o                 hgrtest.s:19
_tgi_setcolor (tgi_setcolor.o):
    tgi_init.o                /cygdrive/c/Users/Craig Vella/Documents/GitHub/cc65/asminc/tgi-kernel.inc:224
    hgrtest.o                 hgrtest.s:18
_tgi_settextstyle (tgi_settextstyle.o):
    tgi_init.o                /cygdrive/c/Users/Craig Vella/Documents/GitHub/cc65/asminc/tgi-kernel.inc:230
_tgi_textdir (tgi-kernel.o):
    tgi_vectorchar.o          /cygdrive/c/Users/Craig Vella/Documents/GitHub/cc65/asminc/tgi-kernel.inc:122
    tgi_outtext.o             /cygdrive/c/Users/Craig Vella/Documents/GitHub/cc65/asminc/tgi-kernel.inc:122
    tgi_settextstyle.o        /cygdrive/c/Users/Craig Vella/Documents/GitHub/cc65/asminc/tgi-kernel.inc:122
_tgi_textscaleh (tgi-kernel.o):
    tgi_vectorchar.o          /cygdrive/c/Users/Craig Vella/Documents/GitHub/cc65/asminc/tgi-kernel.inc:125
_tgi_textscalew (tgi-kernel.o):
    tgi_gettextwidth.o        /cygdrive/c/Users/Craig Vella/Documents/GitHub/cc65/asminc/tgi-kernel.inc:124
    tgi_vectorchar.o          /cygdrive/c/Users/Craig Vella/Documents/GitHub/cc65/asminc/tgi-kernel.inc:124
    tgi_outtext.o             /cygdrive/c/Users/Craig Vella/Documents/GitHub/cc65/asminc/tgi-kernel.inc:124
    tgi_settextstyle.o        /cygdrive/c/Users/Craig Vella/Documents/GitHub/cc65/asminc/tgi-kernel.inc:124
_tgi_uninstall (tgi-kernel.o):
    hgrtest.o                 hgrtest.s:16
_tgi_vectorchar (tgi_vectorchar.o):
    tgi_outtext.o             /cygdrive/c/Users/Craig Vella/Documents/GitHub/cc65/asminc/tgi-vectorfont.inc:67
_tgi_vectorfont (tgi-kernel.o):
    tgi_gettextwidth.o        /cygdrive/c/Users/Craig Vella/Documents/GitHub/cc65/asminc/tgi-kernel.inc:123
    tgi_vectorchar.o          /cygdrive/c/Users/Craig Vella/Documents/GitHub/cc65/asminc/tgi-kernel.inc:123
    tgi_outtext.o             /cygdrive/c/Users/Craig Vella/Documents/GitHub/cc65/asminc/tgi-kernel.inc:123
_tgi_xmax (tgi-kernel.o):
    tgi_clippedline.o         /cygdrive/c/Users/Craig Vella/Documents/GitHub/cc65/asminc/tgi-kernel.inc:130
    tgi_init.o                /cygdrive/c/Users/Craig Vella/Documents/GitHub/cc65/asminc/tgi-kernel.inc:130
_tgi_xres (tgi-kernel.o):
    tgi_outcode.o             /cygdrive/c/Users/Craig Vella/Documents/GitHub/cc65/asminc/tgi-kernel.inc:128
    tgi_getxres.o             /cygdrive/c/Users/Craig Vella/Documents/GitHub/cc65/asminc/tgi-kernel.inc:128
_tgi_ymax (tgi-kernel.o):
    tgi_clippedline.o         /cygdrive/c/Users/Craig Vella/Documents/GitHub/cc65/asminc/tgi-kernel.inc:131
    tgi_init.o                /cygdrive/c/Users/Craig Vella/Documents/GitHub/cc65/asminc/tgi-kernel.inc:131
_tgi_yres (tgi-kernel.o):
    tgi_outcode.o             /cygdrive/c/Users/Craig Vella/Documents/GitHub/cc65/asminc/tgi-kernel.inc:129
    tgi_getyres.o             /cygdrive/c/Users/Craig Vella/Documents/GitHub/cc65/asminc/tgi-kernel.inc:129
_toascii (toascii.o):
    tgi_gettextwidth.o        tgi/tgi_gettextwidth.s:10
    tgi_outtext.o             tgi/tgi_outtext.s:12
addysp1 (addysp.o):
    tgi_outtextxy.o           tgi/tgi_outtextxy.s:10
callmain (callmain.o):
    crt0.o                    apple2/crt0.s:11
cursor (_cursor.o):
    cgetc.o                   apple2/cgetc.s:10
decax1 (decax1.o):
    tgi_init.o                tgi/tgi_init.s:11
decsp4 (decsp4.o):
    hgrtest.o                 hgrtest.s:87
donelib (condes.o):
    crt0.o                    apple2/crt0.s:10
gotoxy (gotoxy.o):
    cputc.o                   apple2/cputc.s:13
imul16x16r32 (imul16x16r32.o):
    tgi_imulround.o           tgi/tgi_imulround.s:14
incsp2 (incsp2.o):
    hgrtest.o                 hgrtest.s:87
initlib (condes.o):
    crt0.o                    apple2/crt0.s:10
negax (negabs.o):
    imul16x16r32.o            runtime/imul16x16r32.s:8
    tgi_clippedline.o         tgi/tgi_clippedline.s:9
    tgi_outtext.o             tgi/tgi_outtext.s:13
negeax (lneg.o):
    imul16x16r32.o            runtime/imul16x16r32.s:8
popa (popa.o):
    tgi_settextstyle.o        tgi/tgi_settextstyle.s:10
    gotoxy.o                  apple2/gotoxy.s:9
popax (incsp2.o):
    tgi_imulround.o           tgi/tgi_imulround.s:14
    tgi_settextstyle.o        tgi/tgi_settextstyle.s:10
ptr1 (zeropage.o):
    imul16x16r32.o            /cygdrive/c/Users/Craig Vella/Documents/GitHub/cc65/asminc/zeropage.inc:12
    umul16x16r32.o            /cygdrive/c/Users/Craig Vella/Documents/GitHub/cc65/asminc/zeropage.inc:12
    udiv32by16r16.o           /cygdrive/c/Users/Craig Vella/Documents/GitHub/cc65/asminc/zeropage.inc:12
    tgi_imulround.o           /cygdrive/c/Users/Craig Vella/Documents/GitHub/cc65/asminc/zeropage.inc:12
    tgi_gettextwidth.o        /cygdrive/c/Users/Craig Vella/Documents/GitHub/cc65/asminc/zeropage.inc:12
    tgi_curtoxy.o             tgi/tgi_curtoxy.s:9
    tgi_clippedline.o         /cygdrive/c/Users/Craig Vella/Documents/GitHub/cc65/asminc/zeropage.inc:12
    tgi_vectorchar.o          /cygdrive/c/Users/Craig Vella/Documents/GitHub/cc65/asminc/zeropage.inc:12
    tgi_outtext.o             /cygdrive/c/Users/Craig Vella/Documents/GitHub/cc65/asminc/zeropage.inc:12
    a2.hi-tgi.o               /cygdrive/c/Users/Craig Vella/Documents/GitHub/cc65/asminc/zeropage.inc:12
    zerobss.o                 common/zerobss.s:9
    umul8x16r24.o             /cygdrive/c/Users/Craig Vella/Documents/GitHub/cc65/asminc/zeropage.inc:12
    tgi_settextstyle.o        /cygdrive/c/Users/Craig Vella/Documents/GitHub/cc65/asminc/zeropage.inc:12
    tgi_init.o                tgi/tgi_init.s:12
    tgi-kernel.o              tgi/tgi-kernel.s:8
ptr2 (zeropage.o):
    strlen.o                  common/strlen.s:12
    udiv32by16r16.o           /cygdrive/c/Users/Craig Vella/Documents/GitHub/cc65/asminc/zeropage.inc:12
    tgi_gettextwidth.o        /cygdrive/c/Users/Craig Vella/Documents/GitHub/cc65/asminc/zeropage.inc:12
    tgi_curtoxy.o             tgi/tgi_curtoxy.s:9
    tgi_clippedline.o         /cygdrive/c/Users/Craig Vella/Documents/GitHub/cc65/asminc/zeropage.inc:12
    a2.hi-tgi.o               /cygdrive/c/Users/Craig Vella/Documents/GitHub/cc65/asminc/zeropage.inc:12
ptr3 (zeropage.o):
    imul16x16r32.o            /cygdrive/c/Users/Craig Vella/Documents/GitHub/cc65/asminc/zeropage.inc:12
    umul16x16r32.o            /cygdrive/c/Users/Craig Vella/Documents/GitHub/cc65/asminc/zeropage.inc:12
    udiv32by16r16.o           /cygdrive/c/Users/Craig Vella/Documents/GitHub/cc65/asminc/zeropage.inc:12
    tgi_gettextwidth.o        /cygdrive/c/Users/Craig Vella/Documents/GitHub/cc65/asminc/zeropage.inc:12
    tgi_outtext.o             /cygdrive/c/Users/Craig Vella/Documents/GitHub/cc65/asminc/zeropage.inc:12
    a2.hi-tgi.o               /cygdrive/c/Users/Craig Vella/Documents/GitHub/cc65/asminc/zeropage.inc:12
    umul8x16r24.o             /cygdrive/c/Users/Craig Vella/Documents/GitHub/cc65/asminc/zeropage.inc:12
ptr4 (zeropage.o):
    a2.hi-tgi.o               /cygdrive/c/Users/Craig Vella/Documents/GitHub/cc65/asminc/zeropage.inc:12
pusha (pusha.o):
    tgi_init.o                tgi/tgi_init.s:11
pushax (pushax.o):
    callmain.o                runtime/callmain.s:11
    tgi_init.o                tgi/tgi_init.s:11
    hgrtest.o                 hgrtest.s:87
putchardirect (cputc.o):
    cgetc.o                   apple2/cgetc.s:10
regbank (zeropage.o):
    tgi_vectorchar.o          /cygdrive/c/Users/Craig Vella/Documents/GitHub/cc65/asminc/zeropage.inc:14
    tgi_outtext.o             /cygdrive/c/Users/Craig Vella/Documents/GitHub/cc65/asminc/zeropage.inc:14
sp (zeropage.o):
    pusha.o                   runtime/pusha.s:8
    addysp.o                  runtime/addysp.s:8
    tgi_outtextxy.o           tgi/tgi_outtextxy.s:11
    pushax.o                  runtime/pushax.s:8
    popa.o                    runtime/popa.s:8
    incsp2.o                  runtime/incsp2.s:8
    decsp4.o                  runtime/decsp4.s:8
    crt0.o                    /cygdrive/c/Users/Craig Vella/Documents/GitHub/cc65/asminc/zeropage.inc:11
    hgrtest.o                 hgrtest.s:10
sreg (zeropage.o):
    lneg.o                    runtime/lneg.s:11
    umul16x16r32.o            /cygdrive/c/Users/Craig Vella/Documents/GitHub/cc65/asminc/zeropage.inc:11
    udiv32by16r16.o           /cygdrive/c/Users/Craig Vella/Documents/GitHub/cc65/asminc/zeropage.inc:11
    tgi_imulround.o           /cygdrive/c/Users/Craig Vella/Documents/GitHub/cc65/asminc/zeropage.inc:11
    tgi_clippedline.o         /cygdrive/c/Users/Craig Vella/Documents/GitHub/cc65/asminc/zeropage.inc:11
    umul8x16r24.o             /cygdrive/c/Users/Craig Vella/Documents/GitHub/cc65/asminc/zeropage.inc:11
tgi_clip_x1 (tgi_outcode.o):
    tgi_clippedline.o         /cygdrive/c/Users/Craig Vella/Documents/GitHub/cc65/asminc/tgi-kernel.inc:142
    tgi_vectorchar.o          /cygdrive/c/Users/Craig Vella/Documents/GitHub/cc65/asminc/tgi-kernel.inc:142
tgi_clip_x2 (tgi_outcode.o):
    tgi_clippedline.o         /cygdrive/c/Users/Craig Vella/Documents/GitHub/cc65/asminc/tgi-kernel.inc:144
tgi_clip_y1 (tgi_outcode.o):
    tgi_clippedline.o         /cygdrive/c/Users/Craig Vella/Documents/GitHub/cc65/asminc/tgi-kernel.inc:143
tgi_clip_y2 (tgi_outcode.o):
    tgi_clippedline.o         /cygdrive/c/Users/Craig Vella/Documents/GitHub/cc65/asminc/tgi-kernel.inc:145
tgi_clippedline (tgi_clippedline.o):
    tgi_vectorchar.o          /cygdrive/c/Users/Craig Vella/Documents/GitHub/cc65/asminc/tgi-kernel.inc:174
tgi_color_white (tgi_colors.o):
    tgi_init.o                /cygdrive/c/Users/Craig Vella/Documents/GitHub/cc65/asminc/tgi-kernel.inc:110
tgi_curtoxy (tgi_curtoxy.o):
    tgi_outtext.o             /cygdrive/c/Users/Craig Vella/Documents/GitHub/cc65/asminc/tgi-kernel.inc:175
tgi_done (tgi-kernel.o):
    tgi_done.o                /cygdrive/c/Users/Craig Vella/Documents/GitHub/cc65/asminc/tgi-kernel.inc:153
tgi_getdefpalette (tgi-kernel.o):
    tgi_init.o                /cygdrive/c/Users/Craig Vella/Documents/GitHub/cc65/asminc/tgi-kernel.inc:162
tgi_geterror (tgi-kernel.o):
    tgi_init.o                /cygdrive/c/Users/Craig Vella/Documents/GitHub/cc65/asminc/tgi-kernel.inc:154
tgi_imulround (tgi_imulround.o):
    tgi_gettextwidth.o        /cygdrive/c/Users/Craig Vella/Documents/GitHub/cc65/asminc/tgi-kernel.inc:177
    tgi_vectorchar.o          /cygdrive/c/Users/Craig Vella/Documents/GitHub/cc65/asminc/tgi-kernel.inc:177
    tgi_outtext.o             /cygdrive/c/Users/Craig Vella/Documents/GitHub/cc65/asminc/tgi-kernel.inc:177
tgi_init (tgi-kernel.o):
    tgi_init.o                /cygdrive/c/Users/Craig Vella/Documents/GitHub/cc65/asminc/tgi-kernel.inc:152
tgi_inv_arg (tgi-kernel.o):
    tgi_setcolor.o            /cygdrive/c/Users/Craig Vella/Documents/GitHub/cc65/asminc/tgi-kernel.inc:178
tgi_libref (libref.o):
    tgi-kernel.o              tgi/tgi-kernel.s:7
tgi_line (tgi-kernel.o):
    tgi_clippedline.o         /cygdrive/c/Users/Craig Vella/Documents/GitHub/cc65/asminc/tgi-kernel.inc:165
tgi_outcode (tgi_outcode.o):
    tgi_clippedline.o         /cygdrive/c/Users/Craig Vella/Documents/GitHub/cc65/asminc/tgi-kernel.inc:181
tgi_outtext (tgi-kernel.o):
    tgi_outtext.o             /cygdrive/c/Users/Craig Vella/Documents/GitHub/cc65/asminc/tgi-kernel.inc:168
tgi_setcolor (tgi-kernel.o):
    tgi_setcolor.o            /cygdrive/c/Users/Craig Vella/Documents/GitHub/cc65/asminc/tgi-kernel.inc:159
tgi_setdrawpage (tgi-kernel.o):
    tgi_init.o                /cygdrive/c/Users/Craig Vella/Documents/GitHub/cc65/asminc/tgi-kernel.inc:158
tgi_setpalette (tgi-kernel.o):
    tgi_init.o                /cygdrive/c/Users/Craig Vella/Documents/GitHub/cc65/asminc/tgi-kernel.inc:160
tgi_setviewpage (tgi-kernel.o):
    tgi_init.o                /cygdrive/c/Users/Craig Vella/Documents/GitHub/cc65/asminc/tgi-kernel.inc:157
tmp1 (zeropage.o):
    imul16x16r32.o            /cygdrive/c/Users/Craig Vella/Documents/GitHub/cc65/asminc/zeropage.inc:13
    tgi_outcode.o             /cygdrive/c/Users/Craig Vella/Documents/GitHub/cc65/asminc/zeropage.inc:13
    tgi_clippedline.o         /cygdrive/c/Users/Craig Vella/Documents/GitHub/cc65/asminc/zeropage.inc:13
    a2.hi-tgi.o               /cygdrive/c/Users/Craig Vella/Documents/GitHub/cc65/asminc/zeropage.inc:13
    tgi_settextstyle.o        /cygdrive/c/Users/Craig Vella/Documents/GitHub/cc65/asminc/zeropage.inc:13
udiv32by16r16 (udiv32by16r16.o):
    tgi_clippedline.o         tgi/tgi_clippedline.s:8
umul16x16r32 (umul16x16r32.o):
    tgi_clippedline.o         tgi/tgi_clippedline.s:8
umul16x16r32m (umul16x16r32.o):
    imul16x16r32.o            runtime/imul16x16r32.s:8
umul8x16r16 (umul8x16r24.o):
    tgi_gettextwidth.o        tgi/tgi_gettextwidth.s:11
umul8x16r24 (umul8x16r24.o):
    tgi_settextstyle.o        tgi/tgi_settextstyle.s:9
zerobss (zerobss.o):
    crt0.o                    apple2/crt0.s:11

