Modules list:
-------------
getidres.o:
    DIRENTRY          Offs=000000  Size=00003A  Align=00001  Fill=0000
    FILEINFO          Offs=000000  Size=0000B2  Align=00001  Fill=0000
getid.o:
    CODE              Offs=000000  Size=000036  Align=00001  Fill=0000
    RODATA            Offs=000000  Size=000029  Align=00001  Fill=0000
    DATA              Offs=000000  Size=00000C  Align=00001  Fill=0000
/cygdrive/c/Users/Craig Vella/Documents/GitHub/cc65/lib/geos-cbm.lib(_cursor.o):
    BSS               Offs=000000  Size=000001  Align=00001  Fill=0000
/cygdrive/c/Users/Craig Vella/Documents/GitHub/cc65/lib/geos-cbm.lib(_hextab.o):
    RODATA            Offs=000029  Size=000010  Align=00001  Fill=0000
/cygdrive/c/Users/Craig Vella/Documents/GitHub/cc65/lib/geos-cbm.lib(_scrsize.o):
    CODE              Offs=000036  Size=000007  Align=00001  Fill=0000
    ONCE              Offs=000000  Size=00001A  Align=00001  Fill=0000
    INIT              Offs=000000  Size=000002  Align=00001  Fill=0000
/cygdrive/c/Users/Craig Vella/Documents/GitHub/cc65/lib/geos-cbm.lib(callmain.o):
    CODE              Offs=00003D  Size=000017  Align=00001  Fill=0000
    DATA              Offs=00000C  Size=000004  Align=00001  Fill=0000
/cygdrive/c/Users/Craig Vella/Documents/GitHub/cc65/lib/geos-cbm.lib(condes.o):
    CODE              Offs=000054  Size=00000C  Align=00001  Fill=0000
    DATA              Offs=000010  Size=000025  Align=00001  Fill=0000
    ONCE              Offs=00001A  Size=00000C  Align=00001  Fill=0000
/cygdrive/c/Users/Craig Vella/Documents/GitHub/cc65/lib/geos-cbm.lib(cputc.o):
    CODE              Offs=000060  Size=000055  Align=00001  Fill=0000
/cygdrive/c/Users/Craig Vella/Documents/GitHub/cc65/lib/geos-cbm.lib(cputhex.o):
    CODE              Offs=0000B5  Size=00001C  Align=00001  Fill=0000
/cygdrive/c/Users/Craig Vella/Documents/GitHub/cc65/lib/geos-cbm.lib(cputs.o):
    CODE              Offs=0000D1  Size=000023  Align=00001  Fill=0000
/cygdrive/c/Users/Craig Vella/Documents/GitHub/cc65/lib/geos-cbm.lib(crt0.o):
    STARTUP           Offs=000000  Size=000021  Align=00001  Fill=0000
/cygdrive/c/Users/Craig Vella/Documents/GitHub/cc65/lib/geos-cbm.lib(cursor.o):
    CODE              Offs=0000F4  Size=00000A  Align=00001  Fill=0000
/cygdrive/c/Users/Craig Vella/Documents/GitHub/cc65/lib/geos-cbm.lib(domenu.o):
    CODE              Offs=0000FE  Size=000009  Align=00001  Fill=0000
/cygdrive/c/Users/Craig Vella/Documents/GitHub/cc65/lib/geos-cbm.lib(extzp.o):
    EXTZP             Offs=000000  Size=000005  Align=00001  Fill=0000
/cygdrive/c/Users/Craig Vella/Documents/GitHub/cc65/lib/geos-cbm.lib(getserialnumber.o):
    CODE              Offs=000107  Size=000008  Align=00001  Fill=0000
/cygdrive/c/Users/Craig Vella/Documents/GitHub/cc65/lib/geos-cbm.lib(gotoxy.o):
    CODE              Offs=00010F  Size=00002B  Align=00001  Fill=0000
/cygdrive/c/Users/Craig Vella/Documents/GitHub/cc65/lib/geos-cbm.lib(graphicsstring.o):
    CODE              Offs=00013A  Size=000007  Align=00001  Fill=0000
/cygdrive/c/Users/Craig Vella/Documents/GitHub/cc65/lib/geos-cbm.lib(mainloop.o):
/cygdrive/c/Users/Craig Vella/Documents/GitHub/cc65/lib/geos-cbm.lib(popa.o):
    CODE              Offs=000141  Size=00000C  Align=00001  Fill=0000
/cygdrive/c/Users/Craig Vella/Documents/GitHub/cc65/lib/geos-cbm.lib(pusha.o):
    CODE              Offs=00014D  Size=000016  Align=00001  Fill=0000
/cygdrive/c/Users/Craig Vella/Documents/GitHub/cc65/lib/geos-cbm.lib(pushax.o):
    CODE              Offs=000163  Size=00001A  Align=00001  Fill=0000
/cygdrive/c/Users/Craig Vella/Documents/GitHub/cc65/lib/geos-cbm.lib(zerobss.o):
    CODE              Offs=00017D  Size=000013  Align=00001  Fill=0000
/cygdrive/c/Users/Craig Vella/Documents/GitHub/cc65/lib/geos-cbm.lib(zeropage.o):
    ZEROPAGE          Offs=000000  Size=00001A  Align=00001  Fill=0000


Segment list:
-------------
Name                   Start     End    Size  Align
----------------------------------------------------
DIRENTRY              000000  000039  00003A  00001
ZEROPAGE              000058  000071  00001A  00001
EXTZP                 000072  000076  000005  00001
FILEINFO              0000FE  0001AF  0000B2  00001
STARTUP               000400  000420  000021  00001
ONCE                  000421  000448  000028  00001
CODE                  000449  0005D8  000190  00001
RODATA                0005D9  000611  000039  00001
DATA                  000612  000646  000035  00001
INIT                  000647  000648  000002  00001
BSS                   000649  000649  000001  00001


Exports list by name:
---------------------
_DoMenu                   000547 RLA    _GetSerialNumber          000550 RLA    
_GraphicsString           000583 RLA    _MainLoop                 00C1C3 REA    
__BACKBUFSIZE__           002000 REA    __BSS_RUN__               000649 RLA    
__BSS_SIZE__              000001 REA    __CONSTRUCTOR_COUNT__     000001 REA    
__CONSTRUCTOR_TABLE__     000447 RLA    __DESTRUCTOR_COUNT__      000000 REA    
__DESTRUCTOR_TABLE__      000612 RLA    __HIMEM__                 006000 REA    
__OVERLAYADDR__           006000 REA    __OVERLAYSIZE__           000000 REA    
__STACKADDR__             005C00 REA    __STACKSIZE__             000400 REA    
__STARTUP_RUN__           000400 RLA    __STARTUP__               000001 REA    
__VLIR0_START__           000400 RLA    __hextab                  000602 RLA    
_cputc                    0004AE RLA    _cputhex16                0004FE RLA    
_cputsxy                  00051A RLA    _cursor                   00053D RLA    
_exit                     00041B RLA    _main                     00044F RLA    
callmain                  000486 RLA    cursor                    000649 RLA    
cursor_c                  000075 RLZ    cursor_r                  000076 RLZ    
cursor_x                  000072 RLZ    cursor_y                  000074 RLZ    
donelib                   00049D RLA    fixcursor                 00056C RLA    
gotoxy                    000562 RLA    initlib                   00043B RLA    
initscrsize               000421  LAI   popa                      00058A RLA    
ptr1                      000060 RLZ    pusha                     00059A RLA    
pushax                    0005B0 RLA    sp                        000058 RLZ    
tmp1                      000068 RLZ    xsize                     000647 RLA    
ysize                     000648 RLA    zerobss                   0005C6 RLA    



Exports list by value:
----------------------
__DESTRUCTOR_COUNT__      000000 REA    __OVERLAYSIZE__           000000 REA    
__STARTUP__               000001 REA    __CONSTRUCTOR_COUNT__     000001 REA    
__BSS_SIZE__              000001 REA    sp                        000058 RLZ    
ptr1                      000060 RLZ    tmp1                      000068 RLZ    
cursor_x                  000072 RLZ    cursor_y                  000074 RLZ    
cursor_c                  000075 RLZ    cursor_r                  000076 RLZ    
__VLIR0_START__           000400 RLA    __STACKSIZE__             000400 REA    
__STARTUP_RUN__           000400 RLA    _exit                     00041B RLA    
initscrsize               000421  LAI   initlib                   00043B RLA    
__CONSTRUCTOR_TABLE__     000447 RLA    _main                     00044F RLA    
callmain                  000486 RLA    donelib                   00049D RLA    
_cputc                    0004AE RLA    _cputhex16                0004FE RLA    
_cputsxy                  00051A RLA    _cursor                   00053D RLA    
_DoMenu                   000547 RLA    _GetSerialNumber          000550 RLA    
gotoxy                    000562 RLA    fixcursor                 00056C RLA    
_GraphicsString           000583 RLA    popa                      00058A RLA    
pusha                     00059A RLA    pushax                    0005B0 RLA    
zerobss                   0005C6 RLA    __hextab                  000602 RLA    
__DESTRUCTOR_TABLE__      000612 RLA    xsize                     000647 RLA    
ysize                     000648 RLA    cursor                    000649 RLA    
__BSS_RUN__               000649 RLA    __BACKBUFSIZE__           002000 REA    
__STACKADDR__             005C00 REA    __OVERLAYADDR__           006000 REA    
__HIMEM__                 006000 REA    _MainLoop                 00C1C3 REA    



Imports list:
-------------
_DoMenu (domenu.o):
    getid.o                   getid.s:16
_GetSerialNumber (getserialnumber.o):
    getid.o                   getid.s:18
_GraphicsString (graphicsstring.o):
    getid.o                   getid.s:15
_MainLoop (mainloop.o):
    getid.o                   getid.s:17
__BACKBUFSIZE__ ([linker generated]):
    crt0.o                    geos-common/system/crt0.s:10
    [linker generated]        /cygdrive/c/Users/Craig Vella/Documents/GitHub/cc65/cfg/geos-cbm.cfg:6
__BSS_RUN__ ([linker generated]):
    zerobss.o                 geos-common/common/zerobss.s:9
__BSS_SIZE__ ([linker generated]):
    zerobss.o                 geos-common/common/zerobss.s:9
__CONSTRUCTOR_COUNT__ ([linker generated]):
    condes.o                  runtime/condes.s:18
__CONSTRUCTOR_TABLE__ ([linker generated]):
    condes.o                  runtime/condes.s:18
__DESTRUCTOR_COUNT__ ([linker generated]):
    condes.o                  runtime/condes.s:19
__DESTRUCTOR_TABLE__ ([linker generated]):
    condes.o                  runtime/condes.s:19
__HIMEM__ ([linker generated]):
    [linker generated]        /cygdrive/c/Users/Craig Vella/Documents/GitHub/cc65/cfg/geos-cbm.cfg:8
__OVERLAYADDR__ ([linker generated]):
    [linker generated]        /cygdrive/c/Users/Craig Vella/Documents/GitHub/cc65/cfg/geos-cbm.cfg:34
    [linker generated]        /cygdrive/c/Users/Craig Vella/Documents/GitHub/cc65/cfg/geos-cbm.cfg:33
    [linker generated]        /cygdrive/c/Users/Craig Vella/Documents/GitHub/cc65/cfg/geos-cbm.cfg:32
    [linker generated]        /cygdrive/c/Users/Craig Vella/Documents/GitHub/cc65/cfg/geos-cbm.cfg:31
    [linker generated]        /cygdrive/c/Users/Craig Vella/Documents/GitHub/cc65/cfg/geos-cbm.cfg:30
    [linker generated]        /cygdrive/c/Users/Craig Vella/Documents/GitHub/cc65/cfg/geos-cbm.cfg:29
    [linker generated]        /cygdrive/c/Users/Craig Vella/Documents/GitHub/cc65/cfg/geos-cbm.cfg:28
    [linker generated]        /cygdrive/c/Users/Craig Vella/Documents/GitHub/cc65/cfg/geos-cbm.cfg:27
    [linker generated]        /cygdrive/c/Users/Craig Vella/Documents/GitHub/cc65/cfg/geos-cbm.cfg:26
    [linker generated]        /cygdrive/c/Users/Craig Vella/Documents/GitHub/cc65/cfg/geos-cbm.cfg:25
    [linker generated]        /cygdrive/c/Users/Craig Vella/Documents/GitHub/cc65/cfg/geos-cbm.cfg:24
    [linker generated]        /cygdrive/c/Users/Craig Vella/Documents/GitHub/cc65/cfg/geos-cbm.cfg:23
    [linker generated]        /cygdrive/c/Users/Craig Vella/Documents/GitHub/cc65/cfg/geos-cbm.cfg:22
    [linker generated]        /cygdrive/c/Users/Craig Vella/Documents/GitHub/cc65/cfg/geos-cbm.cfg:21
    [linker generated]        /cygdrive/c/Users/Craig Vella/Documents/GitHub/cc65/cfg/geos-cbm.cfg:20
    [linker generated]        /cygdrive/c/Users/Craig Vella/Documents/GitHub/cc65/cfg/geos-cbm.cfg:19
    [linker generated]        /cygdrive/c/Users/Craig Vella/Documents/GitHub/cc65/cfg/geos-cbm.cfg:18
    [linker generated]        /cygdrive/c/Users/Craig Vella/Documents/GitHub/cc65/cfg/geos-cbm.cfg:17
    [linker generated]        /cygdrive/c/Users/Craig Vella/Documents/GitHub/cc65/cfg/geos-cbm.cfg:16
    [linker generated]        /cygdrive/c/Users/Craig Vella/Documents/GitHub/cc65/cfg/geos-cbm.cfg:10
__OVERLAYSIZE__ ([linker generated]):
    [linker generated]        /cygdrive/c/Users/Craig Vella/Documents/GitHub/cc65/cfg/geos-cbm.cfg:34
    [linker generated]        /cygdrive/c/Users/Craig Vella/Documents/GitHub/cc65/cfg/geos-cbm.cfg:33
    [linker generated]        /cygdrive/c/Users/Craig Vella/Documents/GitHub/cc65/cfg/geos-cbm.cfg:32
    [linker generated]        /cygdrive/c/Users/Craig Vella/Documents/GitHub/cc65/cfg/geos-cbm.cfg:31
    [linker generated]        /cygdrive/c/Users/Craig Vella/Documents/GitHub/cc65/cfg/geos-cbm.cfg:30
    [linker generated]        /cygdrive/c/Users/Craig Vella/Documents/GitHub/cc65/cfg/geos-cbm.cfg:29
    [linker generated]        /cygdrive/c/Users/Craig Vella/Documents/GitHub/cc65/cfg/geos-cbm.cfg:28
    [linker generated]        /cygdrive/c/Users/Craig Vella/Documents/GitHub/cc65/cfg/geos-cbm.cfg:27
    [linker generated]        /cygdrive/c/Users/Craig Vella/Documents/GitHub/cc65/cfg/geos-cbm.cfg:26
    [linker generated]        /cygdrive/c/Users/Craig Vella/Documents/GitHub/cc65/cfg/geos-cbm.cfg:25
    [linker generated]        /cygdrive/c/Users/Craig Vella/Documents/GitHub/cc65/cfg/geos-cbm.cfg:24
    [linker generated]        /cygdrive/c/Users/Craig Vella/Documents/GitHub/cc65/cfg/geos-cbm.cfg:23
    [linker generated]        /cygdrive/c/Users/Craig Vella/Documents/GitHub/cc65/cfg/geos-cbm.cfg:22
    [linker generated]        /cygdrive/c/Users/Craig Vella/Documents/GitHub/cc65/cfg/geos-cbm.cfg:21
    [linker generated]        /cygdrive/c/Users/Craig Vella/Documents/GitHub/cc65/cfg/geos-cbm.cfg:20
    [linker generated]        /cygdrive/c/Users/Craig Vella/Documents/GitHub/cc65/cfg/geos-cbm.cfg:19
    [linker generated]        /cygdrive/c/Users/Craig Vella/Documents/GitHub/cc65/cfg/geos-cbm.cfg:18
    [linker generated]        /cygdrive/c/Users/Craig Vella/Documents/GitHub/cc65/cfg/geos-cbm.cfg:17
    [linker generated]        /cygdrive/c/Users/Craig Vella/Documents/GitHub/cc65/cfg/geos-cbm.cfg:16
    [linker generated]        /cygdrive/c/Users/Craig Vella/Documents/GitHub/cc65/cfg/geos-cbm.cfg:8
__STACKADDR__ ([linker generated]):
    crt0.o                    geos-common/system/crt0.s:9
    [linker generated]        /cygdrive/c/Users/Craig Vella/Documents/GitHub/cc65/cfg/geos-cbm.cfg:15
__STACKSIZE__ ([linker generated]):
    crt0.o                    geos-common/system/crt0.s:9
    [linker generated]        /cygdrive/c/Users/Craig Vella/Documents/GitHub/cc65/cfg/geos-cbm.cfg:10
__STARTUP_RUN__ ([linker generated]):
    getidres.o                getidres.s:25
__STARTUP__ (crt0.o):
    getid.o                   getid.s:13
__VLIR0_START__ ([linker generated]):
    getidres.o                getidres.s:25
__hextab (_hextab.o):
    cputhex.o                 conio/cputhex.s:10
_cputc (cputc.o):
    cputs.o                   conio/cputs.s:9
    cputhex.o                 conio/cputhex.s:9
_cputhex16 (cputhex.o):
    getid.o                   getid.s:20
_cputsxy (cputs.o):
    getid.o                   getid.s:19
_cursor (cursor.o):
    _scrsize.o                geos-common/conio/_scrsize.s:12
_exit (crt0.o):
    getid.o                   getid.s:14
_main (getid.o):
    callmain.o                runtime/callmain.s:11
callmain (callmain.o):
    crt0.o                    geos-common/system/crt0.s:12
cursor (_cursor.o):
    cursor.o                  conio/cursor.s:8
cursor_c (extzp.o):
    _scrsize.o                geos-common/conio/_scrsize.s:11
    cputc.o                   geos-common/conio/cputc.s:28
    gotoxy.o                  geos-common/conio/gotoxy.s:13
cursor_r (extzp.o):
    _scrsize.o                geos-common/conio/_scrsize.s:11
    cputc.o                   geos-common/conio/cputc.s:28
    gotoxy.o                  geos-common/conio/gotoxy.s:13
cursor_x (extzp.o):
    cputc.o                   geos-common/conio/cputc.s:28
    gotoxy.o                  geos-common/conio/gotoxy.s:13
cursor_y (extzp.o):
    cputc.o                   geos-common/conio/cputc.s:28
    gotoxy.o                  geos-common/conio/gotoxy.s:13
donelib (condes.o):
    crt0.o                    geos-common/system/crt0.s:11
fixcursor (gotoxy.o):
    cputc.o                   geos-common/conio/cputc.s:26
gotoxy (gotoxy.o):
    cputc.o                   geos-common/conio/cputc.s:26
    cputs.o                   conio/cputs.s:9
initlib (condes.o):
    crt0.o                    geos-common/system/crt0.s:11
popa (popa.o):
    gotoxy.o                  geos-common/conio/gotoxy.s:12
ptr1 (zeropage.o):
    cputs.o                   conio/cputs.s:10
pusha (pusha.o):
    getid.o                   getid.s:105
pushax (pushax.o):
    callmain.o                runtime/callmain.s:11
sp (zeropage.o):
    pushax.o                  runtime/pushax.s:8
    pusha.o                   runtime/pusha.s:8
    popa.o                    runtime/popa.s:8
    crt0.o                    geos-common/system/crt0.s:14
tmp1 (zeropage.o):
    cputs.o                   conio/cputs.s:10
xsize (_scrsize.o):
    cputc.o                   geos-common/conio/cputc.s:27
ysize (_scrsize.o):
    cputc.o                   geos-common/conio/cputc.s:27
zerobss (zerobss.o):
    crt0.o                    geos-common/system/crt0.s:13

