Modules list:
-------------
hello1res.o:
    DIRENTRY          Offs=000000  Size=00003A  Align=00001  Fill=0000
    FILEINFO          Offs=000000  Size=0000CF  Align=00001  Fill=0000
hello1.o:
    CODE              Offs=000000  Size=00000E  Align=00001  Fill=0000
    RODATA            Offs=000000  Size=000025  Align=00001  Fill=0000
/cygdrive/c/Users/Craig Vella/Documents/GitHub/cc65/lib/geos-cbm.lib(callmain.o):
    CODE              Offs=00000E  Size=000017  Align=00001  Fill=0000
    DATA              Offs=000000  Size=000004  Align=00001  Fill=0000
/cygdrive/c/Users/Craig Vella/Documents/GitHub/cc65/lib/geos-cbm.lib(condes.o):
    CODE              Offs=000025  Size=00000C  Align=00001  Fill=0000
    DATA              Offs=000004  Size=000025  Align=00001  Fill=0000
    ONCE              Offs=000000  Size=00000C  Align=00001  Fill=0000
/cygdrive/c/Users/Craig Vella/Documents/GitHub/cc65/lib/geos-cbm.lib(crt0.o):
    STARTUP           Offs=000000  Size=000021  Align=00001  Fill=0000
/cygdrive/c/Users/Craig Vella/Documents/GitHub/cc65/lib/geos-cbm.lib(dbget2lines.o):
    CODE              Offs=000031  Size=000024  Align=00001  Fill=0000
    RODATA            Offs=000025  Size=000001  Align=00001  Fill=0000
/cygdrive/c/Users/Craig Vella/Documents/GitHub/cc65/lib/geos-cbm.lib(dlgboxok.o):
    CODE              Offs=000055  Size=00000A  Align=00001  Fill=0000
    RODATA            Offs=000026  Size=00000D  Align=00001  Fill=0000
/cygdrive/c/Users/Craig Vella/Documents/GitHub/cc65/lib/geos-cbm.lib(dodlgbox.o):
    CODE              Offs=00005F  Size=00000C  Align=00001  Fill=0000
/cygdrive/c/Users/Craig Vella/Documents/GitHub/cc65/lib/geos-cbm.lib(incsp2.o):
    CODE              Offs=00006B  Size=000016  Align=00001  Fill=0000
/cygdrive/c/Users/Craig Vella/Documents/GitHub/cc65/lib/geos-cbm.lib(pushax.o):
    CODE              Offs=000081  Size=00001A  Align=00001  Fill=0000
/cygdrive/c/Users/Craig Vella/Documents/GitHub/cc65/lib/geos-cbm.lib(zerobss.o):
    CODE              Offs=00009B  Size=000013  Align=00001  Fill=0000
/cygdrive/c/Users/Craig Vella/Documents/GitHub/cc65/lib/geos-cbm.lib(zeropage.o):
    ZEROPAGE          Offs=000000  Size=00001A  Align=00001  Fill=0000


Segment list:
-------------
Name                   Start     End    Size  Align
----------------------------------------------------
DIRENTRY              000000  000039  00003A  00001
ZEROPAGE              000058  000071  00001A  00001
FILEINFO              0000FE  0001CC  0000CF  00001
STARTUP               000400  000420  000021  00001
ONCE                  000421  00042C  00000C  00001
CODE                  00042D  0004DA  0000AE  00001
RODATA                0004DB  00050D  000033  00001
DATA                  00050E  000536  000029  00001


Exports list by name:
---------------------
DB_get2lines              00045E RLA    _DlgBoxOk                 000482 RLA    
_DoDlgBox                 00048C RLA    __BACKBUFSIZE__           002000 REA    
__BSS_RUN__               000537 RLA    __BSS_SIZE__              000000 REA    
__CONSTRUCTOR_COUNT__     000000 REA    __CONSTRUCTOR_TABLE__     00042D RLA    
__DESTRUCTOR_COUNT__      000000 REA    __DESTRUCTOR_TABLE__      00050E RLA    
__HIMEM__                 006000 REA    __OVERLAYADDR__           006000 REA    
__OVERLAYSIZE__           000000 REA    __STACKADDR__             005C00 REA    
__STACKSIZE__             000400 REA    __STARTUP_RUN__           000400 RLA    
__STARTUP__               000001 REA    __VLIR0_START__           000400 RLA    
_main                     00042D RLA    callmain                  00043B RLA    
donelib                   000452 RLA    initlib                   000421 RLA    
popax                     000498 RLA    ptr3                      000064 RLZ    
ptr4                      000066 RLZ    pushax                    0004B2 RLA    
sp                        000058 RLZ    zerobss                   0004C8 RLA    



Exports list by value:
----------------------
__BSS_SIZE__              000000 REA    __CONSTRUCTOR_COUNT__     000000 REA    
__DESTRUCTOR_COUNT__      000000 REA    __OVERLAYSIZE__           000000 REA    
__STARTUP__               000001 REA    sp                        000058 RLZ    
ptr3                      000064 RLZ    ptr4                      000066 RLZ    
__STACKSIZE__             000400 REA    __STARTUP_RUN__           000400 RLA    
__VLIR0_START__           000400 RLA    initlib                   000421 RLA    
_main                     00042D RLA    __CONSTRUCTOR_TABLE__     00042D RLA    
callmain                  00043B RLA    donelib                   000452 RLA    
DB_get2lines              00045E RLA    _DlgBoxOk                 000482 RLA    
_DoDlgBox                 00048C RLA    popax                     000498 RLA    
pushax                    0004B2 RLA    zerobss                   0004C8 RLA    
__DESTRUCTOR_TABLE__      00050E RLA    __BSS_RUN__               000537 RLA    
__BACKBUFSIZE__           002000 REA    __STACKADDR__             005C00 REA    
__OVERLAYADDR__           006000 REA    __HIMEM__                 006000 REA    



Imports list:
-------------
DB_get2lines (dbget2lines.o):
    dlgboxok.o                geos-common/dlgbox/dlgboxok.s:9
_DlgBoxOk (dlgboxok.o):
    hello1.o                  hello1.s:14
_DoDlgBox (dodlgbox.o):
    dlgboxok.o                geos-common/dlgbox/dlgboxok.s:9
__BACKBUFSIZE__ ([linker generated]):
    crt0.o                    geos-common/system/crt0.s:10
    [linker generated]        /cygdrive/c/Users/Craig Vella/Documents/GitHub/cc65/cfg/geos-cbm.cfg:6
__BSS_RUN__ ([linker generated]):
    zerobss.o                 geos-common/common/zerobss.s:9
__BSS_SIZE__ ([linker generated]):
    zerobss.o                 geos-common/common/zerobss.s:9
__CONSTRUCTOR_COUNT__ ([linker generated]):
    condes.o                  runtime/condes.s:18
__CONSTRUCTOR_TABLE__ ([linker generated]):
    condes.o                  runtime/condes.s:18
__DESTRUCTOR_COUNT__ ([linker generated]):
    condes.o                  runtime/condes.s:19
__DESTRUCTOR_TABLE__ ([linker generated]):
    condes.o                  runtime/condes.s:19
__HIMEM__ ([linker generated]):
    [linker generated]        /cygdrive/c/Users/Craig Vella/Documents/GitHub/cc65/cfg/geos-cbm.cfg:8
__OVERLAYADDR__ ([linker generated]):
    [linker generated]        /cygdrive/c/Users/Craig Vella/Documents/GitHub/cc65/cfg/geos-cbm.cfg:34
    [linker generated]        /cygdrive/c/Users/Craig Vella/Documents/GitHub/cc65/cfg/geos-cbm.cfg:33
    [linker generated]        /cygdrive/c/Users/Craig Vella/Documents/GitHub/cc65/cfg/geos-cbm.cfg:32
    [linker generated]        /cygdrive/c/Users/Craig Vella/Documents/GitHub/cc65/cfg/geos-cbm.cfg:31
    [linker generated]        /cygdrive/c/Users/Craig Vella/Documents/GitHub/cc65/cfg/geos-cbm.cfg:30
    [linker generated]        /cygdrive/c/Users/Craig Vella/Documents/GitHub/cc65/cfg/geos-cbm.cfg:29
    [linker generated]        /cygdrive/c/Users/Craig Vella/Documents/GitHub/cc65/cfg/geos-cbm.cfg:28
    [linker generated]        /cygdrive/c/Users/Craig Vella/Documents/GitHub/cc65/cfg/geos-cbm.cfg:27
    [linker generated]        /cygdrive/c/Users/Craig Vella/Documents/GitHub/cc65/cfg/geos-cbm.cfg:26
    [linker generated]        /cygdrive/c/Users/Craig Vella/Documents/GitHub/cc65/cfg/geos-cbm.cfg:25
    [linker generated]        /cygdrive/c/Users/Craig Vella/Documents/GitHub/cc65/cfg/geos-cbm.cfg:24
    [linker generated]        /cygdrive/c/Users/Craig Vella/Documents/GitHub/cc65/cfg/geos-cbm.cfg:23
    [linker generated]        /cygdrive/c/Users/Craig Vella/Documents/GitHub/cc65/cfg/geos-cbm.cfg:22
    [linker generated]        /cygdrive/c/Users/Craig Vella/Documents/GitHub/cc65/cfg/geos-cbm.cfg:21
    [linker generated]        /cygdrive/c/Users/Craig Vella/Documents/GitHub/cc65/cfg/geos-cbm.cfg:20
    [linker generated]        /cygdrive/c/Users/Craig Vella/Documents/GitHub/cc65/cfg/geos-cbm.cfg:19
    [linker generated]        /cygdrive/c/Users/Craig Vella/Documents/GitHub/cc65/cfg/geos-cbm.cfg:18
    [linker generated]        /cygdrive/c/Users/Craig Vella/Documents/GitHub/cc65/cfg/geos-cbm.cfg:17
    [linker generated]        /cygdrive/c/Users/Craig Vella/Documents/GitHub/cc65/cfg/geos-cbm.cfg:16
    [linker generated]        /cygdrive/c/Users/Craig Vella/Documents/GitHub/cc65/cfg/geos-cbm.cfg:10
__OVERLAYSIZE__ ([linker generated]):
    [linker generated]        /cygdrive/c/Users/Craig Vella/Documents/GitHub/cc65/cfg/geos-cbm.cfg:34
    [linker generated]        /cygdrive/c/Users/Craig Vella/Documents/GitHub/cc65/cfg/geos-cbm.cfg:33
    [linker generated]        /cygdrive/c/Users/Craig Vella/Documents/GitHub/cc65/cfg/geos-cbm.cfg:32
    [linker generated]        /cygdrive/c/Users/Craig Vella/Documents/GitHub/cc65/cfg/geos-cbm.cfg:31
    [linker generated]        /cygdrive/c/Users/Craig Vella/Documents/GitHub/cc65/cfg/geos-cbm.cfg:30
    [linker generated]        /cygdrive/c/Users/Craig Vella/Documents/GitHub/cc65/cfg/geos-cbm.cfg:29
    [linker generated]        /cygdrive/c/Users/Craig Vella/Documents/GitHub/cc65/cfg/geos-cbm.cfg:28
    [linker generated]        /cygdrive/c/Users/Craig Vella/Documents/GitHub/cc65/cfg/geos-cbm.cfg:27
    [linker generated]        /cygdrive/c/Users/Craig Vella/Documents/GitHub/cc65/cfg/geos-cbm.cfg:26
    [linker generated]        /cygdrive/c/Users/Craig Vella/Documents/GitHub/cc65/cfg/geos-cbm.cfg:25
    [linker generated]        /cygdrive/c/Users/Craig Vella/Documents/GitHub/cc65/cfg/geos-cbm.cfg:24
    [linker generated]        /cygdrive/c/Users/Craig Vella/Documents/GitHub/cc65/cfg/geos-cbm.cfg:23
    [linker generated]        /cygdrive/c/Users/Craig Vella/Documents/GitHub/cc65/cfg/geos-cbm.cfg:22
    [linker generated]        /cygdrive/c/Users/Craig Vella/Documents/GitHub/cc65/cfg/geos-cbm.cfg:21
    [linker generated]        /cygdrive/c/Users/Craig Vella/Documents/GitHub/cc65/cfg/geos-cbm.cfg:20
    [linker generated]        /cygdrive/c/Users/Craig Vella/Documents/GitHub/cc65/cfg/geos-cbm.cfg:19
    [linker generated]        /cygdrive/c/Users/Craig Vella/Documents/GitHub/cc65/cfg/geos-cbm.cfg:18
    [linker generated]        /cygdrive/c/Users/Craig Vella/Documents/GitHub/cc65/cfg/geos-cbm.cfg:17
    [linker generated]        /cygdrive/c/Users/Craig Vella/Documents/GitHub/cc65/cfg/geos-cbm.cfg:16
    [linker generated]        /cygdrive/c/Users/Craig Vella/Documents/GitHub/cc65/cfg/geos-cbm.cfg:8
__STACKADDR__ ([linker generated]):
    crt0.o                    geos-common/system/crt0.s:9
    [linker generated]        /cygdrive/c/Users/Craig Vella/Documents/GitHub/cc65/cfg/geos-cbm.cfg:15
__STACKSIZE__ ([linker generated]):
    crt0.o                    geos-common/system/crt0.s:9
    [linker generated]        /cygdrive/c/Users/Craig Vella/Documents/GitHub/cc65/cfg/geos-cbm.cfg:10
__STARTUP_RUN__ ([linker generated]):
    hello1res.o               hello1res.s:25
__STARTUP__ (crt0.o):
    hello1.o                  hello1.s:13
__VLIR0_START__ ([linker generated]):
    hello1res.o               hello1res.s:25
_main (hello1.o):
    callmain.o                runtime/callmain.s:11
callmain (callmain.o):
    crt0.o                    geos-common/system/crt0.s:12
donelib (condes.o):
    crt0.o                    geos-common/system/crt0.s:11
initlib (condes.o):
    crt0.o                    geos-common/system/crt0.s:11
popax (incsp2.o):
    dbget2lines.o             geos-common/dlgbox/dbget2lines.s:8
ptr3 (zeropage.o):
    dbget2lines.o             geos-common/dlgbox/dbget2lines.s:7
    dlgboxok.o                geos-common/dlgbox/dlgboxok.s:10
ptr4 (zeropage.o):
    dbget2lines.o             geos-common/dlgbox/dbget2lines.s:7
    dlgboxok.o                geos-common/dlgbox/dlgboxok.s:10
pushax (pushax.o):
    callmain.o                runtime/callmain.s:11
    hello1.o                  hello1.s:43
sp (zeropage.o):
    incsp2.o                  runtime/incsp2.s:8
    pushax.o                  runtime/pushax.s:8
    crt0.o                    geos-common/system/crt0.s:14
zerobss (zerobss.o):
    crt0.o                    geos-common/system/crt0.s:13

