Modules list:
-------------
yesnores.o:
    DIRENTRY          Offs=000000  Size=00003A  Align=00001  Fill=0000
    FILEINFO          Offs=000000  Size=0000CF  Align=00001  Fill=0000
yesno.o:
    CODE              Offs=000000  Size=000041  Align=00001  Fill=0000
    RODATA            Offs=000000  Size=00008B  Align=00001  Fill=0000
/cygdrive/c/Users/Craig Vella/Documents/GitHub/cc65/lib/geos-cbm.lib(callmain.o):
    CODE              Offs=000041  Size=000017  Align=00001  Fill=0000
    DATA              Offs=000000  Size=000004  Align=00001  Fill=0000
/cygdrive/c/Users/Craig Vella/Documents/GitHub/cc65/lib/geos-cbm.lib(condes.o):
    CODE              Offs=000058  Size=00000C  Align=00001  Fill=0000
    DATA              Offs=000004  Size=000025  Align=00001  Fill=0000
    ONCE              Offs=000000  Size=00000C  Align=00001  Fill=0000
/cygdrive/c/Users/Craig Vella/Documents/GitHub/cc65/lib/geos-cbm.lib(crt0.o):
    STARTUP           Offs=000000  Size=000021  Align=00001  Fill=0000
/cygdrive/c/Users/Craig Vella/Documents/GitHub/cc65/lib/geos-cbm.lib(dbget2lines.o):
    CODE              Offs=000064  Size=000024  Align=00001  Fill=0000
    RODATA            Offs=00008B  Size=000001  Align=00001  Fill=0000
/cygdrive/c/Users/Craig Vella/Documents/GitHub/cc65/lib/geos-cbm.lib(dlgboxok.o):
    CODE              Offs=000088  Size=00000A  Align=00001  Fill=0000
    RODATA            Offs=00008C  Size=00000D  Align=00001  Fill=0000
/cygdrive/c/Users/Craig Vella/Documents/GitHub/cc65/lib/geos-cbm.lib(dlgboxokcancel.o):
    CODE              Offs=000092  Size=00000A  Align=00001  Fill=0000
    RODATA            Offs=000099  Size=000010  Align=00001  Fill=0000
/cygdrive/c/Users/Craig Vella/Documents/GitHub/cc65/lib/geos-cbm.lib(dlgboxyesno.o):
    CODE              Offs=00009C  Size=00000A  Align=00001  Fill=0000
    RODATA            Offs=0000A9  Size=000010  Align=00001  Fill=0000
/cygdrive/c/Users/Craig Vella/Documents/GitHub/cc65/lib/geos-cbm.lib(dodlgbox.o):
    CODE              Offs=0000A6  Size=00000C  Align=00001  Fill=0000
/cygdrive/c/Users/Craig Vella/Documents/GitHub/cc65/lib/geos-cbm.lib(incsp2.o):
    CODE              Offs=0000B2  Size=000016  Align=00001  Fill=0000
/cygdrive/c/Users/Craig Vella/Documents/GitHub/cc65/lib/geos-cbm.lib(pushax.o):
    CODE              Offs=0000C8  Size=00001A  Align=00001  Fill=0000
/cygdrive/c/Users/Craig Vella/Documents/GitHub/cc65/lib/geos-cbm.lib(zerobss.o):
    CODE              Offs=0000E2  Size=000013  Align=00001  Fill=0000
/cygdrive/c/Users/Craig Vella/Documents/GitHub/cc65/lib/geos-cbm.lib(zeropage.o):
    ZEROPAGE          Offs=000000  Size=00001A  Align=00001  Fill=0000


Segment list:
-------------
Name                   Start     End    Size  Align
----------------------------------------------------
DIRENTRY              000000  000039  00003A  00001
ZEROPAGE              000058  000071  00001A  00001
FILEINFO              0000FE  0001CC  0000CF  00001
STARTUP               000400  000420  000021  00001
ONCE                  000421  00042C  00000C  00001
CODE                  00042D  000521  0000F5  00001
RODATA                000522  0005DA  0000B9  00001
DATA                  0005DB  000603  000029  00001


Exports list by name:
---------------------
DB_get2lines              000491 RLA    _DlgBoxOk                 0004B5 RLA    
_DlgBoxOkCancel           0004BF RLA    _DlgBoxYesNo              0004C9 RLA    
_DoDlgBox                 0004D3 RLA    __BACKBUFSIZE__           002000 REA    
__BSS_RUN__               000604 RLA    __BSS_SIZE__              000000 REA    
__CONSTRUCTOR_COUNT__     000000 REA    __CONSTRUCTOR_TABLE__     00042D RLA    
__DESTRUCTOR_COUNT__      000000 REA    __DESTRUCTOR_TABLE__      0005DB RLA    
__HIMEM__                 006000 REA    __OVERLAYADDR__           006000 REA    
__OVERLAYSIZE__           000000 REA    __STACKADDR__             005C00 REA    
__STACKSIZE__             000400 REA    __STARTUP_RUN__           000400 RLA    
__STARTUP__               000001 REA    __VLIR0_START__           000400 RLA    
_main                     00042D RLA    callmain                  00046E RLA    
donelib                   000485 RLA    initlib                   000421 RLA    
popax                     0004DF RLA    ptr3                      000064 RLZ    
ptr4                      000066 RLZ    pushax                    0004F9 RLA    
sp                        000058 RLZ    zerobss                   00050F RLA    



Exports list by value:
----------------------
__BSS_SIZE__              000000 REA    __CONSTRUCTOR_COUNT__     000000 REA    
__DESTRUCTOR_COUNT__      000000 REA    __OVERLAYSIZE__           000000 REA    
__STARTUP__               000001 REA    sp                        000058 RLZ    
ptr3                      000064 RLZ    ptr4                      000066 RLZ    
__VLIR0_START__           000400 RLA    __STARTUP_RUN__           000400 RLA    
__STACKSIZE__             000400 REA    initlib                   000421 RLA    
__CONSTRUCTOR_TABLE__     00042D RLA    _main                     00042D RLA    
callmain                  00046E RLA    donelib                   000485 RLA    
DB_get2lines              000491 RLA    _DlgBoxOk                 0004B5 RLA    
_DlgBoxOkCancel           0004BF RLA    _DlgBoxYesNo              0004C9 RLA    
_DoDlgBox                 0004D3 RLA    popax                     0004DF RLA    
pushax                    0004F9 RLA    zerobss                   00050F RLA    
__DESTRUCTOR_TABLE__      0005DB RLA    __BSS_RUN__               000604 RLA    
__BACKBUFSIZE__           002000 REA    __STACKADDR__             005C00 REA    
__OVERLAYADDR__           006000 REA    __HIMEM__                 006000 REA    



Imports list:
-------------
DB_get2lines (dbget2lines.o):
    dlgboxyesno.o             geos-common/dlgbox/dlgboxyesno.s:9
    dlgboxokcancel.o          geos-common/dlgbox/dlgboxokcancel.s:9
    dlgboxok.o                geos-common/dlgbox/dlgboxok.s:9
_DlgBoxOk (dlgboxok.o):
    yesno.o                   yesno.s:16
_DlgBoxOkCancel (dlgboxokcancel.o):
    yesno.o                   yesno.s:15
_DlgBoxYesNo (dlgboxyesno.o):
    yesno.o                   yesno.s:14
_DoDlgBox (dodlgbox.o):
    dlgboxyesno.o             geos-common/dlgbox/dlgboxyesno.s:9
    dlgboxokcancel.o          geos-common/dlgbox/dlgboxokcancel.s:9
    dlgboxok.o                geos-common/dlgbox/dlgboxok.s:9
__BACKBUFSIZE__ ([linker generated]):
    crt0.o                    geos-common/system/crt0.s:10
    [linker generated]        /cygdrive/c/Users/Craig Vella/Documents/GitHub/cc65/cfg/geos-cbm.cfg:6
__BSS_RUN__ ([linker generated]):
    zerobss.o                 geos-common/common/zerobss.s:9
__BSS_SIZE__ ([linker generated]):
    zerobss.o                 geos-common/common/zerobss.s:9
__CONSTRUCTOR_COUNT__ ([linker generated]):
    condes.o                  runtime/condes.s:18
__CONSTRUCTOR_TABLE__ ([linker generated]):
    condes.o                  runtime/condes.s:18
__DESTRUCTOR_COUNT__ ([linker generated]):
    condes.o                  runtime/condes.s:19
__DESTRUCTOR_TABLE__ ([linker generated]):
    condes.o                  runtime/condes.s:19
__HIMEM__ ([linker generated]):
    [linker generated]        /cygdrive/c/Users/Craig Vella/Documents/GitHub/cc65/cfg/geos-cbm.cfg:8
__OVERLAYADDR__ ([linker generated]):
    [linker generated]        /cygdrive/c/Users/Craig Vella/Documents/GitHub/cc65/cfg/geos-cbm.cfg:34
    [linker generated]        /cygdrive/c/Users/Craig Vella/Documents/GitHub/cc65/cfg/geos-cbm.cfg:33
    [linker generated]        /cygdrive/c/Users/Craig Vella/Documents/GitHub/cc65/cfg/geos-cbm.cfg:32
    [linker generated]        /cygdrive/c/Users/Craig Vella/Documents/GitHub/cc65/cfg/geos-cbm.cfg:31
    [linker generated]        /cygdrive/c/Users/Craig Vella/Documents/GitHub/cc65/cfg/geos-cbm.cfg:30
    [linker generated]        /cygdrive/c/Users/Craig Vella/Documents/GitHub/cc65/cfg/geos-cbm.cfg:29
    [linker generated]        /cygdrive/c/Users/Craig Vella/Documents/GitHub/cc65/cfg/geos-cbm.cfg:28
    [linker generated]        /cygdrive/c/Users/Craig Vella/Documents/GitHub/cc65/cfg/geos-cbm.cfg:27
    [linker generated]        /cygdrive/c/Users/Craig Vella/Documents/GitHub/cc65/cfg/geos-cbm.cfg:26
    [linker generated]        /cygdrive/c/Users/Craig Vella/Documents/GitHub/cc65/cfg/geos-cbm.cfg:25
    [linker generated]        /cygdrive/c/Users/Craig Vella/Documents/GitHub/cc65/cfg/geos-cbm.cfg:24
    [linker generated]        /cygdrive/c/Users/Craig Vella/Documents/GitHub/cc65/cfg/geos-cbm.cfg:23
    [linker generated]        /cygdrive/c/Users/Craig Vella/Documents/GitHub/cc65/cfg/geos-cbm.cfg:22
    [linker generated]        /cygdrive/c/Users/Craig Vella/Documents/GitHub/cc65/cfg/geos-cbm.cfg:21
    [linker generated]        /cygdrive/c/Users/Craig Vella/Documents/GitHub/cc65/cfg/geos-cbm.cfg:20
    [linker generated]        /cygdrive/c/Users/Craig Vella/Documents/GitHub/cc65/cfg/geos-cbm.cfg:19
    [linker generated]        /cygdrive/c/Users/Craig Vella/Documents/GitHub/cc65/cfg/geos-cbm.cfg:18
    [linker generated]        /cygdrive/c/Users/Craig Vella/Documents/GitHub/cc65/cfg/geos-cbm.cfg:17
    [linker generated]        /cygdrive/c/Users/Craig Vella/Documents/GitHub/cc65/cfg/geos-cbm.cfg:16
    [linker generated]        /cygdrive/c/Users/Craig Vella/Documents/GitHub/cc65/cfg/geos-cbm.cfg:10
__OVERLAYSIZE__ ([linker generated]):
    [linker generated]        /cygdrive/c/Users/Craig Vella/Documents/GitHub/cc65/cfg/geos-cbm.cfg:34
    [linker generated]        /cygdrive/c/Users/Craig Vella/Documents/GitHub/cc65/cfg/geos-cbm.cfg:33
    [linker generated]        /cygdrive/c/Users/Craig Vella/Documents/GitHub/cc65/cfg/geos-cbm.cfg:32
    [linker generated]        /cygdrive/c/Users/Craig Vella/Documents/GitHub/cc65/cfg/geos-cbm.cfg:31
    [linker generated]        /cygdrive/c/Users/Craig Vella/Documents/GitHub/cc65/cfg/geos-cbm.cfg:30
    [linker generated]        /cygdrive/c/Users/Craig Vella/Documents/GitHub/cc65/cfg/geos-cbm.cfg:29
    [linker generated]        /cygdrive/c/Users/Craig Vella/Documents/GitHub/cc65/cfg/geos-cbm.cfg:28
    [linker generated]        /cygdrive/c/Users/Craig Vella/Documents/GitHub/cc65/cfg/geos-cbm.cfg:27
    [linker generated]        /cygdrive/c/Users/Craig Vella/Documents/GitHub/cc65/cfg/geos-cbm.cfg:26
    [linker generated]        /cygdrive/c/Users/Craig Vella/Documents/GitHub/cc65/cfg/geos-cbm.cfg:25
    [linker generated]        /cygdrive/c/Users/Craig Vella/Documents/GitHub/cc65/cfg/geos-cbm.cfg:24
    [linker generated]        /cygdrive/c/Users/Craig Vella/Documents/GitHub/cc65/cfg/geos-cbm.cfg:23
    [linker generated]        /cygdrive/c/Users/Craig Vella/Documents/GitHub/cc65/cfg/geos-cbm.cfg:22
    [linker generated]        /cygdrive/c/Users/Craig Vella/Documents/GitHub/cc65/cfg/geos-cbm.cfg:21
    [linker generated]        /cygdrive/c/Users/Craig Vella/Documents/GitHub/cc65/cfg/geos-cbm.cfg:20
    [linker generated]        /cygdrive/c/Users/Craig Vella/Documents/GitHub/cc65/cfg/geos-cbm.cfg:19
    [linker generated]        /cygdrive/c/Users/Craig Vella/Documents/GitHub/cc65/cfg/geos-cbm.cfg:18
    [linker generated]        /cygdrive/c/Users/Craig Vella/Documents/GitHub/cc65/cfg/geos-cbm.cfg:17
    [linker generated]        /cygdrive/c/Users/Craig Vella/Documents/GitHub/cc65/cfg/geos-cbm.cfg:16
    [linker generated]        /cygdrive/c/Users/Craig Vella/Documents/GitHub/cc65/cfg/geos-cbm.cfg:8
__STACKADDR__ ([linker generated]):
    crt0.o                    geos-common/system/crt0.s:9
    [linker generated]        /cygdrive/c/Users/Craig Vella/Documents/GitHub/cc65/cfg/geos-cbm.cfg:15
__STACKSIZE__ ([linker generated]):
    crt0.o                    geos-common/system/crt0.s:9
    [linker generated]        /cygdrive/c/Users/Craig Vella/Documents/GitHub/cc65/cfg/geos-cbm.cfg:10
__STARTUP_RUN__ ([linker generated]):
    yesnores.o                yesnores.s:25
__STARTUP__ (crt0.o):
    yesno.o                   yesno.s:13
__VLIR0_START__ ([linker generated]):
    yesnores.o                yesnores.s:25
_main (yesno.o):
    callmain.o                runtime/callmain.s:11
callmain (callmain.o):
    crt0.o                    geos-common/system/crt0.s:12
donelib (condes.o):
    crt0.o                    geos-common/system/crt0.s:11
initlib (condes.o):
    crt0.o                    geos-common/system/crt0.s:11
popax (incsp2.o):
    dbget2lines.o             geos-common/dlgbox/dbget2lines.s:8
ptr3 (zeropage.o):
    dbget2lines.o             geos-common/dlgbox/dbget2lines.s:7
    dlgboxyesno.o             geos-common/dlgbox/dlgboxyesno.s:10
    dlgboxokcancel.o          geos-common/dlgbox/dlgboxokcancel.s:10
    dlgboxok.o                geos-common/dlgbox/dlgboxok.s:10
ptr4 (zeropage.o):
    dbget2lines.o             geos-common/dlgbox/dbget2lines.s:7
    dlgboxyesno.o             geos-common/dlgbox/dlgboxyesno.s:10
    dlgboxokcancel.o          geos-common/dlgbox/dlgboxokcancel.s:10
    dlgboxok.o                geos-common/dlgbox/dlgboxok.s:10
pushax (pushax.o):
    callmain.o                runtime/callmain.s:11
    yesno.o                   yesno.s:83
sp (zeropage.o):
    incsp2.o                  runtime/incsp2.s:8
    pushax.o                  runtime/pushax.s:8
    crt0.o                    geos-common/system/crt0.s:14
zerobss (zerobss.o):
    crt0.o                    geos-common/system/crt0.s:13

