Modules list:
-------------
enumdevdir.o:
    CODE              Offs=000000  Size=000276  Align=00001  Fill=0000
    RODATA            Offs=000000  Size=00004B  Align=00001  Fill=0000
/cygdrive/c/Users/Craig Vella/Documents/GitHub/cc65/lib/c64.lib(_cwd.o):
    INIT              Offs=000000  Size=0000FF  Align=00001  Fill=0000
/cygdrive/c/Users/Craig Vella/Documents/GitHub/cc65/lib/c64.lib(_directerrno.o):
    CODE              Offs=000276  Size=00000A  Align=00001  Fill=0000
/cygdrive/c/Users/Craig Vella/Documents/GitHub/cc65/lib/c64.lib(_file.o):
    DATA              Offs=000000  Size=00001E  Align=00001  Fill=0000
/cygdrive/c/Users/Craig Vella/Documents/GitHub/cc65/lib/c64.lib(_heap.o):
    DATA              Offs=00001E  Size=00000A  Align=00001  Fill=0000
    ONCE              Offs=000000  Size=000010  Align=00001  Fill=0000
/cygdrive/c/Users/Craig Vella/Documents/GitHub/cc65/lib/c64.lib(_hextab.o):
    RODATA            Offs=00004B  Size=000010  Align=00001  Fill=0000
/cygdrive/c/Users/Craig Vella/Documents/GitHub/cc65/lib/c64.lib(_longminstr.o):
    RODATA            Offs=00005B  Size=00000C  Align=00001  Fill=0000
/cygdrive/c/Users/Craig Vella/Documents/GitHub/cc65/lib/c64.lib(_mappederrno.o):
    CODE              Offs=000280  Size=000010  Align=00001  Fill=0000
/cygdrive/c/Users/Craig Vella/Documents/GitHub/cc65/lib/c64.lib(_oserror.o):
    BSS               Offs=000000  Size=000001  Align=00001  Fill=0000
/cygdrive/c/Users/Craig Vella/Documents/GitHub/cc65/lib/c64.lib(_printf.o):
    CODE              Offs=000290  Size=0003A5  Align=00001  Fill=0000
    BSS               Offs=000001  Size=00002B  Align=00001  Fill=0000
    DATA              Offs=000028  Size=000003  Align=00001  Fill=0000
/cygdrive/c/Users/Craig Vella/Documents/GitHub/cc65/lib/c64.lib(_seterrno.o):
    CODE              Offs=000635  Size=000009  Align=00001  Fill=0000
/cygdrive/c/Users/Craig Vella/Documents/GitHub/cc65/lib/c64.lib(add.o):
    CODE              Offs=00063E  Size=00001C  Align=00001  Fill=0000
/cygdrive/c/Users/Craig Vella/Documents/GitHub/cc65/lib/c64.lib(addysp.o):
    CODE              Offs=00065A  Size=00000E  Align=00001  Fill=0000
/cygdrive/c/Users/Craig Vella/Documents/GitHub/cc65/lib/c64.lib(axlong.o):
    CODE              Offs=000668  Size=00000D  Align=00001  Fill=0000
/cygdrive/c/Users/Craig Vella/Documents/GitHub/cc65/lib/c64.lib(callmain.o):
    CODE              Offs=000675  Size=000017  Align=00001  Fill=0000
    DATA              Offs=00002B  Size=000004  Align=00001  Fill=0000
/cygdrive/c/Users/Craig Vella/Documents/GitHub/cc65/lib/c64.lib(cbm_filetype.o):
    CODE              Offs=00068C  Size=000013  Align=00001  Fill=0000
    RODATA            Offs=000067  Size=000014  Align=00001  Fill=0000
/cygdrive/c/Users/Craig Vella/Documents/GitHub/cc65/lib/c64.lib(chdir.o):
    CODE              Offs=00069F  Size=000006  Align=00001  Fill=0000
/cygdrive/c/Users/Craig Vella/Documents/GitHub/cc65/lib/c64.lib(close.o):
    CODE              Offs=0006A5  Size=000038  Align=00001  Fill=0000
/cygdrive/c/Users/Craig Vella/Documents/GitHub/cc65/lib/c64.lib(closedir.o):
    CODE              Offs=0006DD  Size=00001D  Align=00001  Fill=0000
/cygdrive/c/Users/Craig Vella/Documents/GitHub/cc65/lib/c64.lib(condes.o):
    CODE              Offs=0006FA  Size=00000C  Align=00001  Fill=0000
    DATA              Offs=00002F  Size=000025  Align=00001  Fill=0000
    ONCE              Offs=000010  Size=00000C  Align=00001  Fill=0000
/cygdrive/c/Users/Craig Vella/Documents/GitHub/cc65/lib/c64.lib(crt0.o):
    STARTUP           Offs=000000  Size=000033  Align=00001  Fill=0000
    ONCE              Offs=00001C  Size=00001A  Align=00001  Fill=0000
    INIT              Offs=0000FF  Size=00001C  Align=00001  Fill=0000
/cygdrive/c/Users/Craig Vella/Documents/GitHub/cc65/lib/c64.lib(ctype.o):
    RODATA            Offs=00007B  Size=00008B  Align=00001  Fill=0000
/cygdrive/c/Users/Craig Vella/Documents/GitHub/cc65/lib/c64.lib(ctypemask.o):
    CODE              Offs=000706  Size=00001E  Align=00001  Fill=0000
/cygdrive/c/Users/Craig Vella/Documents/GitHub/cc65/lib/c64.lib(decax4.o):
    CODE              Offs=000724  Size=000007  Align=00001  Fill=0000
/cygdrive/c/Users/Craig Vella/Documents/GitHub/cc65/lib/c64.lib(decsp1.o):
    CODE              Offs=00072B  Size=000009  Align=00001  Fill=0000
/cygdrive/c/Users/Craig Vella/Documents/GitHub/cc65/lib/c64.lib(decsp2.o):
    CODE              Offs=000734  Size=00000D  Align=00001  Fill=0000
/cygdrive/c/Users/Craig Vella/Documents/GitHub/cc65/lib/c64.lib(decsp3.o):
    CODE              Offs=000741  Size=00000D  Align=00001  Fill=0000
/cygdrive/c/Users/Craig Vella/Documents/GitHub/cc65/lib/c64.lib(decsp4.o):
    CODE              Offs=00074E  Size=00000D  Align=00001  Fill=0000
/cygdrive/c/Users/Craig Vella/Documents/GitHub/cc65/lib/c64.lib(decsp6.o):
    CODE              Offs=00075B  Size=00000D  Align=00001  Fill=0000
/cygdrive/c/Users/Craig Vella/Documents/GitHub/cc65/lib/c64.lib(decsp8.o):
    CODE              Offs=000768  Size=00000D  Align=00001  Fill=0000
/cygdrive/c/Users/Craig Vella/Documents/GitHub/cc65/lib/c64.lib(devicedir.o):
    CODE              Offs=000775  Size=000039  Align=00001  Fill=0000
/cygdrive/c/Users/Craig Vella/Documents/GitHub/cc65/lib/c64.lib(devnum.o):
/cygdrive/c/Users/Craig Vella/Documents/GitHub/cc65/lib/c64.lib(dir.o):
    CODE              Offs=0007AE  Size=000041  Align=00001  Fill=0000
/cygdrive/c/Users/Craig Vella/Documents/GitHub/cc65/lib/c64.lib(diskcmd.o):
    CODE              Offs=0007EF  Size=0000C4  Align=00001  Fill=0000
    BSS               Offs=00002C  Size=000017  Align=00001  Fill=0000
/cygdrive/c/Users/Craig Vella/Documents/GitHub/cc65/lib/c64.lib(diskinit.o):
    CODE              Offs=0008B3  Size=00002A  Align=00001  Fill=0000
/cygdrive/c/Users/Craig Vella/Documents/GitHub/cc65/lib/c64.lib(doesclrscr.o):
/cygdrive/c/Users/Craig Vella/Documents/GitHub/cc65/lib/c64.lib(errno.o):
    BSS               Offs=000043  Size=000002  Align=00001  Fill=0000
/cygdrive/c/Users/Craig Vella/Documents/GitHub/cc65/lib/c64.lib(errormsg.o):
    RODATA            Offs=000106  Size=000174  Align=00001  Fill=0000
/cygdrive/c/Users/Craig Vella/Documents/GitHub/cc65/lib/c64.lib(exehdr.o):
    EXEHDR            Offs=000000  Size=00000C  Align=00001  Fill=0000
/cygdrive/c/Users/Craig Vella/Documents/GitHub/cc65/lib/c64.lib(fgetc.o):
    CODE              Offs=0008DD  Size=00008A  Align=00001  Fill=0000
/cygdrive/c/Users/Craig Vella/Documents/GitHub/cc65/lib/c64.lib(filedes.o):
    CODE              Offs=000967  Size=00000E  Align=00001  Fill=0000
    DATA              Offs=000054  Size=000010  Align=00001  Fill=0000
/cygdrive/c/Users/Craig Vella/Documents/GitHub/cc65/lib/c64.lib(filename.o):
    CODE              Offs=000975  Size=0000A0  Align=00001  Fill=0000
    BSS               Offs=000045  Size=000003  Align=00001  Fill=0000
    DATA              Offs=000064  Size=000024  Align=00001  Fill=0000
/cygdrive/c/Users/Craig Vella/Documents/GitHub/cc65/lib/c64.lib(filetype.o):
    DATA              Offs=000088  Size=000001  Align=00001  Fill=0000
/cygdrive/c/Users/Craig Vella/Documents/GitHub/cc65/lib/c64.lib(filevars.o):
    INIT              Offs=00011B  Size=000001  Align=00001  Fill=0000
    ONCE              Offs=000036  Size=00000C  Align=00001  Fill=0000
/cygdrive/c/Users/Craig Vella/Documents/GitHub/cc65/lib/c64.lib(fprintf.o):
    CODE              Offs=000A15  Size=00002B  Align=00001  Fill=0000
    BSS               Offs=000048  Size=000001  Align=00001  Fill=0000
/cygdrive/c/Users/Craig Vella/Documents/GitHub/cc65/lib/c64.lib(free.o):
    CODE              Offs=000A40  Size=0001D3  Align=00001  Fill=0000
/cygdrive/c/Users/Craig Vella/Documents/GitHub/cc65/lib/c64.lib(fwrite.o):
    CODE              Offs=000C13  Size=00007B  Align=00001  Fill=0000
    BSS               Offs=000049  Size=000002  Align=00001  Fill=0000
/cygdrive/c/Users/Craig Vella/Documents/GitHub/cc65/lib/c64.lib(getchar.o):
    CODE              Offs=000C8E  Size=000009  Align=00001  Fill=0000
/cygdrive/c/Users/Craig Vella/Documents/GitHub/cc65/lib/c64.lib(getcwd.o):
    CODE              Offs=000C97  Size=000028  Align=00001  Fill=0000
/cygdrive/c/Users/Craig Vella/Documents/GitHub/cc65/lib/c64.lib(getdevice.o):
    CODE              Offs=000CBF  Size=000025  Align=00001  Fill=0000
/cygdrive/c/Users/Craig Vella/Documents/GitHub/cc65/lib/c64.lib(incax1.o):
    CODE              Offs=000CE4  Size=000007  Align=00001  Fill=0000
/cygdrive/c/Users/Craig Vella/Documents/GitHub/cc65/lib/c64.lib(incax2.o):
    CODE              Offs=000CEB  Size=000007  Align=00001  Fill=0000
/cygdrive/c/Users/Craig Vella/Documents/GitHub/cc65/lib/c64.lib(incaxy.o):
    CODE              Offs=000CF2  Size=00000B  Align=00001  Fill=0000
/cygdrive/c/Users/Craig Vella/Documents/GitHub/cc65/lib/c64.lib(incsp2.o):
    CODE              Offs=000CFD  Size=000016  Align=00001  Fill=0000
/cygdrive/c/Users/Craig Vella/Documents/GitHub/cc65/lib/c64.lib(incsp3.o):
    CODE              Offs=000D13  Size=000005  Align=00001  Fill=0000
/cygdrive/c/Users/Craig Vella/Documents/GitHub/cc65/lib/c64.lib(incsp4.o):
    CODE              Offs=000D18  Size=000005  Align=00001  Fill=0000
/cygdrive/c/Users/Craig Vella/Documents/GitHub/cc65/lib/c64.lib(incsp6.o):
    CODE              Offs=000D1D  Size=000005  Align=00001  Fill=0000
/cygdrive/c/Users/Craig Vella/Documents/GitHub/cc65/lib/c64.lib(initcwd.o):
    CODE              Offs=000D22  Size=00002C  Align=00001  Fill=0000
/cygdrive/c/Users/Craig Vella/Documents/GitHub/cc65/lib/c64.lib(kernal.o):
/cygdrive/c/Users/Craig Vella/Documents/GitHub/cc65/lib/c64.lib(ldaxi.o):
    CODE              Offs=000D4E  Size=00000D  Align=00001  Fill=0000
/cygdrive/c/Users/Craig Vella/Documents/GitHub/cc65/lib/c64.lib(ldaxsp.o):
    CODE              Offs=000D5B  Size=000009  Align=00001  Fill=0000
/cygdrive/c/Users/Craig Vella/Documents/GitHub/cc65/lib/c64.lib(leaaxsp.o):
    CODE              Offs=000D64  Size=00000C  Align=00001  Fill=0000
/cygdrive/c/Users/Craig Vella/Documents/GitHub/cc65/lib/c64.lib(lneg.o):
    CODE              Offs=000D70  Size=00001E  Align=00001  Fill=0000
/cygdrive/c/Users/Craig Vella/Documents/GitHub/cc65/lib/c64.lib(loadaddr.o):
    LOADADDR          Offs=000000  Size=000002  Align=00001  Fill=0000
/cygdrive/c/Users/Craig Vella/Documents/GitHub/cc65/lib/c64.lib(lpush.o):
    CODE              Offs=000D8E  Size=000021  Align=00001  Fill=0000
/cygdrive/c/Users/Craig Vella/Documents/GitHub/cc65/lib/c64.lib(ltoa.o):
    CODE              Offs=000DAF  Size=000095  Align=00001  Fill=0000
/cygdrive/c/Users/Craig Vella/Documents/GitHub/cc65/lib/c64.lib(malloc.o):
    CODE              Offs=000E44  Size=00010E  Align=00001  Fill=0000
/cygdrive/c/Users/Craig Vella/Documents/GitHub/cc65/lib/c64.lib(memcpy.o):
    CODE              Offs=000F52  Size=00003C  Align=00001  Fill=0000
/cygdrive/c/Users/Craig Vella/Documents/GitHub/cc65/lib/c64.lib(mul.o):
    CODE              Offs=000F8E  Size=000045  Align=00001  Fill=0000
/cygdrive/c/Users/Craig Vella/Documents/GitHub/cc65/lib/c64.lib(mul8.o):
    CODE              Offs=000FD3  Size=00003A  Align=00001  Fill=0000
/cygdrive/c/Users/Craig Vella/Documents/GitHub/cc65/lib/c64.lib(open.o):
    CODE              Offs=00100D  Size=0000BE  Align=00001  Fill=0000
/cygdrive/c/Users/Craig Vella/Documents/GitHub/cc65/lib/c64.lib(opendir.o):
    CODE              Offs=0010CB  Size=000108  Align=00001  Fill=0000
    RODATA            Offs=00027A  Size=000002  Align=00001  Fill=0000
/cygdrive/c/Users/Craig Vella/Documents/GitHub/cc65/lib/c64.lib(oserror.o):
    CODE              Offs=0011D3  Size=000016  Align=00001  Fill=0000
    RODATA            Offs=00027C  Size=00005A  Align=00001  Fill=0000
/cygdrive/c/Users/Craig Vella/Documents/GitHub/cc65/lib/c64.lib(perror.o):
    CODE              Offs=0011E9  Size=000054  Align=00001  Fill=0000
    RODATA            Offs=0002D6  Size=000008  Align=00001  Fill=0000
/cygdrive/c/Users/Craig Vella/Documents/GitHub/cc65/lib/c64.lib(popa.o):
    CODE              Offs=00123D  Size=00000C  Align=00001  Fill=0000
/cygdrive/c/Users/Craig Vella/Documents/GitHub/cc65/lib/c64.lib(popptr1.o):
    CODE              Offs=001249  Size=00000E  Align=00001  Fill=0000
/cygdrive/c/Users/Craig Vella/Documents/GitHub/cc65/lib/c64.lib(printf.o):
    CODE              Offs=001257  Size=000033  Align=00001  Fill=0000
    BSS               Offs=00004B  Size=000001  Align=00001  Fill=0000
/cygdrive/c/Users/Craig Vella/Documents/GitHub/cc65/lib/c64.lib(push1.o):
    CODE              Offs=00128A  Size=000005  Align=00001  Fill=0000
/cygdrive/c/Users/Craig Vella/Documents/GitHub/cc65/lib/c64.lib(pusha.o):
    CODE              Offs=00128F  Size=000016  Align=00001  Fill=0000
/cygdrive/c/Users/Craig Vella/Documents/GitHub/cc65/lib/c64.lib(pushax.o):
    CODE              Offs=0012A5  Size=00001A  Align=00001  Fill=0000
/cygdrive/c/Users/Craig Vella/Documents/GitHub/cc65/lib/c64.lib(pushwsp.o):
    CODE              Offs=0012BF  Size=00001C  Align=00001  Fill=0000
/cygdrive/c/Users/Craig Vella/Documents/GitHub/cc65/lib/c64.lib(read.o):
    CODE              Offs=0012DB  Size=00007C  Align=00001  Fill=0000
    BSS               Offs=00004C  Size=000001  Align=00001  Fill=0000
    ONCE              Offs=000042  Size=00000C  Align=00001  Fill=0000
/cygdrive/c/Users/Craig Vella/Documents/GitHub/cc65/lib/c64.lib(readdir.o):
    CODE              Offs=001357  Size=0001D5  Align=00001  Fill=0000
    RODATA            Offs=0002DE  Size=000008  Align=00001  Fill=0000
    BSS               Offs=00004D  Size=000019  Align=00001  Fill=0000
/cygdrive/c/Users/Craig Vella/Documents/GitHub/cc65/lib/c64.lib(realloc.o):
    CODE              Offs=00152C  Size=000145  Align=00001  Fill=0000
/cygdrive/c/Users/Craig Vella/Documents/GitHub/cc65/lib/c64.lib(regswap2.o):
    CODE              Offs=001671  Size=000016  Align=00001  Fill=0000
/cygdrive/c/Users/Craig Vella/Documents/GitHub/cc65/lib/c64.lib(return0.o):
    CODE              Offs=001687  Size=000004  Align=00001  Fill=0000
/cygdrive/c/Users/Craig Vella/Documents/GitHub/cc65/lib/c64.lib(rwcommon.o):
    CODE              Offs=00168B  Size=00001A  Align=00001  Fill=0000
/cygdrive/c/Users/Craig Vella/Documents/GitHub/cc65/lib/c64.lib(scratch.o):
    CODE              Offs=0016A5  Size=000019  Align=00001  Fill=0000
/cygdrive/c/Users/Craig Vella/Documents/GitHub/cc65/lib/c64.lib(status.o):
/cygdrive/c/Users/Craig Vella/Documents/GitHub/cc65/lib/c64.lib(staxsp.o):
    CODE              Offs=0016BE  Size=00000B  Align=00001  Fill=0000
/cygdrive/c/Users/Craig Vella/Documents/GitHub/cc65/lib/c64.lib(strcpy.o):
    CODE              Offs=0016C9  Size=00001F  Align=00001  Fill=0000
/cygdrive/c/Users/Craig Vella/Documents/GitHub/cc65/lib/c64.lib(strerror.o):
    CODE              Offs=0016E8  Size=00001B  Align=00001  Fill=0000
/cygdrive/c/Users/Craig Vella/Documents/GitHub/cc65/lib/c64.lib(strlen.o):
    CODE              Offs=001703  Size=000016  Align=00001  Fill=0000
/cygdrive/c/Users/Craig Vella/Documents/GitHub/cc65/lib/c64.lib(strlower.o):
    CODE              Offs=001719  Size=000027  Align=00001  Fill=0000
/cygdrive/c/Users/Craig Vella/Documents/GitHub/cc65/lib/c64.lib(subeqsp.o):
    CODE              Offs=001740  Size=000015  Align=00001  Fill=0000
/cygdrive/c/Users/Craig Vella/Documents/GitHub/cc65/lib/c64.lib(subysp.o):
    CODE              Offs=001755  Size=00000D  Align=00001  Fill=0000
/cygdrive/c/Users/Craig Vella/Documents/GitHub/cc65/lib/c64.lib(syschdir.o):
    CODE              Offs=001762  Size=000048  Align=00001  Fill=0000
/cygdrive/c/Users/Craig Vella/Documents/GitHub/cc65/lib/c64.lib(udiv.o):
    CODE              Offs=0017AA  Size=00004F  Align=00001  Fill=0000
/cygdrive/c/Users/Craig Vella/Documents/GitHub/cc65/lib/c64.lib(vfprintf.o):
    CODE              Offs=0017F9  Size=000061  Align=00001  Fill=0000
    DATA              Offs=000089  Size=000008  Align=00001  Fill=0000
/cygdrive/c/Users/Craig Vella/Documents/GitHub/cc65/lib/c64.lib(write.o):
    CODE              Offs=00185A  Size=000052  Align=00001  Fill=0000
    ONCE              Offs=00004E  Size=000011  Align=00001  Fill=0000
/cygdrive/c/Users/Craig Vella/Documents/GitHub/cc65/lib/c64.lib(zerobss.o):
    CODE              Offs=0018AC  Size=000023  Align=00001  Fill=0000
/cygdrive/c/Users/Craig Vella/Documents/GitHub/cc65/lib/c64.lib(zeropage.o):
    ZEROPAGE          Offs=000000  Size=00001A  Align=00001  Fill=0000


Segment list:
-------------
Name                   Start     End    Size  Align
----------------------------------------------------
ZEROPAGE              000002  00001B  00001A  00001
LOADADDR              0007FF  000800  000002  00001
EXEHDR                000801  00080C  00000C  00001
STARTUP               00080D  00083F  000033  00001
CODE                  000840  00210E  0018CF  00001
RODATA                00210F  0023F6  0002E8  00001
DATA                  0023F7  002487  000091  00001
INIT                  002488  0025A3  00011C  00001
BSS                   0025A4  002609  000066  00001
ONCE                  0025A4  00260C  000069  00001


Exports list by name:
---------------------
BASIN                     00FFCF RLA    BSOUT                     00FFD2 RLA    
CHKIN                     00FFC6 RLA    CKOUT                     00FFC9 RLA    
CLOSE                     00FFC3 RLA    CLRCH                     00FFCC RLA    
OPEN                      00FFC0 RLA    READST                    00FFB7 RLA    
SETLFS                    00FFBA RLA    SETNAM                    00FFBD RLA    
ST                        000090 RLZ    __BSS_RUN__               0025A4 RLA    
__BSS_SIZE__              000066 REA    __CONSTRUCTOR_COUNT__     000005 REA    
__CONSTRUCTOR_TABLE__     002603 RLA    __DESTRUCTOR_COUNT__      000001 REA    
__DESTRUCTOR_TABLE__      0023F5 RLA    __EXEHDR__                000001 REA    
__HEADER_LAST__           00080D RLA    __HIMEM__                 00D000 REA    
__LOADADDR__              000001 REA    __MAIN_SIZE__             00C7F3 REA    
__MAIN_START__            00080D RLA    __ONCE_RUN__              0025A4 RLA    
__STACKSIZE__             000800 REA    __STARTUP__               000001 REA    
__cbm_filetype            000ECC RLA    __ctype                   00218A RLA    
__ctypeidx                002195 RLA    __cwd                     002488 RLA    
__directerrno             000AB6 RLA    __dirread                 000FF3 RLA    
__dirread1                000FEE RLA    __errno                   0025E7 RLA    
__filetype                00247F RLA    __heapend                 002419 RLA    
__heapfirst               00241B RLA    __heaplast                00241D RLA    
__heapptr                 002417 RLA    __hextab                  00215A RLA    
__longminstr              00216A RLA    __mappederrno             000AC0 RLA    
__oserror                 0025A4 RLA    __osmaperrno              001A13 RLA    
__printf                  000BC3 RLA    __seterrno                000E75 RLA    
__sys_errlist             002215 RLA    __syschdir                001FA2 RLA    
_chdir                    000EDF RLA    _close                    000EE5 RLA    
_closedir                 000F1D RLA    _doesclrscrafterexit      001EC7 REA    
_fgetc                    00111D RLA    _fprintf                  001255 RLA    
_free                     001280 RLA    _fwrite                   001453 RLA    
_getchar                  0014CE RLA    _getcwd                   0014D7 RLA    
_getdevicedir             000FB5 RLA    _getfirstdevice           0014FF RLA    
_getnextdevice            001501 RLA    _ltoa                     001607 RLA    
_main                     000A16 RLA    _malloc                   001684 RLA    
_memcpy                   001792 RLA    _open                     001861 RLA    
_opendir                  00190B RLA    _perror                   001A29 RLA    
_printf                   001A97 RLA    _read                     001B1B RLA    
_readdir                  001B97 RLA    _realloc                  001D6C RLA    
_stderr                   002413 RLA    _stdin                    00240F RLA    
_stdout                   002411 RLA    _strcpy                   001F09 RLA    
_strerror                 001F28 RLA    _strlen                   001F43 RLA    
_strlower                 001F59 RLA    _ultoa                    001648 RLA    
_vfprintf                 002071 RLA    _write                    00209A RLA    
addysp                    000E9B RLA    axlong                    000EA8 RLA    
axulong                   000EAE RLA    callmain                  000EB5 RLA    
closeallfiles             00184D  LAI   closecmdchannel           001065 RLA    
ctypemaskdirect           000F4A RLA    curunit                   0025A3 RLA    
cwd_init                  001562  LAI   decax4                    000F64 RLA    
decsp1                    000F6B RLA    decsp2                    000F74 RLA    
decsp3                    000F81 RLA    decsp4                    000F8E RLA    
decsp6                    000F9B RLA    decsp8                    000FA8 RLA    
devicestr                 00156D RLA    devnum                    0000BA RLZ    
diskinit                  0010F3 RLA    donelib                   000F3A RLA    
fdtab                     00244B RLA    fnaddmode                 001244 RLA    
fncmd                     00245B RLA    fncomplete                00123C RLA    
fnisfile                  0025EB RLA    fnlen                     0025EA RLA    
fnparse                   0011D0 RLA    fnset                     001232 RLA    
fnunit                    0025E9 RLA    freefd                    0011A7 RLA    
incax1                    001524 RLA    incax2                    00152B RLA    
incax4                    001532 RLA    incsp2                    001545 RLA    
incsp3                    001553 RLA    incsp4                    001558 RLA    
incsp6                    00155D RLA    initcurunit               0025DA  LAI   
initcwd                   001562 RLA    initheap                  0025A4  LAI   
initlib                   0025B4 RLA    initstdin                 0025E6  LAI   
initstdout                0025F2  LAI   isdisk                    00102F RLA    
ldax0sp                   00159B RLA    ldaxidx                   001590 RLA    
ldaxysp                   00159D RLA    leaa0sp                   0015A4 RLA    
mul8x16                   001815 RLA    mul8x16a                  00181F RLA    
negeax                    0015B0 RLA    opencmdchannel            001038 RLA    
popa                      001A7D RLA    popax                     00153D RLA    
popptr1                   001A89 RLA    ptr1                      00000A RLZ    
ptr2                      00000C RLZ    ptr3                      00000E RLZ    
ptr4                      000010 RLZ    push0                     001AE5 RLA    
push1                     001ACA RLA    pusha                     001AD3 RLA    
pusha0                    001AE7 RLA    pushax                    001AE9 RLA    
pusheax                   0015D7 RLA    pushwysp                  001B01 RLA    
readdiskerror             001080 RLA    regbank                   000016 RLZ    
regsave                   000006 RLZ    regswap2                  001EB1 RLA    
return0                   001EC7 RLA    rwcommon                  001ECB RLA    
scratch                   001EE5 RLA    sp                        000002 RLZ    
sreg                      000004 RLZ    stax0sp                   001EFE RLA    
staxysp                   001F00 RLA    subeqysp                  001F82 RLA    
subysp                    001F95 RLA    tmp1                      000012 RLZ    
tmp2                      000013 RLZ    tmp3                      000014 RLZ    
tosaddax                  000E80 RLA    tosudiva0                 001FEA RLA    
tosudivax                 001FEC RLA    tosumula0                 001813 RLA    
tosumulax                 0017CE RLA    unittab                   002453 RLA    
writefndiskcmd            0010B8 RLA    zerobss                   0020EC RLA    



Exports list by value:
----------------------
__STARTUP__               000001 REA    __DESTRUCTOR_COUNT__      000001 REA    
__LOADADDR__              000001 REA    __EXEHDR__                000001 REA    
sp                        000002 RLZ    sreg                      000004 RLZ    
__CONSTRUCTOR_COUNT__     000005 REA    regsave                   000006 RLZ    
ptr1                      00000A RLZ    ptr2                      00000C RLZ    
ptr3                      00000E RLZ    ptr4                      000010 RLZ    
tmp1                      000012 RLZ    tmp2                      000013 RLZ    
tmp3                      000014 RLZ    regbank                   000016 RLZ    
__BSS_SIZE__              000066 REA    ST                        000090 RLZ    
devnum                    0000BA RLZ    __STACKSIZE__             000800 REA    
__HEADER_LAST__           00080D RLA    __MAIN_START__            00080D RLA    
_main                     000A16 RLA    __directerrno             000AB6 RLA    
__mappederrno             000AC0 RLA    __printf                  000BC3 RLA    
__seterrno                000E75 RLA    tosaddax                  000E80 RLA    
addysp                    000E9B RLA    axlong                    000EA8 RLA    
axulong                   000EAE RLA    callmain                  000EB5 RLA    
__cbm_filetype            000ECC RLA    _chdir                    000EDF RLA    
_close                    000EE5 RLA    _closedir                 000F1D RLA    
donelib                   000F3A RLA    ctypemaskdirect           000F4A RLA    
decax4                    000F64 RLA    decsp1                    000F6B RLA    
decsp2                    000F74 RLA    decsp3                    000F81 RLA    
decsp4                    000F8E RLA    decsp6                    000F9B RLA    
decsp8                    000FA8 RLA    _getdevicedir             000FB5 RLA    
__dirread1                000FEE RLA    __dirread                 000FF3 RLA    
isdisk                    00102F RLA    opencmdchannel            001038 RLA    
closecmdchannel           001065 RLA    readdiskerror             001080 RLA    
writefndiskcmd            0010B8 RLA    diskinit                  0010F3 RLA    
_fgetc                    00111D RLA    freefd                    0011A7 RLA    
fnparse                   0011D0 RLA    fnset                     001232 RLA    
fncomplete                00123C RLA    fnaddmode                 001244 RLA    
_fprintf                  001255 RLA    _free                     001280 RLA    
_fwrite                   001453 RLA    _getchar                  0014CE RLA    
_getcwd                   0014D7 RLA    _getfirstdevice           0014FF RLA    
_getnextdevice            001501 RLA    incax1                    001524 RLA    
incax2                    00152B RLA    incax4                    001532 RLA    
popax                     00153D RLA    incsp2                    001545 RLA    
incsp3                    001553 RLA    incsp4                    001558 RLA    
incsp6                    00155D RLA    initcwd                   001562 RLA    
cwd_init                  001562  LAI   devicestr                 00156D RLA    
ldaxidx                   001590 RLA    ldax0sp                   00159B RLA    
ldaxysp                   00159D RLA    leaa0sp                   0015A4 RLA    
negeax                    0015B0 RLA    pusheax                   0015D7 RLA    
_ltoa                     001607 RLA    _ultoa                    001648 RLA    
_malloc                   001684 RLA    _memcpy                   001792 RLA    
tosumulax                 0017CE RLA    tosumula0                 001813 RLA    
mul8x16                   001815 RLA    mul8x16a                  00181F RLA    
closeallfiles             00184D  LAI   _open                     001861 RLA    
_opendir                  00190B RLA    __osmaperrno              001A13 RLA    
_perror                   001A29 RLA    popa                      001A7D RLA    
popptr1                   001A89 RLA    _printf                   001A97 RLA    
push1                     001ACA RLA    pusha                     001AD3 RLA    
push0                     001AE5 RLA    pusha0                    001AE7 RLA    
pushax                    001AE9 RLA    pushwysp                  001B01 RLA    
_read                     001B1B RLA    _readdir                  001B97 RLA    
_realloc                  001D6C RLA    regswap2                  001EB1 RLA    
return0                   001EC7 RLA    _doesclrscrafterexit      001EC7 REA    
rwcommon                  001ECB RLA    scratch                   001EE5 RLA    
stax0sp                   001EFE RLA    staxysp                   001F00 RLA    
_strcpy                   001F09 RLA    _strerror                 001F28 RLA    
_strlen                   001F43 RLA    _strlower                 001F59 RLA    
subeqysp                  001F82 RLA    subysp                    001F95 RLA    
__syschdir                001FA2 RLA    tosudiva0                 001FEA RLA    
tosudivax                 001FEC RLA    _vfprintf                 002071 RLA    
_write                    00209A RLA    zerobss                   0020EC RLA    
__hextab                  00215A RLA    __longminstr              00216A RLA    
__ctype                   00218A RLA    __ctypeidx                002195 RLA    
__sys_errlist             002215 RLA    __DESTRUCTOR_TABLE__      0023F5 RLA    
_stdin                    00240F RLA    _stdout                   002411 RLA    
_stderr                   002413 RLA    __heapptr                 002417 RLA    
__heapend                 002419 RLA    __heapfirst               00241B RLA    
__heaplast                00241D RLA    fdtab                     00244B RLA    
unittab                   002453 RLA    fncmd                     00245B RLA    
__filetype                00247F RLA    __cwd                     002488 RLA    
curunit                   0025A3 RLA    initheap                  0025A4  LAI   
__oserror                 0025A4 RLA    __ONCE_RUN__              0025A4 RLA    
__BSS_RUN__               0025A4 RLA    initlib                   0025B4 RLA    
initcurunit               0025DA  LAI   initstdin                 0025E6  LAI   
__errno                   0025E7 RLA    fnunit                    0025E9 RLA    
fnlen                     0025EA RLA    fnisfile                  0025EB RLA    
initstdout                0025F2  LAI   __CONSTRUCTOR_TABLE__     002603 RLA    
__MAIN_SIZE__             00C7F3 REA    __HIMEM__                 00D000 REA    
READST                    00FFB7 RLA    SETLFS                    00FFBA RLA    
SETNAM                    00FFBD RLA    OPEN                      00FFC0 RLA    
CLOSE                     00FFC3 RLA    CHKIN                     00FFC6 RLA    
CKOUT                     00FFC9 RLA    CLRCH                     00FFCC RLA    
BASIN                     00FFCF RLA    BSOUT                     00FFD2 RLA    



Imports list:
-------------
BASIN (kernal.o):
    read.o                    cbm/cbm.inc:47
    diskcmd.o                 cbm/cbm.inc:47
BSOUT (kernal.o):
    write.o                   cbm/cbm.inc:49
    read.o                    cbm/cbm.inc:49
    diskcmd.o                 cbm/cbm.inc:49
    crt0.o                    c64/crt0.s:10
CHKIN (kernal.o):
    read.o                    cbm/cbm.inc:44
    diskcmd.o                 cbm/cbm.inc:44
CKOUT (kernal.o):
    write.o                   cbm/cbm.inc:45
    diskcmd.o                 cbm/cbm.inc:45
CLOSE (kernal.o):
    open.o                    cbm/cbm.inc:36
    diskcmd.o                 cbm/cbm.inc:36
    close.o                   cbm/cbm.inc:36
CLRCH (kernal.o):
    write.o                   cbm/cbm.inc:46
    read.o                    cbm/cbm.inc:46
    diskcmd.o                 cbm/cbm.inc:46
OPEN (kernal.o):
    write.o                   cbm/cbm.inc:35
    read.o                    cbm/cbm.inc:35
    open.o                    cbm/cbm.inc:35
    diskcmd.o                 cbm/cbm.inc:35
READST (kernal.o):
    write.o                   cbm/cbm.inc:32
    read.o                    cbm/cbm.inc:32
SETLFS (kernal.o):
    write.o                   cbm/cbm.inc:33
    read.o                    cbm/cbm.inc:33
    open.o                    cbm/cbm.inc:33
    diskcmd.o                 cbm/cbm.inc:33
SETNAM (kernal.o):
    diskcmd.o                 cbm/cbm.inc:34
    filename.o                cbm/cbm.inc:34
ST (status.o):
    getdevice.o               cbm/getdevice.s:13
    crt0.o                    c64/crt0.s:13
__BSS_RUN__ ([linker generated]):
    _heap.o                   common/_heap.s:8
    zerobss.o                 common/zerobss.s:8
__BSS_SIZE__ ([linker generated]):
    _heap.o                   common/_heap.s:8
    zerobss.o                 common/zerobss.s:8
__CONSTRUCTOR_COUNT__ ([linker generated]):
    condes.o                  runtime/condes.s:18
__CONSTRUCTOR_TABLE__ ([linker generated]):
    condes.o                  runtime/condes.s:18
__DESTRUCTOR_COUNT__ ([linker generated]):
    condes.o                  runtime/condes.s:19
__DESTRUCTOR_TABLE__ ([linker generated]):
    condes.o                  runtime/condes.s:19
__EXEHDR__ (exehdr.o):
    [linker generated]        /cygdrive/c/Users/Craig Vella/Documents/GitHub/cc65/cfg/c64.cfg:6
__HEADER_LAST__ ([linker generated]):
    [linker generated]        /cygdrive/c/Users/Craig Vella/Documents/GitHub/cc65/cfg/c64.cfg:14
    [linker generated]        /cygdrive/c/Users/Craig Vella/Documents/GitHub/cc65/cfg/c64.cfg:14
__HIMEM__ ([linker generated]):
    [linker generated]        /cygdrive/c/Users/Craig Vella/Documents/GitHub/cc65/cfg/c64.cfg:15
    [linker generated]        /cygdrive/c/Users/Craig Vella/Documents/GitHub/cc65/cfg/c64.cfg:14
__LOADADDR__ (loadaddr.o):
    [linker generated]        /cygdrive/c/Users/Craig Vella/Documents/GitHub/cc65/cfg/c64.cfg:5
__MAIN_SIZE__ ([linker generated]):
    crt0.o                    c64/crt0.s:11
__MAIN_START__ ([linker generated]):
    crt0.o                    c64/crt0.s:11
__ONCE_RUN__ ([linker generated]):
    [linker generated]        /cygdrive/c/Users/Craig Vella/Documents/GitHub/cc65/cfg/c64.cfg:15
    [linker generated]        /cygdrive/c/Users/Craig Vella/Documents/GitHub/cc65/cfg/c64.cfg:15
__STACKSIZE__ ([linker generated]):
    _heap.o                   common/_heap.s:8
    [linker generated]        /cygdrive/c/Users/Craig Vella/Documents/GitHub/cc65/cfg/c64.cfg:15
__STARTUP__ (crt0.o):
    enumdevdir.o              enumdevdir.s:23
__cbm_filetype (cbm_filetype.o):
    readdir.o                 ../libwrk/c64/readdir.s:14
__ctype (ctype.o):
    ctypemask.o               common/ctypemask.s:23
__ctypeidx (ctype.o):
    ctypemask.o               common/ctypemask.s:24
__cwd (_cwd.o):
    initcwd.o                 cbm/initcwd.s:8
    getcwd.o                  common/getcwd.s:10
__directerrno (_directerrno.o):
    write.o                   /cygdrive/c/Users/Craig Vella/Documents/GitHub/cc65/asminc/errno.inc:10
    read.o                    /cygdrive/c/Users/Craig Vella/Documents/GitHub/cc65/asminc/errno.inc:10
    open.o                    /cygdrive/c/Users/Craig Vella/Documents/GitHub/cc65/asminc/errno.inc:10
    close.o                   /cygdrive/c/Users/Craig Vella/Documents/GitHub/cc65/asminc/errno.inc:10
    devicedir.o               /cygdrive/c/Users/Craig Vella/Documents/GitHub/cc65/asminc/errno.inc:10
__dirread (dir.o):
    readdir.o                 ../libwrk/c64/readdir.s:16
    opendir.o                 ../libwrk/c64/opendir.s:18
__dirread1 (dir.o):
    readdir.o                 ../libwrk/c64/readdir.s:17
__errno (errno.o):
    dir.o                     /cygdrive/c/Users/Craig Vella/Documents/GitHub/cc65/asminc/errno.inc:7
    _seterrno.o               /cygdrive/c/Users/Craig Vella/Documents/GitHub/cc65/asminc/errno.inc:7
    strerror.o                /cygdrive/c/Users/Craig Vella/Documents/GitHub/cc65/asminc/errno.inc:7
    readdir.o                 ../libwrk/c64/readdir.s:13
    perror.o                  ../libwrk/c64/perror.s:17
    opendir.o                 ../libwrk/c64/opendir.s:16
__filetype (filetype.o):
    filename.o                cbm/filename.s:11
__heapend (_heap.o):
    realloc.o                 ../libwrk/c64/realloc.s:18
    malloc.o                  /cygdrive/c/Users/Craig Vella/Documents/GitHub/cc65/asminc/_heap.inc:33
__heapfirst (_heap.o):
    malloc.o                  /cygdrive/c/Users/Craig Vella/Documents/GitHub/cc65/asminc/_heap.inc:34
    free.o                    /cygdrive/c/Users/Craig Vella/Documents/GitHub/cc65/asminc/_heap.inc:34
__heaplast (_heap.o):
    malloc.o                  /cygdrive/c/Users/Craig Vella/Documents/GitHub/cc65/asminc/_heap.inc:35
    free.o                    /cygdrive/c/Users/Craig Vella/Documents/GitHub/cc65/asminc/_heap.inc:35
__heapptr (_heap.o):
    realloc.o                 ../libwrk/c64/realloc.s:17
    malloc.o                  /cygdrive/c/Users/Craig Vella/Documents/GitHub/cc65/asminc/_heap.inc:32
    free.o                    /cygdrive/c/Users/Craig Vella/Documents/GitHub/cc65/asminc/_heap.inc:32
__hextab (_hextab.o):
    ltoa.o                    common/ltoa.s:10
__longminstr (_longminstr.o):
    ltoa.o                    common/ltoa.s:10
__mappederrno (_mappederrno.o):
    write.o                   /cygdrive/c/Users/Craig Vella/Documents/GitHub/cc65/asminc/errno.inc:10
    read.o                    /cygdrive/c/Users/Craig Vella/Documents/GitHub/cc65/asminc/errno.inc:10
    open.o                    /cygdrive/c/Users/Craig Vella/Documents/GitHub/cc65/asminc/errno.inc:10
    close.o                   /cygdrive/c/Users/Craig Vella/Documents/GitHub/cc65/asminc/errno.inc:10
    devicedir.o               /cygdrive/c/Users/Craig Vella/Documents/GitHub/cc65/asminc/errno.inc:10
    chdir.o                   common/chdir.s:10
__oserror (_oserror.o):
    write.o                   /cygdrive/c/Users/Craig Vella/Documents/GitHub/cc65/asminc/errno.inc:7
    read.o                    /cygdrive/c/Users/Craig Vella/Documents/GitHub/cc65/asminc/errno.inc:7
    open.o                    /cygdrive/c/Users/Craig Vella/Documents/GitHub/cc65/asminc/errno.inc:7
    _mappederrno.o            /cygdrive/c/Users/Craig Vella/Documents/GitHub/cc65/asminc/errno.inc:7
    _directerrno.o            /cygdrive/c/Users/Craig Vella/Documents/GitHub/cc65/asminc/errno.inc:7
    devicedir.o               /cygdrive/c/Users/Craig Vella/Documents/GitHub/cc65/asminc/errno.inc:7
__osmaperrno (oserror.o):
    _mappederrno.o            /cygdrive/c/Users/Craig Vella/Documents/GitHub/cc65/asminc/errno.inc:8
__printf (_printf.o):
    vfprintf.o                common/vfprintf.s:10
__seterrno (_seterrno.o):
    fwrite.o                  /cygdrive/c/Users/Craig Vella/Documents/GitHub/cc65/asminc/errno.inc:9
    _mappederrno.o            /cygdrive/c/Users/Craig Vella/Documents/GitHub/cc65/asminc/errno.inc:9
    _directerrno.o            /cygdrive/c/Users/Craig Vella/Documents/GitHub/cc65/asminc/errno.inc:9
    getcwd.o                  /cygdrive/c/Users/Craig Vella/Documents/GitHub/cc65/asminc/errno.inc:9
__sys_errlist (errormsg.o):
    strerror.o                common/strerror.s:9
__syschdir (syschdir.o):
    chdir.o                   common/chdir.s:9
_chdir (chdir.o):
    enumdevdir.o              enumdevdir.s:44
_close (close.o):
    open.o                    cbm/open.s:14
    closedir.o                cbm/closedir.s:13
_closedir (closedir.o):
    enumdevdir.o              enumdevdir.s:54
_doesclrscrafterexit (doesclrscr.o):
    enumdevdir.o              enumdevdir.s:55
_fgetc (fgetc.o):
    getchar.o                 ../libwrk/c64/getchar.s:14
_fprintf (fprintf.o):
    perror.o                  ../libwrk/c64/perror.s:14
_free (free.o):
    realloc.o                 ../libwrk/c64/realloc.s:15
    closedir.o                cbm/closedir.s:13
    enumdevdir.o              enumdevdir.s:48
_fwrite (fwrite.o):
    vfprintf.o                common/vfprintf.s:10
_getchar (getchar.o):
    enumdevdir.o              enumdevdir.s:40
_getcwd (getcwd.o):
    enumdevdir.o              enumdevdir.s:45
_getdevicedir (devicedir.o):
    enumdevdir.o              enumdevdir.s:51
_getfirstdevice (getdevice.o):
    enumdevdir.o              enumdevdir.s:49
_getnextdevice (getdevice.o):
    enumdevdir.o              enumdevdir.s:50
_ltoa (ltoa.o):
    _printf.o                 common/_printf.s:12
_main (enumdevdir.o):
    callmain.o                runtime/callmain.s:11
_malloc (malloc.o):
    realloc.o                 ../libwrk/c64/realloc.s:13
    opendir.o                 ../libwrk/c64/opendir.s:13
    enumdevdir.o              enumdevdir.s:46
_memcpy (memcpy.o):
    realloc.o                 ../libwrk/c64/realloc.s:16
    opendir.o                 ../libwrk/c64/opendir.s:14
_open (open.o):
    opendir.o                 ../libwrk/c64/opendir.s:15
_opendir (opendir.o):
    enumdevdir.o              enumdevdir.s:52
_perror (perror.o):
    enumdevdir.o              enumdevdir.s:41
_printf (printf.o):
    enumdevdir.o              enumdevdir.s:42
_read (read.o):
    fgetc.o                   ../libwrk/c64/fgetc.s:14
    dir.o                     cbm/dir.s:12
_readdir (readdir.o):
    enumdevdir.o              enumdevdir.s:53
_realloc (realloc.o):
    enumdevdir.o              enumdevdir.s:47
_stderr (_file.o):
    perror.o                  ../libwrk/c64/perror.s:13
_stdin (_file.o):
    getchar.o                 ../libwrk/c64/getchar.s:13
_stdout (_file.o):
    printf.o                  common/printf.s:8
_strcpy (strcpy.o):
    enumdevdir.o              enumdevdir.s:43
_strerror (strerror.o):
    perror.o                  ../libwrk/c64/perror.s:16
_strlen (strlen.o):
    _printf.o                 common/_printf.s:13
_strlower (strlower.o):
    _printf.o                 common/_printf.s:13
_ultoa (ltoa.o):
    _printf.o                 common/_printf.s:12
_vfprintf (vfprintf.o):
    fprintf.o                 common/fprintf.s:8
    printf.o                  common/printf.s:8
_write (write.o):
    fwrite.o                  common/fwrite.s:10
addysp (addysp.o):
    open.o                    cbm/open.s:10
    incsp6.o                  runtime/incsp6.s:8
    incsp4.o                  runtime/incsp4.s:8
    fwrite.o                  common/fwrite.s:11
    fprintf.o                 common/fprintf.s:8
    realloc.o                 ../libwrk/c64/realloc.s:194
    readdir.o                 ../libwrk/c64/readdir.s:259
    printf.o                  common/printf.s:8
    opendir.o                 ../libwrk/c64/opendir.s:158
    incsp3.o                  runtime/incsp3.s:8
    enumdevdir.o              enumdevdir.s:633
axlong (axlong.o):
    _printf.o                 common/_printf.s:11
axulong (axlong.o):
    _printf.o                 common/_printf.s:11
callmain (callmain.o):
    crt0.o                    c64/crt0.s:9
closecmdchannel (diskcmd.o):
    scratch.o                 cbm/scratch.s:8
    open.o                    cbm/open.s:12
    close.o                   cbm/close.s:9
    getdevice.o               cbm/getdevice.s:12
    diskinit.o                cbm/diskinit.s:6
ctypemaskdirect (ctypemask.o):
    strlower.o                common/strlower.s:14
curunit (filevars.o):
    syschdir.o                cbm/syschdir.s:9
    initcwd.o                 cbm/initcwd.s:8
    filename.o                cbm/filename.s:11
decax4 (decax4.o):
    realloc.o                 ../libwrk/c64/realloc.s:194
decsp1 (decsp1.o):
    fgetc.o                   ../libwrk/c64/fgetc.s:95
decsp2 (decsp2.o):
    opendir.o                 ../libwrk/c64/opendir.s:158
    enumdevdir.o              enumdevdir.s:633
decsp3 (decsp3.o):
    enumdevdir.o              enumdevdir.s:633
decsp4 (decsp4.o):
    lpush.o                   runtime/lpush.s:12
    fprintf.o                 common/fprintf.s:8
decsp6 (decsp6.o):
    _printf.o                 common/_printf.s:11
    realloc.o                 ../libwrk/c64/realloc.s:194
decsp8 (decsp8.o):
    enumdevdir.o              enumdevdir.s:633
devicestr (initcwd.o):
    devicedir.o               cbm/devicedir.s:8
devnum (devnum.o):
    filevars.o                cbm/filevars.s:9
diskinit (diskinit.o):
    syschdir.o                cbm/syschdir.s:9
    devicedir.o               cbm/devicedir.s:8
donelib (condes.o):
    crt0.o                    c64/crt0.s:8
fdtab (filedes.o):
    write.o                   cbm/filedes.inc:7
    read.o                    cbm/filedes.inc:7
    open.o                    cbm/filedes.inc:7
    close.o                   cbm/filedes.inc:7
fnaddmode (filename.o):
    open.o                    cbm/open.s:11
fncmd (filename.o):
    scratch.o                 cbm/scratch.s:9
    diskcmd.o                 cbm/diskcmd.s:14
    diskinit.o                cbm/diskinit.s:8
fncomplete (filename.o):
    open.o                    cbm/open.s:11
fnisfile (filename.o):
    open.o                    cbm/open.s:13
fnlen (filename.o):
    diskcmd.o                 cbm/diskcmd.s:14
fnparse (filename.o):
    open.o                    cbm/open.s:11
fnset (filename.o):
    open.o                    cbm/open.s:11
fnunit (filename.o):
    scratch.o                 cbm/scratch.s:9
    open.o                    cbm/open.s:13
    diskcmd.o                 cbm/diskcmd.s:14
    syschdir.o                cbm/syschdir.s:9
    diskinit.o                cbm/diskinit.s:8
    devicedir.o               cbm/devicedir.s:8
freefd (filedes.o):
    open.o                    cbm/filedes.inc:9
incax1 (incax1.o):
    opendir.o                 ../libwrk/c64/opendir.s:158
incax2 (incax2.o):
    opendir.o                 ../libwrk/c64/opendir.s:158
incax4 (incaxy.o):
    readdir.o                 ../libwrk/c64/readdir.s:259
incsp2 (incsp2.o):
    popptr1.o                 runtime/popptr1.s:8
incsp3 (incsp3.o):
    fgetc.o                   ../libwrk/c64/fgetc.s:95
    enumdevdir.o              enumdevdir.s:633
incsp4 (incsp4.o):
    perror.o                  ../libwrk/c64/perror.s:70
incsp6 (incsp6.o):
    fwrite.o                  common/fwrite.s:11
    vfprintf.o                common/vfprintf.s:9
initcwd (initcwd.o):
    _cwd.o                    common/_cwd.s:14
    syschdir.o                cbm/syschdir.s:9
initlib (condes.o):
    crt0.o                    c64/crt0.s:8
isdisk (diskcmd.o):
    getdevice.o               cbm/getdevice.s:10
    diskinit.o                cbm/diskinit.s:8
ldax0sp (ldaxsp.o):
    realloc.o                 ../libwrk/c64/realloc.s:194
ldaxidx (ldaxi.o):
    realloc.o                 ../libwrk/c64/realloc.s:194
ldaxysp (ldaxsp.o):
    fwrite.o                  common/fwrite.s:11
    realloc.o                 ../libwrk/c64/realloc.s:194
    opendir.o                 ../libwrk/c64/opendir.s:158
leaa0sp (leaaxsp.o):
    fgetc.o                   ../libwrk/c64/fgetc.s:95
    readdir.o                 ../libwrk/c64/readdir.s:259
    opendir.o                 ../libwrk/c64/opendir.s:158
mul8x16 (mul8.o):
    mul.o                     runtime/mul.s:8
mul8x16a (mul8.o):
    mul.o                     runtime/mul.s:8
negeax (lneg.o):
    ltoa.o                    common/ltoa.s:9
opencmdchannel (diskcmd.o):
    scratch.o                 cbm/scratch.s:8
    open.o                    cbm/open.s:12
    getdevice.o               cbm/getdevice.s:11
    diskinit.o                cbm/diskinit.s:6
popa (popa.o):
    devicedir.o               cbm/devicedir.s:9
popax (incsp2.o):
    rwcommon.o                cbm/rwcommon.s:9
    open.o                    cbm/open.s:10
    memcpy.o                  common/memcpy.s:14
    ltoa.o                    common/ltoa.s:9
    _printf.o                 common/_printf.s:11
    strcpy.o                  common/strcpy.s:8
    devicedir.o               cbm/devicedir.s:9
popptr1 (popptr1.o):
    rwcommon.o                cbm/rwcommon.s:9
    mul.o                     runtime/mul.s:9
    memcpy.o                  common/memcpy.s:14
    ltoa.o                    common/ltoa.s:9
    udiv.o                    runtime/udiv.s:9
    mul8.o                    runtime/mul8.s:9
    getcwd.o                  common/getcwd.s:9
ptr1 (zeropage.o):
    write.o                   cbm/write.s:11
    strlower.o                common/strlower.s:13
    read.o                    cbm/read.s:13
    mul.o                     runtime/mul.s:10
    memcpy.o                  common/memcpy.s:15
    ltoa.o                    common/ltoa.s:11
    ldaxi.o                   runtime/ldaxi.s:8
    fwrite.o                  common/fwrite.s:14
    fprintf.o                 common/fprintf.s:9
    diskcmd.o                 cbm/diskcmd.s:15
    dir.o                     /cygdrive/c/Users/Craig Vella/Documents/GitHub/cc65/asminc/zeropage.inc:12
    _printf.o                 /cygdrive/c/Users/Craig Vella/Documents/GitHub/cc65/asminc/zeropage.inc:12
    zerobss.o                 common/zerobss.s:9
    vfprintf.o                common/vfprintf.s:11
    udiv.o                    runtime/udiv.s:10
    syschdir.o                cbm/syschdir.s:10
    strcpy.o                  common/strcpy.s:9
    readdir.o                 ../libwrk/c64/readdir.s:11
    printf.o                  common/printf.s:9
    popptr1.o                 runtime/popptr1.s:9
    opendir.o                 ../libwrk/c64/opendir.s:11
    mul8.o                    runtime/mul8.s:10
    malloc.o                  common/malloc.s:108
    initcwd.o                 cbm/initcwd.s:10
    getcwd.o                  common/getcwd.s:11
    free.o                    common/free.s:62
    filename.o                cbm/filename.s:12
    closedir.o                /cygdrive/c/Users/Craig Vella/Documents/GitHub/cc65/asminc/zeropage.inc:12
    enumdevdir.o              enumdevdir.s:11
ptr2 (zeropage.o):
    write.o                   cbm/write.s:11
    strlower.o                common/strlower.s:13
    strlen.o                  common/strlen.s:12
    rwcommon.o                cbm/rwcommon.s:10
    read.o                    cbm/read.s:13
    memcpy.o                  common/memcpy.s:15
    ltoa.o                    common/ltoa.s:11
    _printf.o                 /cygdrive/c/Users/Craig Vella/Documents/GitHub/cc65/asminc/zeropage.inc:12
    strcpy.o                  common/strcpy.s:9
    malloc.o                  common/malloc.s:108
    initcwd.o                 cbm/initcwd.s:10
    getcwd.o                  common/getcwd.s:11
    free.o                    common/free.s:62
    devicedir.o               cbm/devicedir.s:10
ptr3 (zeropage.o):
    write.o                   cbm/write.s:11
    rwcommon.o                cbm/rwcommon.s:10
    read.o                    cbm/read.s:13
    memcpy.o                  common/memcpy.s:15
    ltoa.o                    common/ltoa.s:11
    malloc.o                  common/malloc.s:108
    free.o                    common/free.s:62
    devicedir.o               cbm/devicedir.s:10
ptr4 (zeropage.o):
    mul.o                     runtime/mul.s:10
    udiv.o                    runtime/udiv.s:10
    mul8.o                    runtime/mul8.s:10
    free.o                    common/free.s:62
push0 (pushax.o):
    opendir.o                 ../libwrk/c64/opendir.s:158
    enumdevdir.o              enumdevdir.s:633
push1 (push1.o):
    _printf.o                 common/_printf.s:11
    vfprintf.o                common/vfprintf.s:9
pusha (pusha.o):
    readdir.o                 ../libwrk/c64/readdir.s:259
pusha0 (pushax.o):
    push1.o                   runtime/push1.s:8
    fgetc.o                   ../libwrk/c64/fgetc.s:95
    opendir.o                 ../libwrk/c64/opendir.s:158
    initcwd.o                 cbm/initcwd.s:9
    enumdevdir.o              enumdevdir.s:633
pushax (pushax.o):
    fwrite.o                  common/fwrite.s:11
    fgetc.o                   ../libwrk/c64/fgetc.s:95
    dir.o                     cbm/dir.s:11
    callmain.o                runtime/callmain.s:11
    _printf.o                 common/_printf.s:11
    realloc.o                 ../libwrk/c64/realloc.s:194
    readdir.o                 ../libwrk/c64/readdir.s:259
    printf.o                  common/printf.s:8
    perror.o                  ../libwrk/c64/perror.s:70
    opendir.o                 ../libwrk/c64/opendir.s:158
    enumdevdir.o              enumdevdir.s:633
    enumdevdir.o              enumdevdir.s:633
pusheax (lpush.o):
    _printf.o                 common/_printf.s:11
pushwysp (pushwsp.o):
    fwrite.o                  common/fwrite.s:11
    vfprintf.o                common/vfprintf.s:9
    realloc.o                 ../libwrk/c64/realloc.s:194
    perror.o                  ../libwrk/c64/perror.s:70
    opendir.o                 ../libwrk/c64/opendir.s:158
    enumdevdir.o              enumdevdir.s:633
readdiskerror (diskcmd.o):
    open.o                    cbm/open.s:12
    close.o                   cbm/close.s:9
    diskinit.o                cbm/diskinit.s:7
regbank (zeropage.o):
    fgetc.o                   ../libwrk/c64/fgetc.s:10
    _printf.o                 /cygdrive/c/Users/Craig Vella/Documents/GitHub/cc65/asminc/zeropage.inc:14
    regswap2.o                runtime/regswap2.s:8
    realloc.o                 ../libwrk/c64/realloc.s:10
    readdir.o                 ../libwrk/c64/readdir.s:10
    opendir.o                 ../libwrk/c64/opendir.s:10
regsave (zeropage.o):
    enumdevdir.o              enumdevdir.s:10
regswap2 (regswap2.o):
    fgetc.o                   ../libwrk/c64/fgetc.s:95
    realloc.o                 ../libwrk/c64/realloc.s:194
    readdir.o                 ../libwrk/c64/readdir.s:259
    opendir.o                 ../libwrk/c64/opendir.s:158
return0 (return0.o):
    doesclrscr.o              common/doesclrscr.s:10
rwcommon (rwcommon.o):
    write.o                   cbm/write.s:10
    read.o                    cbm/read.s:11
scratch (scratch.o):
    open.o                    cbm/open.s:11
sp (zeropage.o):
    decsp4.o                  runtime/decsp4.s:8
    decsp1.o                  runtime/decsp1.s:8
    pusha.o                   runtime/pusha.s:8
    memcpy.o                  common/memcpy.s:15
    lpush.o                   runtime/lpush.s:13
    leaaxsp.o                 runtime/leaaxsp.s:8
    ldaxsp.o                  runtime/ldaxsp.s:8
    fprintf.o                 common/fprintf.s:9
    fgetc.o                   ../libwrk/c64/fgetc.s:10
    dir.o                     /cygdrive/c/Users/Craig Vella/Documents/GitHub/cc65/asminc/zeropage.inc:11
    decsp6.o                  runtime/decsp6.s:8
    _printf.o                 /cygdrive/c/Users/Craig Vella/Documents/GitHub/cc65/asminc/zeropage.inc:11
    _heap.o                   common/_heap.s:9
    vfprintf.o                common/vfprintf.s:11
    subysp.o                  runtime/subysp.s:9
    subeqsp.o                 runtime/subeqsp.s:8
    staxsp.o                  runtime/staxsp.s:8
    regswap2.o                runtime/regswap2.s:8
    realloc.o                 ../libwrk/c64/realloc.s:10
    readdir.o                 ../libwrk/c64/readdir.s:10
    pushwsp.o                 runtime/pushwsp.s:8
    pushax.o                  runtime/pushax.s:8
    printf.o                  common/printf.s:9
    popptr1.o                 runtime/popptr1.s:9
    popa.o                    runtime/popa.s:8
    perror.o                  ../libwrk/c64/perror.s:10
    opendir.o                 ../libwrk/c64/opendir.s:10
    incsp2.o                  runtime/incsp2.s:8
    decsp8.o                  runtime/decsp8.s:8
    decsp3.o                  runtime/decsp3.s:8
    decsp2.o                  runtime/decsp2.s:8
    crt0.o                    /cygdrive/c/Users/Craig Vella/Documents/GitHub/cc65/asminc/zeropage.inc:11
    addysp.o                  runtime/addysp.s:8
    add.o                     runtime/add.s:12
    enumdevdir.o              enumdevdir.s:10
sreg (zeropage.o):
    lneg.o                    runtime/lneg.s:11
    ltoa.o                    common/ltoa.s:11
    lpush.o                   runtime/lpush.s:13
    axlong.o                  runtime/axlong.s:9
    _printf.o                 /cygdrive/c/Users/Craig Vella/Documents/GitHub/cc65/asminc/zeropage.inc:11
    udiv.o                    runtime/udiv.s:10
    initcwd.o                 cbm/initcwd.s:10
stax0sp (staxsp.o):
    realloc.o                 ../libwrk/c64/realloc.s:194
    opendir.o                 ../libwrk/c64/opendir.s:158
    enumdevdir.o              enumdevdir.s:633
staxysp (staxsp.o):
    realloc.o                 ../libwrk/c64/realloc.s:194
    opendir.o                 ../libwrk/c64/opendir.s:158
    enumdevdir.o              enumdevdir.s:633
subeqysp (subeqsp.o):
    realloc.o                 ../libwrk/c64/realloc.s:194
subysp (subysp.o):
    readdir.o                 ../libwrk/c64/readdir.s:259
    opendir.o                 ../libwrk/c64/opendir.s:158
tmp1 (zeropage.o):
    read.o                    cbm/read.s:13
    mul.o                     runtime/mul.s:10
    ltoa.o                    common/ltoa.s:11
    incaxy.o                  runtime/incaxy.s:8
    diskcmd.o                 cbm/diskcmd.s:15
    dir.o                     /cygdrive/c/Users/Craig Vella/Documents/GitHub/cc65/asminc/zeropage.inc:13
    _printf.o                 /cygdrive/c/Users/Craig Vella/Documents/GitHub/cc65/asminc/zeropage.inc:13
    syschdir.o                cbm/syschdir.s:10
    realloc.o                 ../libwrk/c64/realloc.s:11
    readdir.o                 ../libwrk/c64/readdir.s:11
    filename.o                cbm/filename.s:12
    add.o                     runtime/add.s:12
    enumdevdir.o              enumdevdir.s:11
tmp2 (zeropage.o):
    rwcommon.o                cbm/rwcommon.s:10
    read.o                    cbm/read.s:13
    open.o                    cbm/open.s:15
    close.o                   cbm/close.s:10
    syschdir.o                cbm/syschdir.s:10
    getdevice.o               cbm/getdevice.s:14
tmp3 (zeropage.o):
    read.o                    cbm/read.s:13
    open.o                    cbm/open.s:15
tosaddax (add.o):
    enumdevdir.o              enumdevdir.s:633
tosudiva0 (udiv.o):
    initcwd.o                 cbm/initcwd.s:9
tosudivax (udiv.o):
    fwrite.o                  common/fwrite.s:12
tosumula0 (mul8.o):
    enumdevdir.o              enumdevdir.s:633
tosumulax (mul.o):
    fwrite.o                  common/fwrite.s:12
unittab (filedes.o):
    read.o                    cbm/filedes.inc:8
    open.o                    cbm/filedes.inc:8
    close.o                   cbm/filedes.inc:8
writefndiskcmd (diskcmd.o):
    scratch.o                 cbm/scratch.s:8
    diskinit.o                cbm/diskinit.s:7
zerobss (zerobss.o):
    crt0.o                    c64/crt0.s:9

