Modules list:
-------------
hello.o:
    CODE              Offs=000000  Size=0000CA  Align=00001  Fill=0000
    RODATA            Offs=000000  Size=000010  Align=00001  Fill=0000
/cygdrive/c/Users/Craig Vella/Documents/GitHub/cc65/lib/c64.lib(_cursor.o):
    BSS               Offs=000000  Size=000001  Align=00001  Fill=0000
/cygdrive/c/Users/Craig Vella/Documents/GitHub/cc65/lib/c64.lib(_hextab.o):
    RODATA            Offs=000010  Size=000010  Align=00001  Fill=0000
/cygdrive/c/Users/Craig Vella/Documents/GitHub/cc65/lib/c64.lib(_longminstr.o):
    RODATA            Offs=000020  Size=00000C  Align=00001  Fill=0000
/cygdrive/c/Users/Craig Vella/Documents/GitHub/cc65/lib/c64.lib(_printf.o):
    CODE              Offs=0000CA  Size=0003A5  Align=00001  Fill=0000
    BSS               Offs=000001  Size=00002B  Align=00001  Fill=0000
    DATA              Offs=000000  Size=000003  Align=00001  Fill=0000
/cygdrive/c/Users/Craig Vella/Documents/GitHub/cc65/lib/c64.lib(_scrsize.o):
/cygdrive/c/Users/Craig Vella/Documents/GitHub/cc65/lib/c64.lib(addysp.o):
    CODE              Offs=00046F  Size=00000E  Align=00001  Fill=0000
/cygdrive/c/Users/Craig Vella/Documents/GitHub/cc65/lib/c64.lib(axlong.o):
    CODE              Offs=00047D  Size=00000D  Align=00001  Fill=0000
/cygdrive/c/Users/Craig Vella/Documents/GitHub/cc65/lib/c64.lib(bordercolor.o):
    CODE              Offs=00048A  Size=000008  Align=00001  Fill=0000
/cygdrive/c/Users/Craig Vella/Documents/GitHub/cc65/lib/c64.lib(callmain.o):
    CODE              Offs=000492  Size=000017  Align=00001  Fill=0000
    DATA              Offs=000003  Size=000004  Align=00001  Fill=0000
/cygdrive/c/Users/Craig Vella/Documents/GitHub/cc65/lib/c64.lib(cgetc.o):
    CODE              Offs=0004A9  Size=000047  Align=00001  Fill=0000
/cygdrive/c/Users/Craig Vella/Documents/GitHub/cc65/lib/c64.lib(chline.o):
    CODE              Offs=0004F0  Size=000015  Align=00001  Fill=0000
/cygdrive/c/Users/Craig Vella/Documents/GitHub/cc65/lib/c64.lib(clinechars.o):
/cygdrive/c/Users/Craig Vella/Documents/GitHub/cc65/lib/c64.lib(clrscr.o):
/cygdrive/c/Users/Craig Vella/Documents/GitHub/cc65/lib/c64.lib(color.o):
    CODE              Offs=000505  Size=000010  Align=00001  Fill=0000
/cygdrive/c/Users/Craig Vella/Documents/GitHub/cc65/lib/c64.lib(condes.o):
    CODE              Offs=000515  Size=00000C  Align=00001  Fill=0000
    DATA              Offs=000007  Size=000025  Align=00001  Fill=0000
    ONCE              Offs=000000  Size=00000C  Align=00001  Fill=0000
/cygdrive/c/Users/Craig Vella/Documents/GitHub/cc65/lib/c64.lib(conio.o):
/cygdrive/c/Users/Craig Vella/Documents/GitHub/cc65/lib/c64.lib(cprintf.o):
    CODE              Offs=000521  Size=00002A  Align=00001  Fill=0000
    BSS               Offs=00002C  Size=000001  Align=00001  Fill=0000
/cygdrive/c/Users/Craig Vella/Documents/GitHub/cc65/lib/c64.lib(cputc.o):
    CODE              Offs=00054B  Size=00006D  Align=00001  Fill=0000
/cygdrive/c/Users/Craig Vella/Documents/GitHub/cc65/lib/c64.lib(crt0.o):
    STARTUP           Offs=000000  Size=000033  Align=00001  Fill=0000
    ONCE              Offs=00000C  Size=00001A  Align=00001  Fill=0000
    INIT              Offs=000000  Size=00001C  Align=00001  Fill=0000
/cygdrive/c/Users/Craig Vella/Documents/GitHub/cc65/lib/c64.lib(ctype.o):
    RODATA            Offs=00002C  Size=00008B  Align=00001  Fill=0000
/cygdrive/c/Users/Craig Vella/Documents/GitHub/cc65/lib/c64.lib(ctypemask.o):
    CODE              Offs=0005B8  Size=00001E  Align=00001  Fill=0000
/cygdrive/c/Users/Craig Vella/Documents/GitHub/cc65/lib/c64.lib(cvline.o):
    CODE              Offs=0005D6  Size=000018  Align=00001  Fill=0000
/cygdrive/c/Users/Craig Vella/Documents/GitHub/cc65/lib/c64.lib(decsp2.o):
    CODE              Offs=0005EE  Size=00000D  Align=00001  Fill=0000
/cygdrive/c/Users/Craig Vella/Documents/GitHub/cc65/lib/c64.lib(decsp4.o):
    CODE              Offs=0005FB  Size=00000D  Align=00001  Fill=0000
/cygdrive/c/Users/Craig Vella/Documents/GitHub/cc65/lib/c64.lib(decsp6.o):
    CODE              Offs=000608  Size=00000D  Align=00001  Fill=0000
/cygdrive/c/Users/Craig Vella/Documents/GitHub/cc65/lib/c64.lib(exehdr.o):
    EXEHDR            Offs=000000  Size=00000C  Align=00001  Fill=0000
/cygdrive/c/Users/Craig Vella/Documents/GitHub/cc65/lib/c64.lib(gotoxy.o):
    CODE              Offs=000615  Size=00000D  Align=00001  Fill=0000
/cygdrive/c/Users/Craig Vella/Documents/GitHub/cc65/lib/c64.lib(incsp2.o):
    CODE              Offs=000622  Size=000016  Align=00001  Fill=0000
/cygdrive/c/Users/Craig Vella/Documents/GitHub/cc65/lib/c64.lib(kernal.o):
/cygdrive/c/Users/Craig Vella/Documents/GitHub/cc65/lib/c64.lib(kplot.o):
    CODE              Offs=000638  Size=00000B  Align=00001  Fill=0000
/cygdrive/c/Users/Craig Vella/Documents/GitHub/cc65/lib/c64.lib(lneg.o):
    CODE              Offs=000643  Size=00001E  Align=00001  Fill=0000
/cygdrive/c/Users/Craig Vella/Documents/GitHub/cc65/lib/c64.lib(loadaddr.o):
    LOADADDR          Offs=000000  Size=000002  Align=00001  Fill=0000
/cygdrive/c/Users/Craig Vella/Documents/GitHub/cc65/lib/c64.lib(lpush.o):
    CODE              Offs=000661  Size=000021  Align=00001  Fill=0000
/cygdrive/c/Users/Craig Vella/Documents/GitHub/cc65/lib/c64.lib(ltoa.o):
    CODE              Offs=000682  Size=000095  Align=00001  Fill=0000
/cygdrive/c/Users/Craig Vella/Documents/GitHub/cc65/lib/c64.lib(popa.o):
    CODE              Offs=000717  Size=00000C  Align=00001  Fill=0000
/cygdrive/c/Users/Craig Vella/Documents/GitHub/cc65/lib/c64.lib(popptr1.o):
    CODE              Offs=000723  Size=00000E  Align=00001  Fill=0000
/cygdrive/c/Users/Craig Vella/Documents/GitHub/cc65/lib/c64.lib(push1.o):
    CODE              Offs=000731  Size=000005  Align=00001  Fill=0000
/cygdrive/c/Users/Craig Vella/Documents/GitHub/cc65/lib/c64.lib(pusha.o):
    CODE              Offs=000736  Size=000016  Align=00001  Fill=0000
/cygdrive/c/Users/Craig Vella/Documents/GitHub/cc65/lib/c64.lib(pushax.o):
    CODE              Offs=00074C  Size=00001A  Align=00001  Fill=0000
/cygdrive/c/Users/Craig Vella/Documents/GitHub/cc65/lib/c64.lib(scrsize.o):
    CODE              Offs=000766  Size=000013  Align=00001  Fill=0000
/cygdrive/c/Users/Craig Vella/Documents/GitHub/cc65/lib/c64.lib(shrax1.o):
    CODE              Offs=000779  Size=000008  Align=00001  Fill=0000
/cygdrive/c/Users/Craig Vella/Documents/GitHub/cc65/lib/c64.lib(status.o):
/cygdrive/c/Users/Craig Vella/Documents/GitHub/cc65/lib/c64.lib(strlen.o):
    CODE              Offs=000781  Size=000016  Align=00001  Fill=0000
/cygdrive/c/Users/Craig Vella/Documents/GitHub/cc65/lib/c64.lib(strlower.o):
    CODE              Offs=000797  Size=000027  Align=00001  Fill=0000
/cygdrive/c/Users/Craig Vella/Documents/GitHub/cc65/lib/c64.lib(sub.o):
    CODE              Offs=0007BE  Size=000015  Align=00001  Fill=0000
/cygdrive/c/Users/Craig Vella/Documents/GitHub/cc65/lib/c64.lib(vcprintf.o):
    CODE              Offs=0007D3  Size=000078  Align=00001  Fill=0000
    DATA              Offs=00002C  Size=000008  Align=00001  Fill=0000
/cygdrive/c/Users/Craig Vella/Documents/GitHub/cc65/lib/c64.lib(zerobss.o):
    CODE              Offs=00084B  Size=000023  Align=00001  Fill=0000
/cygdrive/c/Users/Craig Vella/Documents/GitHub/cc65/lib/c64.lib(zeropage.o):
    ZEROPAGE          Offs=000000  Size=00001A  Align=00001  Fill=0000


Segment list:
-------------
Name                   Start     End    Size  Align
----------------------------------------------------
ZEROPAGE              000002  00001B  00001A  00001
LOADADDR              0007FF  000800  000002  00001
EXEHDR                000801  00080C  00000C  00001
STARTUP               00080D  00083F  000033  00001
CODE                  000840  0010AD  00086E  00001
RODATA                0010AE  001164  0000B7  00001
DATA                  001165  001198  000034  00001
INIT                  001199  0011B4  00001C  00001
BSS                   0011B5  0011E1  00002D  00001
ONCE                  0011B5  0011DA  000026  00001


Exports list by name:
---------------------
BSOUT                     00FFD2 RLA    CURS_X                    0000D3 RLZ    
CURS_Y                    0000D6 RLZ    PLOT                      000E78 RLA    
SCREEN                    00FFED RLA    ST                        000090 RLZ    
__BSS_RUN__               0011B5 RLA    __BSS_SIZE__              00002D REA    
__CONSTRUCTOR_COUNT__     000000 REA    __CONSTRUCTOR_TABLE__     0011DB RLA    
__DESTRUCTOR_COUNT__      000000 REA    __DESTRUCTOR_TABLE__      001165 RLA    
__EXEHDR__                000001 REA    __HEADER_LAST__           00080D RLA    
__HIMEM__                 00D000 REA    __LOADADDR__              000001 REA    
__MAIN_SIZE__             00C7F3 REA    __MAIN_START__            00080D RLA    
__ONCE_RUN__              0011B5 RLA    __STACKSIZE__             000800 REA    
__STARTUP__               000001 REA    __ctype                   0010DA RLA    
__ctypeidx                0010E5 RLA    __hextab                  0010BE RLA    
__longminstr              0010CE RLA    __printf                  0009FD RLA    
_bgcolor                  000D4D RLA    _bordercolor              000CCA RLA    
_cgetc                    000CE9 RLA    _chline                   000D35 RLA    
_clrscr                   00E544 REA    _cprintf                  000D61 RLA    
_cputc                    000D90 RLA    _cvlinexy                 000E16 RLA    
_gotoxy                   000E58 RLA    _ltoa                     000EDA RLA    
_main                     000840 RLA    _screensize               000FA6 RLA    
_strlen                   000FC1 RLA    _strlower                 000FD7 RLA    
_textcolor                000D45 RLA    _ultoa                    000F1B RLA    
_vcprintf                 00105B RLA    addysp                    000CB0 RLA    
addysp1                   000CAF RLA    axlong                    000CBD RLA    
axulong                   000CC3 RLA    callmain                  000CD2 RLA    
chlinechar                000040 REZ    cputdirect                000DAF RLA    
ctypemaskdirect           000DFC RLA    cursor                    0011B5 RLA    
cvlinechar                00005D REZ    decsp2                    000E2E RLA    
decsp4                    000E3B RLA    decsp6                    000E48 RLA    
donelib                   000D55 RLA    gotoxy                    000E55 RLA    
incsp2                    000E6A RLA    initlib                   0011B5 RLA    
negeax                    000E83 RLA    newline                   000DBF RLA    
plot                      000DE4 RLA    popa                      000F57 RLA    
popax                     000E62 RLA    popptr1                   000F63 RLA    
ptr1                      00000A RLZ    ptr2                      00000C RLZ    
ptr3                      00000E RLZ    push1                     000F71 RLA    
pusha                     000F7A RLA    pusha0                    000F8E RLA    
pushax                    000F90 RLA    pusheax                   000EAA RLA    
putchar                   000DEC RLA    regbank                   000016 RLZ    
screensize                00FFED REA    shrax1                    000FB9 RLA    
sp                        000002 RLZ    sreg                      000004 RLZ    
tmp1                      000012 RLZ    tossuba0                  000FFE RLA    
zerobss                   00108B RLA    


Exports list by value:
----------------------
__CONSTRUCTOR_COUNT__     000000 REA    __DESTRUCTOR_COUNT__      000000 REA    
__LOADADDR__              000001 REA    __EXEHDR__                000001 REA    
__STARTUP__               000001 REA    sp                        000002 RLZ    
sreg                      000004 RLZ    ptr1                      00000A RLZ    
ptr2                      00000C RLZ    ptr3                      00000E RLZ    
tmp1                      000012 RLZ    regbank                   000016 RLZ    
__BSS_SIZE__              00002D REA    chlinechar                000040 REZ    
cvlinechar                00005D REZ    ST                        000090 RLZ    
CURS_X                    0000D3 RLZ    CURS_Y                    0000D6 RLZ    
__STACKSIZE__             000800 REA    __HEADER_LAST__           00080D RLA    
__MAIN_START__            00080D RLA    _main                     000840 RLA    
__printf                  0009FD RLA    addysp1                   000CAF RLA    
addysp                    000CB0 RLA    axlong                    000CBD RLA    
axulong                   000CC3 RLA    _bordercolor              000CCA RLA    
callmain                  000CD2 RLA    _cgetc                    000CE9 RLA    
_chline                   000D35 RLA    _textcolor                000D45 RLA    
_bgcolor                  000D4D RLA    donelib                   000D55 RLA    
_cprintf                  000D61 RLA    _cputc                    000D90 RLA    
cputdirect                000DAF RLA    newline                   000DBF RLA    
plot                      000DE4 RLA    putchar                   000DEC RLA    
ctypemaskdirect           000DFC RLA    _cvlinexy                 000E16 RLA    
decsp2                    000E2E RLA    decsp4                    000E3B RLA    
decsp6                    000E48 RLA    gotoxy                    000E55 RLA    
_gotoxy                   000E58 RLA    popax                     000E62 RLA    
incsp2                    000E6A RLA    PLOT                      000E78 RLA    
negeax                    000E83 RLA    pusheax                   000EAA RLA    
_ltoa                     000EDA RLA    _ultoa                    000F1B RLA    
popa                      000F57 RLA    popptr1                   000F63 RLA    
push1                     000F71 RLA    pusha                     000F7A RLA    
pusha0                    000F8E RLA    pushax                    000F90 RLA    
_screensize               000FA6 RLA    shrax1                    000FB9 RLA    
_strlen                   000FC1 RLA    _strlower                 000FD7 RLA    
tossuba0                  000FFE RLA    _vcprintf                 00105B RLA    
zerobss                   00108B RLA    __hextab                  0010BE RLA    
__longminstr              0010CE RLA    __ctype                   0010DA RLA    
__ctypeidx                0010E5 RLA    __DESTRUCTOR_TABLE__      001165 RLA    
initlib                   0011B5 RLA    __ONCE_RUN__              0011B5 RLA    
__BSS_RUN__               0011B5 RLA    cursor                    0011B5 RLA    
__CONSTRUCTOR_TABLE__     0011DB RLA    __MAIN_SIZE__             00C7F3 REA    
__HIMEM__                 00D000 REA    _clrscr                   00E544 REA    
BSOUT                     00FFD2 RLA    screensize                00FFED REA    
SCREEN                    00FFED RLA    


Imports list:
-------------
BSOUT (kernal.o):
    crt0.o                    c64/crt0.s:10
CURS_X (conio.o):
    gotoxy.o                  cbm/gotoxy.s:9
CURS_Y (conio.o):
    gotoxy.o                  cbm/gotoxy.s:9
PLOT (kplot.o):
    cputc.o                   c64/cputc.s:11
SCREEN (kernal.o):
    _scrsize.o                c64/_scrsize.s:8
ST (status.o):
    crt0.o                    c64/crt0.s:13
__BSS_RUN__ ([linker generated]):
    zerobss.o                 common/zerobss.s:8
__BSS_SIZE__ ([linker generated]):
    zerobss.o                 common/zerobss.s:8
__CONSTRUCTOR_COUNT__ ([linker generated]):
    condes.o                  runtime/condes.s:18
__CONSTRUCTOR_TABLE__ ([linker generated]):
    condes.o                  runtime/condes.s:18
__DESTRUCTOR_COUNT__ ([linker generated]):
    condes.o                  runtime/condes.s:19
__DESTRUCTOR_TABLE__ ([linker generated]):
    condes.o                  runtime/condes.s:19
__EXEHDR__ (exehdr.o):
    [linker generated]        /cygdrive/c/Users/Craig Vella/Documents/GitHub/cc65/cfg/c64.cfg:6
__HEADER_LAST__ ([linker generated]):
    [linker generated]        /cygdrive/c/Users/Craig Vella/Documents/GitHub/cc65/cfg/c64.cfg:14
    [linker generated]        /cygdrive/c/Users/Craig Vella/Documents/GitHub/cc65/cfg/c64.cfg:14
__HIMEM__ ([linker generated]):
    [linker generated]        /cygdrive/c/Users/Craig Vella/Documents/GitHub/cc65/cfg/c64.cfg:15
    [linker generated]        /cygdrive/c/Users/Craig Vella/Documents/GitHub/cc65/cfg/c64.cfg:14
__LOADADDR__ (loadaddr.o):
    [linker generated]        /cygdrive/c/Users/Craig Vella/Documents/GitHub/cc65/cfg/c64.cfg:5
__MAIN_SIZE__ ([linker generated]):
    crt0.o                    c64/crt0.s:11
__MAIN_START__ ([linker generated]):
    crt0.o                    c64/crt0.s:11
__ONCE_RUN__ ([linker generated]):
    [linker generated]        /cygdrive/c/Users/Craig Vella/Documents/GitHub/cc65/cfg/c64.cfg:15
    [linker generated]        /cygdrive/c/Users/Craig Vella/Documents/GitHub/cc65/cfg/c64.cfg:15
__STACKSIZE__ ([linker generated]):
    [linker generated]        /cygdrive/c/Users/Craig Vella/Documents/GitHub/cc65/cfg/c64.cfg:15
__STARTUP__ (crt0.o):
    hello.o                   hello.s:27
__ctype (ctype.o):
    ctypemask.o               common/ctypemask.s:23
__ctypeidx (ctype.o):
    ctypemask.o               common/ctypemask.s:24
__hextab (_hextab.o):
    ltoa.o                    common/ltoa.s:10
__longminstr (_longminstr.o):
    ltoa.o                    common/ltoa.s:10
__printf (_printf.o):
    vcprintf.o                conio/vcprintf.s:9
_bgcolor (color.o):
    hello.o                   hello.s:47
_bordercolor (bordercolor.o):
    hello.o                   hello.s:48
_cgetc (cgetc.o):
    hello.o                   hello.s:45
_chline (chline.o):
    hello.o                   hello.s:49
_clrscr (clrscr.o):
    hello.o                   hello.s:41
_cprintf (cprintf.o):
    hello.o                   hello.s:44
_cputc (cputc.o):
    vcprintf.o                conio/vcprintf.s:9
    hello.o                   hello.s:43
_cvlinexy (cvline.o):
    hello.o                   hello.s:50
_gotoxy (gotoxy.o):
    hello.o                   hello.s:42
_ltoa (ltoa.o):
    _printf.o                 common/_printf.s:12
_main (hello.o):
    callmain.o                runtime/callmain.s:11
_screensize (scrsize.o):
    hello.o                   hello.s:51
_strlen (strlen.o):
    _printf.o                 common/_printf.s:13
_strlower (strlower.o):
    _printf.o                 common/_printf.s:13
_textcolor (color.o):
    hello.o                   hello.s:46
_ultoa (ltoa.o):
    _printf.o                 common/_printf.s:12
_vcprintf (vcprintf.o):
    cprintf.o                 conio/cprintf.s:8
addysp (addysp.o):
    cprintf.o                 conio/cprintf.s:8
addysp1 (addysp.o):
    sub.o                     runtime/sub.s:8
axlong (axlong.o):
    _printf.o                 common/_printf.s:11
axulong (axlong.o):
    _printf.o                 common/_printf.s:11
callmain (callmain.o):
    crt0.o                    c64/crt0.s:9
chlinechar (clinechars.o):
    chline.o                  cbm/chline.s:10
cputdirect (cputc.o):
    chline.o                  cbm/chline.s:9
ctypemaskdirect (ctypemask.o):
    strlower.o                common/strlower.s:14
cursor (_cursor.o):
    cgetc.o                   c64/cgetc.s:8
cvlinechar (clinechars.o):
    cvline.o                  cbm/cvline.s:10
decsp2 (decsp2.o):
    hello.o                   hello.s:249
decsp4 (decsp4.o):
    lpush.o                   runtime/lpush.s:12
decsp6 (decsp6.o):
    _printf.o                 common/_printf.s:11
donelib (condes.o):
    crt0.o                    c64/crt0.s:8
gotoxy (gotoxy.o):
    cvline.o                  cbm/cvline.s:9
    cputc.o                   c64/cputc.s:10
    chline.o                  cbm/chline.s:9
incsp2 (incsp2.o):
    popptr1.o                 runtime/popptr1.s:8
    hello.o                   hello.s:249
initlib (condes.o):
    crt0.o                    c64/crt0.s:8
negeax (lneg.o):
    ltoa.o                    common/ltoa.s:9
newline (cputc.o):
    cvline.o                  cbm/cvline.s:9
plot (cputc.o):
    gotoxy.o                  cbm/gotoxy.s:8
popa (popa.o):
    gotoxy.o                  cbm/gotoxy.s:8
popax (incsp2.o):
    ltoa.o                    common/ltoa.s:9
    _printf.o                 common/_printf.s:11
    vcprintf.o                conio/vcprintf.s:8
popptr1 (popptr1.o):
    ltoa.o                    common/ltoa.s:9
    vcprintf.o                conio/vcprintf.s:8
    scrsize.o                 conio/scrsize.s:9
ptr1 (zeropage.o):
    strlower.o                common/strlower.s:13
    popptr1.o                 runtime/popptr1.s:9
    ltoa.o                    common/ltoa.s:11
    _printf.o                 /cygdrive/c/Users/Craig Vella/Documents/GitHub/cc65/asminc/zeropage.inc:12
    zerobss.o                 common/zerobss.s:9
    vcprintf.o                conio/vcprintf.s:10
    scrsize.o                 conio/scrsize.s:11
    cprintf.o                 conio/cprintf.s:9
ptr2 (zeropage.o):
    strlower.o                common/strlower.s:13
    strlen.o                  common/strlen.s:12
    ltoa.o                    common/ltoa.s:11
    _printf.o                 /cygdrive/c/Users/Craig Vella/Documents/GitHub/cc65/asminc/zeropage.inc:12
    vcprintf.o                conio/vcprintf.s:10
    scrsize.o                 conio/scrsize.s:11
ptr3 (zeropage.o):
    ltoa.o                    common/ltoa.s:11
    vcprintf.o                conio/vcprintf.s:10
push1 (push1.o):
    _printf.o                 common/_printf.s:11
pusha (pusha.o):
    hello.o                   hello.s:249
pusha0 (pushax.o):
    push1.o                   runtime/push1.s:8
    hello.o                   hello.s:249
pushax (pushax.o):
    callmain.o                runtime/callmain.s:11
    _printf.o                 common/_printf.s:11
    vcprintf.o                conio/vcprintf.s:8
    cprintf.o                 conio/cprintf.s:8
    hello.o                   hello.s:249
pusheax (lpush.o):
    _printf.o                 common/_printf.s:11
putchar (cputc.o):
    cvline.o                  cbm/cvline.s:9
regbank (zeropage.o):
    _printf.o                 /cygdrive/c/Users/Craig Vella/Documents/GitHub/cc65/asminc/zeropage.inc:14
screensize (_scrsize.o):
    scrsize.o                 conio/scrsize.s:10
shrax1 (shrax1.o):
    hello.o                   hello.s:249
sp (zeropage.o):
    decsp4.o                  runtime/decsp4.s:8
    popptr1.o                 runtime/popptr1.s:9
    lpush.o                   runtime/lpush.s:13
    decsp6.o                  runtime/decsp6.s:8
    addysp.o                  runtime/addysp.s:8
    _printf.o                 /cygdrive/c/Users/Craig Vella/Documents/GitHub/cc65/asminc/zeropage.inc:11
    vcprintf.o                conio/vcprintf.s:10
    sub.o                     runtime/sub.s:9
    pushax.o                  runtime/pushax.s:8
    pusha.o                   runtime/pusha.s:8
    popa.o                    runtime/popa.s:8
    incsp2.o                  runtime/incsp2.s:8
    decsp2.o                  runtime/decsp2.s:8
    crt0.o                    /cygdrive/c/Users/Craig Vella/Documents/GitHub/cc65/asminc/zeropage.inc:11
    cprintf.o                 conio/cprintf.s:9
    hello.o                   hello.s:10
sreg (zeropage.o):
    lneg.o                    runtime/lneg.s:11
    ltoa.o                    common/ltoa.s:11
    lpush.o                   runtime/lpush.s:13
    axlong.o                  runtime/axlong.s:9
    _printf.o                 /cygdrive/c/Users/Craig Vella/Documents/GitHub/cc65/asminc/zeropage.inc:11
tmp1 (zeropage.o):
    ltoa.o                    common/ltoa.s:11
    _printf.o                 /cygdrive/c/Users/Craig Vella/Documents/GitHub/cc65/asminc/zeropage.inc:13
    vcprintf.o                conio/vcprintf.s:10
    shrax1.o                  runtime/shrax1.s:8
    cvline.o                  cbm/cvline.s:10
    chline.o                  cbm/chline.s:10
tossuba0 (sub.o):
    hello.o                   hello.s:249
zerobss (zerobss.o):
    crt0.o                    c64/crt0.s:9

