Modules list:
-------------
hello.o:
    CODE              Offs=000000  Size=000054  Align=00001  Fill=0000
    RODATA            Offs=000000  Size=000007  Align=00001  Fill=0000
    BSS               Offs=000000  Size=000001  Align=00001  Fill=0000
    DATA              Offs=000000  Size=000001  Align=00001  Fill=0000
/cygdrive/c/Users/Craig Vella/Documents/GitHub/cc65/lib/atari2600.lib(copydata.o):
    CODE              Offs=000054  Size=00002D  Align=00001  Fill=0000
/cygdrive/c/Users/Craig Vella/Documents/GitHub/cc65/lib/atari2600.lib(crt0.o):
    STARTUP           Offs=000000  Size=00001A  Align=00001  Fill=0000
    VECTORS           Offs=000000  Size=000006  Align=00001  Fill=0000
/cygdrive/c/Users/Craig Vella/Documents/GitHub/cc65/lib/atari2600.lib(pusha.o):
    CODE              Offs=000081  Size=000016  Align=00001  Fill=0000
/cygdrive/c/Users/Craig Vella/Documents/GitHub/cc65/lib/atari2600.lib(zeropage.o):
    ZEROPAGE          Offs=000000  Size=00001A  Align=00001  Fill=0000


Segment list:
-------------
Name                   Start     End    Size  Align
----------------------------------------------------
ZEROPAGE              000080  000099  00001A  00001
DATA                  00009A  00009A  000001  00001
BSS                   00009B  00009B  000001  00001
STARTUP               00F000  00F019  00001A  00001
CODE                  00F01A  00F0B0  000097  00001
RODATA                00F0B1  00F0B7  000007  00001
VECTORS               00FFFA  00FFFF  000006  00001


Exports list by name:
---------------------
__DATA_LOAD__             00F0B8 RLA    __DATA_RUN__              00009A RLA    
__DATA_SIZE__             000001 REA    __RAM_SIZE__              000070 REA    
__RAM_START__             000080 RLA    __STACKSIZE__             000010 REA    
__STARTUP__               000001 REA    _main                     00F01A RLA    
copydata                  00F06E RLA    ptr1                      000088 RLZ    
ptr2                      00008A RLZ    pusha                     00F09F RLA    
sp                        000080 RLZ    tmp1                      000090 RLZ    



Exports list by value:
----------------------
__STARTUP__               000001 REA    __DATA_SIZE__             000001 REA    
__STACKSIZE__             000010 REA    __RAM_SIZE__              000070 REA    
sp                        000080 RLZ    __RAM_START__             000080 RLA    
ptr1                      000088 RLZ    ptr2                      00008A RLZ    
tmp1                      000090 RLZ    __DATA_RUN__              00009A RLA    
_main                     00F01A RLA    copydata                  00F06E RLA    
pusha                     00F09F RLA    __DATA_LOAD__             00F0B8 RLA    



Imports list:
-------------
__DATA_LOAD__ ([linker generated]):
    copydata.o                common/copydata.s:8
__DATA_RUN__ ([linker generated]):
    copydata.o                common/copydata.s:8
__DATA_SIZE__ ([linker generated]):
    copydata.o                common/copydata.s:8
__RAM_SIZE__ ([linker generated]):
    crt0.o                    atari2600/crt0.s:8
__RAM_START__ ([linker generated]):
    crt0.o                    atari2600/crt0.s:8
__STACKSIZE__ ([linker generated]):
    [linker generated]        /cygdrive/c/Users/Craig Vella/Documents/GitHub/cc65/cfg/atari2600.cfg:10
__STARTUP__ (crt0.o):
    hello.o                   hello.s:13
_main (hello.o):
    crt0.o                    atari2600/crt0.s:10
copydata (copydata.o):
    crt0.o                    atari2600/crt0.s:9
ptr1 (zeropage.o):
    copydata.o                common/copydata.s:9
ptr2 (zeropage.o):
    copydata.o                common/copydata.s:9
pusha (pusha.o):
    hello.o                   hello.s:84
sp (zeropage.o):
    pusha.o                   runtime/pusha.s:8
    crt0.o                    /cygdrive/c/Users/Craig Vella/Documents/GitHub/cc65/asminc/zeropage.inc:11
    hello.o                   hello.s:10
tmp1 (zeropage.o):
    copydata.o                common/copydata.s:9

