Modules list:
-------------
hello.o:
    CODE              Offs=000000  Size=0000B1  Align=00001  Fill=0000
    RODATA            Offs=000000  Size=00000D  Align=00001  Fill=0000
/cygdrive/c/Users/Craig Vella/Documents/GitHub/cc65/lib/lynx.lib(addysp.o):
    CODE              Offs=0000B1  Size=00000E  Align=00001  Fill=0000
/cygdrive/c/Users/Craig Vella/Documents/GitHub/cc65/lib/lynx.lib(bootldr.o):
    BOOTLDR           Offs=000000  Size=0000CB  Align=00001  Fill=0000
/cygdrive/c/Users/Craig Vella/Documents/GitHub/cc65/lib/lynx.lib(callirq.o):
    DATA              Offs=000000  Size=00001E  Align=00001  Fill=0000
/cygdrive/c/Users/Craig Vella/Documents/GitHub/cc65/lib/lynx.lib(callmain.o):
    CODE              Offs=0000BF  Size=000017  Align=00001  Fill=0000
    DATA              Offs=00001E  Size=000004  Align=00001  Fill=0000
/cygdrive/c/Users/Craig Vella/Documents/GitHub/cc65/lib/lynx.lib(condes.o):
    CODE              Offs=0000D6  Size=00000C  Align=00001  Fill=0000
    DATA              Offs=000022  Size=000025  Align=00001  Fill=0000
    ONCE              Offs=000000  Size=00000C  Align=00001  Fill=0000
/cygdrive/c/Users/Craig Vella/Documents/GitHub/cc65/lib/lynx.lib(crt0.o):
    RODATA            Offs=00000D  Size=00002C  Align=00001  Fill=0000
    STARTUP           Offs=000000  Size=00006D  Align=00001  Fill=0000
/cygdrive/c/Users/Craig Vella/Documents/GitHub/cc65/lib/lynx.lib(decax1.o):
    CODE              Offs=0000E2  Size=000007  Align=00001  Fill=0000
/cygdrive/c/Users/Craig Vella/Documents/GitHub/cc65/lib/lynx.lib(decsp4.o):
    CODE              Offs=0000E9  Size=00000D  Align=00001  Fill=0000
/cygdrive/c/Users/Craig Vella/Documents/GitHub/cc65/lib/lynx.lib(decsp6.o):
    CODE              Offs=0000F6  Size=00000D  Align=00001  Fill=0000
/cygdrive/c/Users/Craig Vella/Documents/GitHub/cc65/lib/lynx.lib(defdir.o):
    DIRECTORY         Offs=000000  Size=000008  Align=00001  Fill=0000
/cygdrive/c/Users/Craig Vella/Documents/GitHub/cc65/lib/lynx.lib(exehdr.o):
    EXEHDR            Offs=000000  Size=000040  Align=00001  Fill=0000
/cygdrive/c/Users/Craig Vella/Documents/GitHub/cc65/lib/lynx.lib(extzp.o):
    EXTZP             Offs=000000  Size=000019  Align=00001  Fill=0000
/cygdrive/c/Users/Craig Vella/Documents/GitHub/cc65/lib/lynx.lib(imul16x16r32.o):
    CODE              Offs=000103  Size=00002B  Align=00001  Fill=0000
/cygdrive/c/Users/Craig Vella/Documents/GitHub/cc65/lib/lynx.lib(incsp2.o):
    CODE              Offs=00012E  Size=000015  Align=00001  Fill=0000
/cygdrive/c/Users/Craig Vella/Documents/GitHub/cc65/lib/lynx.lib(incsp4.o):
    CODE              Offs=000143  Size=000005  Align=00001  Fill=0000
/cygdrive/c/Users/Craig Vella/Documents/GitHub/cc65/lib/lynx.lib(irq.o):
    CODE              Offs=000148  Size=000001  Align=00001  Fill=0000
    ONCE              Offs=00000C  Size=00000D  Align=00001  Fill=0000
    LOWCODE           Offs=000000  Size=000010  Align=00001  Fill=0000
/cygdrive/c/Users/Craig Vella/Documents/GitHub/cc65/lib/lynx.lib(lneg.o):
    CODE              Offs=000149  Size=00001E  Align=00001  Fill=0000
/cygdrive/c/Users/Craig Vella/Documents/GitHub/cc65/lib/lynx.lib(negabs.o):
    CODE              Offs=000167  Size=000012  Align=00001  Fill=0000
/cygdrive/c/Users/Craig Vella/Documents/GitHub/cc65/lib/lynx.lib(popa.o):
    CODE              Offs=000179  Size=00000A  Align=00001  Fill=0000
/cygdrive/c/Users/Craig Vella/Documents/GitHub/cc65/lib/lynx.lib(pusha.o):
    CODE              Offs=000183  Size=000016  Align=00001  Fill=0000
/cygdrive/c/Users/Craig Vella/Documents/GitHub/cc65/lib/lynx.lib(pushax.o):
    CODE              Offs=000199  Size=00001A  Align=00001  Fill=0000
/cygdrive/c/Users/Craig Vella/Documents/GitHub/cc65/lib/lynx.lib(pushwsp.o):
    CODE              Offs=0001B3  Size=00001C  Align=00001  Fill=0000
/cygdrive/c/Users/Craig Vella/Documents/GitHub/cc65/lib/lynx.lib(shrax1.o):
    CODE              Offs=0001CF  Size=000008  Align=00001  Fill=0000
/cygdrive/c/Users/Craig Vella/Documents/GitHub/cc65/lib/lynx.lib(staxsp.o):
    CODE              Offs=0001D7  Size=00000B  Align=00001  Fill=0000
/cygdrive/c/Users/Craig Vella/Documents/GitHub/cc65/lib/lynx.lib(strlen.o):
    CODE              Offs=0001E2  Size=000016  Align=00001  Fill=0000
/cygdrive/c/Users/Craig Vella/Documents/GitHub/cc65/lib/lynx.lib(sub.o):
    CODE              Offs=0001F8  Size=000014  Align=00001  Fill=0000
/cygdrive/c/Users/Craig Vella/Documents/GitHub/cc65/lib/lynx.lib(tgi-kernel.o):
    CODE              Offs=00020C  Size=00007F  Align=00001  Fill=0000
    RODATA            Offs=000039  Size=000004  Align=00001  Fill=0000
    BSS               Offs=000000  Size=000028  Align=00001  Fill=0000
    DATA              Offs=000047  Size=000039  Align=00001  Fill=0000
/cygdrive/c/Users/Craig Vella/Documents/GitHub/cc65/lib/lynx.lib(tgi_clear.o):
/cygdrive/c/Users/Craig Vella/Documents/GitHub/cc65/lib/lynx.lib(tgi_clippedline.o):
    CODE              Offs=00028B  Size=0001E3  Align=00001  Fill=0000
    BSS               Offs=000028  Size=000008  Align=00001  Fill=0000
/cygdrive/c/Users/Craig Vella/Documents/GitHub/cc65/lib/lynx.lib(tgi_colors.o):
/cygdrive/c/Users/Craig Vella/Documents/GitHub/cc65/lib/lynx.lib(tgi_curtoxy.o):
    CODE              Offs=00046E  Size=000015  Align=00001  Fill=0000
/cygdrive/c/Users/Craig Vella/Documents/GitHub/cc65/lib/lynx.lib(tgi_done.o):
    CODE              Offs=000483  Size=00000E  Align=00001  Fill=0000
/cygdrive/c/Users/Craig Vella/Documents/GitHub/cc65/lib/lynx.lib(tgi_getmaxx.o):
    CODE              Offs=000491  Size=000007  Align=00001  Fill=0000
/cygdrive/c/Users/Craig Vella/Documents/GitHub/cc65/lib/lynx.lib(tgi_getmaxy.o):
    CODE              Offs=000498  Size=000007  Align=00001  Fill=0000
/cygdrive/c/Users/Craig Vella/Documents/GitHub/cc65/lib/lynx.lib(tgi_gettextheight.o):
    CODE              Offs=00049F  Size=00002E  Align=00001  Fill=0000
/cygdrive/c/Users/Craig Vella/Documents/GitHub/cc65/lib/lynx.lib(tgi_gettextwidth.o):
    CODE              Offs=0004CD  Size=000057  Align=00001  Fill=0000
/cygdrive/c/Users/Craig Vella/Documents/GitHub/cc65/lib/lynx.lib(tgi_getxres.o):
    CODE              Offs=000524  Size=000007  Align=00001  Fill=0000
/cygdrive/c/Users/Craig Vella/Documents/GitHub/cc65/lib/lynx.lib(tgi_getyres.o):
    CODE              Offs=00052B  Size=000007  Align=00001  Fill=0000
/cygdrive/c/Users/Craig Vella/Documents/GitHub/cc65/lib/lynx.lib(tgi_imulround.o):
    CODE              Offs=000532  Size=000025  Align=00001  Fill=0000
/cygdrive/c/Users/Craig Vella/Documents/GitHub/cc65/lib/lynx.lib(tgi_init.o):
    CODE              Offs=000557  Size=000058  Align=00001  Fill=0000
/cygdrive/c/Users/Craig Vella/Documents/GitHub/cc65/lib/lynx.lib(tgi_irq.o):
    DATA              Offs=000080  Size=000003  Align=00001  Fill=0000
/cygdrive/c/Users/Craig Vella/Documents/GitHub/cc65/lib/lynx.lib(tgi_line.o):
    CODE              Offs=0005AF  Size=000018  Align=00001  Fill=0000
/cygdrive/c/Users/Craig Vella/Documents/GitHub/cc65/lib/lynx.lib(tgi_linepop.o):
    CODE              Offs=0005C7  Size=00001C  Align=00001  Fill=0000
/cygdrive/c/Users/Craig Vella/Documents/GitHub/cc65/lib/lynx.lib(tgi_lineto.o):
    CODE              Offs=0005E3  Size=000013  Align=00001  Fill=0000
/cygdrive/c/Users/Craig Vella/Documents/GitHub/cc65/lib/lynx.lib(tgi_outcode.o):
    CODE              Offs=0005F6  Size=000041  Align=00001  Fill=0000
    BSS               Offs=000030  Size=000008  Align=00001  Fill=0000
/cygdrive/c/Users/Craig Vella/Documents/GitHub/cc65/lib/lynx.lib(tgi_outtext.o):
    CODE              Offs=000637  Size=000091  Align=00001  Fill=0000
/cygdrive/c/Users/Craig Vella/Documents/GitHub/cc65/lib/lynx.lib(tgi_outtextxy.o):
    CODE              Offs=0006C8  Size=000021  Align=00001  Fill=0000
/cygdrive/c/Users/Craig Vella/Documents/GitHub/cc65/lib/lynx.lib(tgi_setcolor.o):
    CODE              Offs=0006E9  Size=000013  Align=00001  Fill=0000
/cygdrive/c/Users/Craig Vella/Documents/GitHub/cc65/lib/lynx.lib(tgi_settextstyle.o):
    CODE              Offs=0006FC  Size=000042  Align=00001  Fill=0000
/cygdrive/c/Users/Craig Vella/Documents/GitHub/cc65/lib/lynx.lib(tgi_stat_stddrv.o):
/cygdrive/c/Users/Craig Vella/Documents/GitHub/cc65/lib/lynx.lib(tgi_vectorchar.o):
    CODE              Offs=00073E  Size=0000D5  Align=00001  Fill=0000
    BSS               Offs=000038  Size=000008  Align=00001  Fill=0000
/cygdrive/c/Users/Craig Vella/Documents/GitHub/cc65/lib/lynx.lib(toascii.o):
    CODE              Offs=000813  Size=000003  Align=00001  Fill=0000
/cygdrive/c/Users/Craig Vella/Documents/GitHub/cc65/lib/lynx.lib(udiv32by16r16.o):
    CODE              Offs=000816  Size=000031  Align=00001  Fill=0000
/cygdrive/c/Users/Craig Vella/Documents/GitHub/cc65/lib/lynx.lib(umul16x16r32.o):
    CODE              Offs=000847  Size=00002C  Align=00001  Fill=0000
/cygdrive/c/Users/Craig Vella/Documents/GitHub/cc65/lib/lynx.lib(umul8x16r24.o):
    CODE              Offs=000873  Size=00002B  Align=00001  Fill=0000
/cygdrive/c/Users/Craig Vella/Documents/GitHub/cc65/lib/lynx.lib(zerobss.o):
    CODE              Offs=00089E  Size=000023  Align=00001  Fill=0000
/cygdrive/c/Users/Craig Vella/Documents/GitHub/cc65/lib/lynx.lib(zeropage.o):
    ZEROPAGE          Offs=000000  Size=00001A  Align=00001  Fill=0000
/cygdrive/c/Users/Craig Vella/Documents/GitHub/cc65/lib/lynx.lib(lynx-160-102-16-tgi.o):
    CODE              Offs=0008C1  Size=00039E  Align=00001  Fill=0000
    RODATA            Offs=00003D  Size=000324  Align=00001  Fill=0000
    BSS               Offs=000040  Size=0000BD  Align=00001  Fill=0000
    DATA              Offs=000083  Size=000090  Align=00001  Fill=0000


Segment list:
-------------
Name                   Start     End    Size  Align
----------------------------------------------------
DIRECTORY             000000  000007  000008  00001
EXEHDR                000000  00003F  000040  00001
ZEROPAGE              000000  000019  00001A  00001
EXTZP                 00001A  000032  000019  00001
BOOTLDR               000200  0002CA  0000CB  00001
STARTUP               000200  00026C  00006D  00001
LOWCODE               00026D  00027C  000010  00001
ONCE                  00027D  000297  00001B  00001
CODE                  000298  000EF6  000C5F  00001
RODATA                000EF7  00125B  000365  00001
DATA                  00125C  00136E  000113  00001
BSS                   00136F  00146B  0000FD  00001


Exports list by name:
---------------------
_FileBlockByte            00002F RLZ    _FileBlockOffset          000027 RLZ    
_FileCurrBlock            00002E RLZ    _FileDestAddr             00002A RLZ    
_FileDestPtr              000031 RLZ    _FileEntry                000026 RLZ    
_FileFileLen              00002C RLZ    _FileStartBlock           000026 RLZ    
__BANK0BLOCKSIZE__        000400 REA    __BANK1BLOCKSIZE__        000000 REA    
__BOOTLDR__               000001 REA    __BSS_LOAD__              00136F RLA    
__BSS_RUN__               00136F RLA    __BSS_SIZE__              0000FD REA    
__CALLIRQ__               000001 REA    __CONSTRUCTOR_COUNT__     000001 REA    
__CONSTRUCTOR_TABLE__     000296 RLA    __DEFDIR__                000001 REA    
__DESTRUCTOR_COUNT__      000001 REA    __DESTRUCTOR_TABLE__      001258 RLA    
__EXEHDR__                000001 REA    __INTERRUPTOR_COUNT__     000001 REA    
__INTERRUPTOR_TABLE__     00125A RLA    __MAIN_SIZE__             00B638 REA    
__MAIN_START__            000200 RLA    __STACKSIZE__             000800 REA    
__STARTOFDIRECTORY__      0000CB REA    __STARTUP_LOAD__          000200 RLA    
__STARTUP__               000001 REA    __iodat                   00001A RLZ    
__iodir                   00001B RLZ    __sprsys                  00001D RLZ    
__viddma                  00001C RLZ    _lynx_160_102_16_tgi      0012DF RLA    
_main                     000298 RLA    _strlen                   00047A RLA    
_tgi_charheight           001386 RLA    _tgi_charwidth            001380 RLA    
_tgi_clear                0012B5 REA    _tgi_color                001377 RLA    
_tgi_colorcount           001390 RLA    _tgi_curx                 001373 RLA    
_tgi_cury                 001375 RLA    _tgi_done                 00071B RLA    
_tgi_error                001371 RLA    _tgi_flags                001396 RLA    
_tgi_font                 001378 RLA    _tgi_fontheight           001393 RLA    
_tgi_fontwidth            001392 RLA    _tgi_getmaxx              000729 RLA    
_tgi_getmaxy              000730 RLA    _tgi_gettextheight        000737 RLA    
_tgi_gettextwidth         000765 RLA    _tgi_getxres              0007BC RLA    
_tgi_getyres              0007C3 RLA    _tgi_gmode                001372 RLA    
_tgi_init                 0007EF RLA    _tgi_install              0004A4 RLA    
_tgi_line                 000847 RLA    _tgi_lineto               00087B RLA    
_tgi_outtext              0008CF RLA    _tgi_outtextxy            000960 RLA    
_tgi_setcolor             000981 RLA    _tgi_settextstyle         000994 RLA    
_tgi_static_stddrv        0012DF RLA    _tgi_textdir              001379 RLA    
_tgi_textscaleh           001382 RLA    _tgi_textscalew           00137C RLA    
_tgi_vectorchar           000A18 RLA    _tgi_vectorfont           00137A RLA    
_tgi_xmax                 001388 RLA    _tgi_xres                 00138C RLA    
_tgi_ymax                 00138A RLA    _tgi_yres                 00138E RLA    
_toascii                  000AAB RLA    addysp                    00034A RLA    
addysp1                   000349 RLA    callirq                   00125C RLA    
callmain                  000357 RLA    decax1                    00037A RLA    
decsp4                    000381 RLA    decsp6                    00038E RLA    
doneirq                   0003E0 RLA    donelib                   00036E RLA    
imul16x16r32              00039B RLA    incsp4                    0003DB RLA    
initirq                   000289 RLA    initlib                   00027D RLA    
irq_done                  0003E0  LAI   irq_init                  000289  LAI   
negax                     000403 RLA    negeax                    0003E1 RLA    
popa                      000411 RLA    popax                     0003C6 RLA    
ptr1                      000008 RLZ    ptr2                      00000A RLZ    
ptr3                      00000C RLZ    ptr4                      00000E RLZ    
push0                     000431 RLA    pusha                     00041F RLA    
pushax                    000435 RLA    pushwysp                  00044D RLA    
regbank                   000014 RLZ    shrax1                    000467 RLA    
sp                        000000 RLZ    sreg                      000002 RLZ    
stax0sp                   00046F RLA    staxysp                   000471 RLA    
tgi_clear                 0012B5 RLA    tgi_clip_x1               00139F RLA    
tgi_clip_x2               0013A3 RLA    tgi_clip_y1               0013A1 RLA    
tgi_clip_y2               0013A5 RLA    tgi_clippedline           0005E7 RLA    
tgi_color_white           00000F REZ    tgi_curtoxy               000706 RLA    
tgi_done                  0012AC RLA    tgi_getdefpalette         0012C7 RLA    
tgi_geterror              0012AF RLA    tgi_imulround             0007D1 RLA    
tgi_init                  0012A9 RLA    tgi_inv_arg               0004FA RLA    
tgi_irq                   0012DC  LAI   tgi_libref                0012DC RLA    
tgi_line                  0012D0 RLA    tgi_linepop               00085F RLA    
tgi_outcode               00088E RLA    tgi_outtext               0012D9 RLA    
tgi_setcolor              0012BE RLA    tgi_setdrawpage           0012BB RLA    
tgi_setpalette            0012C1 RLA    tgi_setviewpage           0012B8 RLA    
tmp1                      000010 RLZ    tmp2                      000011 RLZ    
tmp3                      000012 RLZ    tmp4                      000013 RLZ    
tossubax                  000492 RLA    udiv32by16r16             000AAE RLA    
umul16x16r32              000ADF RLA    umul16x16r32m             000AE3 RLA    
umul8x16r16               000B0B RLA    umul8x16r24               000B0B RLA    
zerobss                   000B36 RLA    


Exports list by value:
----------------------
sp                        000000 RLZ    __BANK1BLOCKSIZE__        000000 REA    
__DESTRUCTOR_COUNT__      000001 REA    __BOOTLDR__               000001 REA    
__CALLIRQ__               000001 REA    __STARTUP__               000001 REA    
__INTERRUPTOR_COUNT__     000001 REA    __CONSTRUCTOR_COUNT__     000001 REA    
__EXEHDR__                000001 REA    __DEFDIR__                000001 REA    
sreg                      000002 RLZ    ptr1                      000008 RLZ    
ptr2                      00000A RLZ    ptr3                      00000C RLZ    
ptr4                      00000E RLZ    tgi_color_white           00000F REZ    
tmp1                      000010 RLZ    tmp2                      000011 RLZ    
tmp3                      000012 RLZ    tmp4                      000013 RLZ    
regbank                   000014 RLZ    __iodat                   00001A RLZ    
__iodir                   00001B RLZ    __viddma                  00001C RLZ    
__sprsys                  00001D RLZ    _FileStartBlock           000026 RLZ    
_FileEntry                000026 RLZ    _FileBlockOffset          000027 RLZ    
_FileDestAddr             00002A RLZ    _FileFileLen              00002C RLZ    
_FileCurrBlock            00002E RLZ    _FileBlockByte            00002F RLZ    
_FileDestPtr              000031 RLZ    __STARTOFDIRECTORY__      0000CB REA    
__BSS_SIZE__              0000FD REA    __MAIN_START__            000200 RLA    
__STARTUP_LOAD__          000200 RLA    initlib                   00027D RLA    
initirq                   000289 RLA    irq_init                  000289  LAI   
__CONSTRUCTOR_TABLE__     000296 RLA    _main                     000298 RLA    
addysp1                   000349 RLA    addysp                    00034A RLA    
callmain                  000357 RLA    donelib                   00036E RLA    
decax1                    00037A RLA    decsp4                    000381 RLA    
decsp6                    00038E RLA    imul16x16r32              00039B RLA    
popax                     0003C6 RLA    incsp4                    0003DB RLA    
irq_done                  0003E0  LAI   doneirq                   0003E0 RLA    
negeax                    0003E1 RLA    __BANK0BLOCKSIZE__        000400 REA    
negax                     000403 RLA    popa                      000411 RLA    
pusha                     00041F RLA    push0                     000431 RLA    
pushax                    000435 RLA    pushwysp                  00044D RLA    
shrax1                    000467 RLA    stax0sp                   00046F RLA    
staxysp                   000471 RLA    _strlen                   00047A RLA    
tossubax                  000492 RLA    _tgi_install              0004A4 RLA    
tgi_inv_arg               0004FA RLA    tgi_clippedline           0005E7 RLA    
tgi_curtoxy               000706 RLA    _tgi_done                 00071B RLA    
_tgi_getmaxx              000729 RLA    _tgi_getmaxy              000730 RLA    
_tgi_gettextheight        000737 RLA    _tgi_gettextwidth         000765 RLA    
_tgi_getxres              0007BC RLA    _tgi_getyres              0007C3 RLA    
tgi_imulround             0007D1 RLA    _tgi_init                 0007EF RLA    
__STACKSIZE__             000800 REA    _tgi_line                 000847 RLA    
tgi_linepop               00085F RLA    _tgi_lineto               00087B RLA    
tgi_outcode               00088E RLA    _tgi_outtext              0008CF RLA    
_tgi_outtextxy            000960 RLA    _tgi_setcolor             000981 RLA    
_tgi_settextstyle         000994 RLA    _tgi_vectorchar           000A18 RLA    
_toascii                  000AAB RLA    udiv32by16r16             000AAE RLA    
umul16x16r32              000ADF RLA    umul16x16r32m             000AE3 RLA    
umul8x16r16               000B0B RLA    umul8x16r24               000B0B RLA    
zerobss                   000B36 RLA    __DESTRUCTOR_TABLE__      001258 RLA    
__INTERRUPTOR_TABLE__     00125A RLA    callirq                   00125C RLA    
tgi_init                  0012A9 RLA    tgi_done                  0012AC RLA    
tgi_geterror              0012AF RLA    _tgi_clear                0012B5 REA    
tgi_clear                 0012B5 RLA    tgi_setviewpage           0012B8 RLA    
tgi_setdrawpage           0012BB RLA    tgi_setcolor              0012BE RLA    
tgi_setpalette            0012C1 RLA    tgi_getdefpalette         0012C7 RLA    
tgi_line                  0012D0 RLA    tgi_outtext               0012D9 RLA    
tgi_irq                   0012DC  LAI   tgi_libref                0012DC RLA    
_lynx_160_102_16_tgi      0012DF RLA    _tgi_static_stddrv        0012DF RLA    
__BSS_RUN__               00136F RLA    __BSS_LOAD__              00136F RLA    
_tgi_error                001371 RLA    _tgi_gmode                001372 RLA    
_tgi_curx                 001373 RLA    _tgi_cury                 001375 RLA    
_tgi_color                001377 RLA    _tgi_font                 001378 RLA    
_tgi_textdir              001379 RLA    _tgi_vectorfont           00137A RLA    
_tgi_textscalew           00137C RLA    _tgi_charwidth            001380 RLA    
_tgi_textscaleh           001382 RLA    _tgi_charheight           001386 RLA    
_tgi_xmax                 001388 RLA    _tgi_ymax                 00138A RLA    
_tgi_xres                 00138C RLA    _tgi_yres                 00138E RLA    
_tgi_colorcount           001390 RLA    _tgi_fontwidth            001392 RLA    
_tgi_fontheight           001393 RLA    _tgi_flags                001396 RLA    
tgi_clip_x1               00139F RLA    tgi_clip_y1               0013A1 RLA    
tgi_clip_x2               0013A3 RLA    tgi_clip_y2               0013A5 RLA    
__MAIN_SIZE__             00B638 REA    


Imports list:
-------------
_FileBlockByte (extzp.o):
    bootldr.o                 lynx/extzp.inc:26
_FileBlockOffset (extzp.o):
    bootldr.o                 lynx/extzp.inc:21
_FileCurrBlock (extzp.o):
    bootldr.o                 lynx/extzp.inc:25
_FileDestAddr (extzp.o):
    bootldr.o                 lynx/extzp.inc:23
_FileDestPtr (extzp.o):
    bootldr.o                 lynx/extzp.inc:27
_FileEntry (extzp.o):
    bootldr.o                 lynx/extzp.inc:19
_FileFileLen (extzp.o):
    bootldr.o                 lynx/extzp.inc:24
_FileStartBlock (extzp.o):
    bootldr.o                 lynx/extzp.inc:20
__BANK0BLOCKSIZE__ ([linker generated]):
    exehdr.o                  lynx/exehdr.s:6
    defdir.o                  lynx/defdir.s:10
    bootldr.o                 lynx/bootldr.s:8
__BANK1BLOCKSIZE__ ([linker generated]):
    exehdr.o                  lynx/exehdr.s:7
__BOOTLDR__ (bootldr.o):
    [linker generated]        /cygdrive/c/Users/Craig Vella/Documents/GitHub/cc65/cfg/lynx.cfg:7
__BSS_LOAD__ ([linker generated]):
    defdir.o                  lynx/defdir.s:9
__BSS_RUN__ ([linker generated]):
    zerobss.o                 common/zerobss.s:8
__BSS_SIZE__ ([linker generated]):
    zerobss.o                 common/zerobss.s:8
__CALLIRQ__ (callirq.o):
    tgi_irq.o                 lynx/tgi_irq.s:11
__CONSTRUCTOR_COUNT__ ([linker generated]):
    condes.o                  runtime/condes.s:18
__CONSTRUCTOR_TABLE__ ([linker generated]):
    condes.o                  runtime/condes.s:18
__DEFDIR__ (defdir.o):
    [linker generated]        /cygdrive/c/Users/Craig Vella/Documents/GitHub/cc65/cfg/lynx.cfg:8
__DESTRUCTOR_COUNT__ ([linker generated]):
    condes.o                  runtime/condes.s:19
__DESTRUCTOR_TABLE__ ([linker generated]):
    condes.o                  runtime/condes.s:19
__EXEHDR__ (exehdr.o):
    [linker generated]        /cygdrive/c/Users/Craig Vella/Documents/GitHub/cc65/cfg/lynx.cfg:6
__INTERRUPTOR_COUNT__ ([linker generated]):
    callirq.o                 runtime/callirq.s:36
__INTERRUPTOR_TABLE__ ([linker generated]):
    callirq.o                 runtime/callirq.s:36
__MAIN_SIZE__ ([linker generated]):
    crt0.o                    lynx/crt0.s:25
__MAIN_START__ ([linker generated]):
    defdir.o                  lynx/defdir.s:8
    crt0.o                    lynx/crt0.s:25
__STACKSIZE__ ([linker generated]):
    crt0.o                    lynx/crt0.s:25
    [linker generated]        /cygdrive/c/Users/Craig Vella/Documents/GitHub/cc65/cfg/lynx.cfg:15
__STARTOFDIRECTORY__ ([linker generated]):
    defdir.o                  lynx/defdir.s:7
    [linker generated]        /cygdrive/c/Users/Craig Vella/Documents/GitHub/cc65/cfg/lynx.cfg:13
__STARTUP_LOAD__ ([linker generated]):
    defdir.o                  lynx/defdir.s:9
__STARTUP__ (crt0.o):
    hello.o                   hello.s:13
__iodat (extzp.o):
    crt0.o                    lynx/extzp.inc:11
    bootldr.o                 lynx/extzp.inc:11
__iodir (extzp.o):
    crt0.o                    lynx/extzp.inc:12
__sprsys (extzp.o):
    lynx-160-102-16-tgi.o     lynx/tgi/../extzp.inc:14
    crt0.o                    lynx/extzp.inc:14
__viddma (extzp.o):
    lynx-160-102-16-tgi.o     lynx/tgi/../extzp.inc:13
    crt0.o                    lynx/extzp.inc:13
_lynx_160_102_16_tgi (lynx-160-102-16-tgi.o):
    tgi_stat_stddrv.o         lynx/tgi_stat_stddrv.s:10
_main (hello.o):
    callmain.o                runtime/callmain.s:11
_strlen (strlen.o):
    tgi_gettextwidth.o        tgi/tgi_gettextwidth.s:10
_tgi_charheight (tgi-kernel.o):
    tgi_gettextheight.o       /cygdrive/c/Users/Craig Vella/Documents/GitHub/cc65/asminc/tgi-kernel.inc:127
_tgi_charwidth (tgi-kernel.o):
    tgi_gettextwidth.o        /cygdrive/c/Users/Craig Vella/Documents/GitHub/cc65/asminc/tgi-kernel.inc:126
_tgi_clear (tgi_clear.o):
    hello.o                   hello.s:17
_tgi_color (tgi-kernel.o):
    tgi_setcolor.o            /cygdrive/c/Users/Craig Vella/Documents/GitHub/cc65/asminc/tgi-kernel.inc:120
_tgi_colorcount (tgi-kernel.o):
    tgi_setcolor.o            /cygdrive/c/Users/Craig Vella/Documents/GitHub/cc65/asminc/tgi-kernel.inc:132
_tgi_curx (tgi-kernel.o):
    tgi_curtoxy.o             /cygdrive/c/Users/Craig Vella/Documents/GitHub/cc65/asminc/tgi-kernel.inc:118
    tgi_vectorchar.o          /cygdrive/c/Users/Craig Vella/Documents/GitHub/cc65/asminc/tgi-kernel.inc:118
    tgi_outtext.o             /cygdrive/c/Users/Craig Vella/Documents/GitHub/cc65/asminc/tgi-kernel.inc:118
    tgi_outtextxy.o           /cygdrive/c/Users/Craig Vella/Documents/GitHub/cc65/asminc/tgi-kernel.inc:118
    tgi_lineto.o              /cygdrive/c/Users/Craig Vella/Documents/GitHub/cc65/asminc/tgi-kernel.inc:118
    tgi_linepop.o             /cygdrive/c/Users/Craig Vella/Documents/GitHub/cc65/asminc/tgi-kernel.inc:118
_tgi_cury (tgi-kernel.o):
    tgi_curtoxy.o             /cygdrive/c/Users/Craig Vella/Documents/GitHub/cc65/asminc/tgi-kernel.inc:119
    tgi_outtextxy.o           /cygdrive/c/Users/Craig Vella/Documents/GitHub/cc65/asminc/tgi-kernel.inc:119
    tgi_linepop.o             /cygdrive/c/Users/Craig Vella/Documents/GitHub/cc65/asminc/tgi-kernel.inc:119
_tgi_done (tgi_done.o):
    tgi_init.o                /cygdrive/c/Users/Craig Vella/Documents/GitHub/cc65/asminc/tgi-kernel.inc:193
    tgi-kernel.o              /cygdrive/c/Users/Craig Vella/Documents/GitHub/cc65/asminc/tgi-kernel.inc:193
_tgi_error (tgi-kernel.o):
    tgi_init.o                /cygdrive/c/Users/Craig Vella/Documents/GitHub/cc65/asminc/tgi-kernel.inc:116
_tgi_flags (tgi-kernel.o):
    tgi_settextstyle.o        /cygdrive/c/Users/Craig Vella/Documents/GitHub/cc65/asminc/tgi-kernel.inc:137
_tgi_font (tgi-kernel.o):
    tgi_outtext.o             /cygdrive/c/Users/Craig Vella/Documents/GitHub/cc65/asminc/tgi-kernel.inc:121
    tgi_settextstyle.o        /cygdrive/c/Users/Craig Vella/Documents/GitHub/cc65/asminc/tgi-kernel.inc:121
    tgi_gettextwidth.o        /cygdrive/c/Users/Craig Vella/Documents/GitHub/cc65/asminc/tgi-kernel.inc:121
    tgi_gettextheight.o       /cygdrive/c/Users/Craig Vella/Documents/GitHub/cc65/asminc/tgi-kernel.inc:121
_tgi_fontheight (tgi-kernel.o):
    tgi_settextstyle.o        /cygdrive/c/Users/Craig Vella/Documents/GitHub/cc65/asminc/tgi-kernel.inc:135
_tgi_fontwidth (tgi-kernel.o):
    tgi_settextstyle.o        /cygdrive/c/Users/Craig Vella/Documents/GitHub/cc65/asminc/tgi-kernel.inc:134
_tgi_getmaxx (tgi_getmaxx.o):
    hello.o                   hello.s:20
_tgi_getmaxy (tgi_getmaxy.o):
    hello.o                   hello.s:22
_tgi_gettextheight (tgi_gettextheight.o):
    hello.o                   hello.s:26
_tgi_gettextwidth (tgi_gettextwidth.o):
    tgi_outtext.o             /cygdrive/c/Users/Craig Vella/Documents/GitHub/cc65/asminc/tgi-kernel.inc:208
    hello.o                   hello.s:25
_tgi_getxres (tgi_getxres.o):
    tgi_init.o                /cygdrive/c/Users/Craig Vella/Documents/GitHub/cc65/asminc/tgi-kernel.inc:209
    hello.o                   hello.s:19
_tgi_getyres (tgi_getyres.o):
    tgi_init.o                /cygdrive/c/Users/Craig Vella/Documents/GitHub/cc65/asminc/tgi-kernel.inc:210
    hello.o                   hello.s:21
_tgi_gmode (tgi-kernel.o):
    tgi_init.o                /cygdrive/c/Users/Craig Vella/Documents/GitHub/cc65/asminc/tgi-kernel.inc:117
    tgi_done.o                /cygdrive/c/Users/Craig Vella/Documents/GitHub/cc65/asminc/tgi-kernel.inc:117
_tgi_init (tgi_init.o):
    hello.o                   hello.s:16
_tgi_install (tgi-kernel.o):
    hello.o                   hello.s:15
_tgi_line (tgi_line.o):
    hello.o                   hello.s:23
_tgi_lineto (tgi_lineto.o):
    hello.o                   hello.s:24
_tgi_outtext (tgi_outtext.o):
    tgi_outtextxy.o           /cygdrive/c/Users/Craig Vella/Documents/GitHub/cc65/asminc/tgi-kernel.inc:220
_tgi_outtextxy (tgi_outtextxy.o):
    hello.o                   hello.s:27
_tgi_setcolor (tgi_setcolor.o):
    tgi_init.o                /cygdrive/c/Users/Craig Vella/Documents/GitHub/cc65/asminc/tgi-kernel.inc:224
    hello.o                   hello.s:18
_tgi_settextstyle (tgi_settextstyle.o):
    tgi_init.o                /cygdrive/c/Users/Craig Vella/Documents/GitHub/cc65/asminc/tgi-kernel.inc:230
_tgi_static_stddrv (tgi_stat_stddrv.o):
    hello.o                   hello.s:14
_tgi_textdir (tgi-kernel.o):
    tgi_vectorchar.o          /cygdrive/c/Users/Craig Vella/Documents/GitHub/cc65/asminc/tgi-kernel.inc:122
    tgi_outtext.o             /cygdrive/c/Users/Craig Vella/Documents/GitHub/cc65/asminc/tgi-kernel.inc:122
    tgi_settextstyle.o        /cygdrive/c/Users/Craig Vella/Documents/GitHub/cc65/asminc/tgi-kernel.inc:122
_tgi_textscaleh (tgi-kernel.o):
    tgi_vectorchar.o          /cygdrive/c/Users/Craig Vella/Documents/GitHub/cc65/asminc/tgi-kernel.inc:125
    tgi_gettextheight.o       /cygdrive/c/Users/Craig Vella/Documents/GitHub/cc65/asminc/tgi-kernel.inc:125
_tgi_textscalew (tgi-kernel.o):
    tgi_vectorchar.o          /cygdrive/c/Users/Craig Vella/Documents/GitHub/cc65/asminc/tgi-kernel.inc:124
    tgi_outtext.o             /cygdrive/c/Users/Craig Vella/Documents/GitHub/cc65/asminc/tgi-kernel.inc:124
    tgi_settextstyle.o        /cygdrive/c/Users/Craig Vella/Documents/GitHub/cc65/asminc/tgi-kernel.inc:124
    tgi_gettextwidth.o        /cygdrive/c/Users/Craig Vella/Documents/GitHub/cc65/asminc/tgi-kernel.inc:124
_tgi_vectorchar (tgi_vectorchar.o):
    tgi_outtext.o             /cygdrive/c/Users/Craig Vella/Documents/GitHub/cc65/asminc/tgi-vectorfont.inc:67
_tgi_vectorfont (tgi-kernel.o):
    tgi_vectorchar.o          /cygdrive/c/Users/Craig Vella/Documents/GitHub/cc65/asminc/tgi-kernel.inc:123
    tgi_outtext.o             /cygdrive/c/Users/Craig Vella/Documents/GitHub/cc65/asminc/tgi-kernel.inc:123
    tgi_gettextwidth.o        /cygdrive/c/Users/Craig Vella/Documents/GitHub/cc65/asminc/tgi-kernel.inc:123
    tgi_gettextheight.o       /cygdrive/c/Users/Craig Vella/Documents/GitHub/cc65/asminc/tgi-kernel.inc:123
_tgi_xmax (tgi-kernel.o):
    tgi_clippedline.o         /cygdrive/c/Users/Craig Vella/Documents/GitHub/cc65/asminc/tgi-kernel.inc:130
    tgi_init.o                /cygdrive/c/Users/Craig Vella/Documents/GitHub/cc65/asminc/tgi-kernel.inc:130
    tgi_getmaxx.o             /cygdrive/c/Users/Craig Vella/Documents/GitHub/cc65/asminc/tgi-kernel.inc:130
_tgi_xres (tgi-kernel.o):
    tgi_outcode.o             /cygdrive/c/Users/Craig Vella/Documents/GitHub/cc65/asminc/tgi-kernel.inc:128
    tgi_getxres.o             /cygdrive/c/Users/Craig Vella/Documents/GitHub/cc65/asminc/tgi-kernel.inc:128
_tgi_ymax (tgi-kernel.o):
    tgi_clippedline.o         /cygdrive/c/Users/Craig Vella/Documents/GitHub/cc65/asminc/tgi-kernel.inc:131
    tgi_init.o                /cygdrive/c/Users/Craig Vella/Documents/GitHub/cc65/asminc/tgi-kernel.inc:131
    tgi_getmaxy.o             /cygdrive/c/Users/Craig Vella/Documents/GitHub/cc65/asminc/tgi-kernel.inc:131
_tgi_yres (tgi-kernel.o):
    tgi_outcode.o             /cygdrive/c/Users/Craig Vella/Documents/GitHub/cc65/asminc/tgi-kernel.inc:129
    tgi_getyres.o             /cygdrive/c/Users/Craig Vella/Documents/GitHub/cc65/asminc/tgi-kernel.inc:129
_toascii (toascii.o):
    tgi_outtext.o             tgi/tgi_outtext.s:12
    tgi_gettextwidth.o        tgi/tgi_gettextwidth.s:10
addysp (addysp.o):
    incsp4.o                  runtime/incsp4.s:8
addysp1 (addysp.o):
    tgi_outtextxy.o           tgi/tgi_outtextxy.s:10
    sub.o                     runtime/sub.s:8
callirq (callirq.o):
    irq.o                     lynx/irq.s:6
callmain (callmain.o):
    crt0.o                    lynx/crt0.s:23
decax1 (decax1.o):
    tgi_init.o                tgi/tgi_init.s:11
decsp4 (decsp4.o):
    hello.o                   hello.s:127
decsp6 (decsp6.o):
    hello.o                   hello.s:127
doneirq (irq.o):
    callirq.o                 runtime/callirq.s:38
donelib (condes.o):
    crt0.o                    lynx/crt0.s:21
imul16x16r32 (imul16x16r32.o):
    tgi_imulround.o           tgi/tgi_imulround.s:14
incsp4 (incsp4.o):
    hello.o                   hello.s:127
initirq (irq.o):
    callirq.o                 runtime/callirq.s:37
initlib (condes.o):
    crt0.o                    lynx/crt0.s:21
negax (negabs.o):
    tgi_outtext.o             tgi/tgi_outtext.s:13
    tgi_clippedline.o         tgi/tgi_clippedline.s:9
    imul16x16r32.o            runtime/imul16x16r32.s:8
negeax (lneg.o):
    imul16x16r32.o            runtime/imul16x16r32.s:8
popa (popa.o):
    tgi_settextstyle.o        tgi/tgi_settextstyle.s:10
popax (incsp2.o):
    tgi_settextstyle.o        tgi/tgi_settextstyle.s:10
    tgi_linepop.o             tgi/tgi_linepop.s:9
    tgi_line.o                tgi/tgi_line.s:10
    tgi_imulround.o           tgi/tgi_imulround.s:14
ptr1 (zeropage.o):
    tgi_curtoxy.o             tgi/tgi_curtoxy.s:9
    umul16x16r32.o            /cygdrive/c/Users/Craig Vella/Documents/GitHub/cc65/asminc/zeropage.inc:12
    udiv32by16r16.o           /cygdrive/c/Users/Craig Vella/Documents/GitHub/cc65/asminc/zeropage.inc:12
    tgi_vectorchar.o          /cygdrive/c/Users/Craig Vella/Documents/GitHub/cc65/asminc/zeropage.inc:12
    tgi_outtext.o             /cygdrive/c/Users/Craig Vella/Documents/GitHub/cc65/asminc/zeropage.inc:12
    tgi_clippedline.o         /cygdrive/c/Users/Craig Vella/Documents/GitHub/cc65/asminc/zeropage.inc:12
    imul16x16r32.o            /cygdrive/c/Users/Craig Vella/Documents/GitHub/cc65/asminc/zeropage.inc:12
    lynx-160-102-16-tgi.o     /cygdrive/c/Users/Craig Vella/Documents/GitHub/cc65/asminc/zeropage.inc:12
    zerobss.o                 common/zerobss.s:9
    umul8x16r24.o             /cygdrive/c/Users/Craig Vella/Documents/GitHub/cc65/asminc/zeropage.inc:12
    tgi_settextstyle.o        /cygdrive/c/Users/Craig Vella/Documents/GitHub/cc65/asminc/zeropage.inc:12
    tgi_init.o                tgi/tgi_init.s:12
    tgi_imulround.o           /cygdrive/c/Users/Craig Vella/Documents/GitHub/cc65/asminc/zeropage.inc:12
    tgi_gettextwidth.o        /cygdrive/c/Users/Craig Vella/Documents/GitHub/cc65/asminc/zeropage.inc:12
    tgi_gettextheight.o       /cygdrive/c/Users/Craig Vella/Documents/GitHub/cc65/asminc/zeropage.inc:12
    tgi-kernel.o              tgi/tgi-kernel.s:8
ptr2 (zeropage.o):
    tgi_curtoxy.o             tgi/tgi_curtoxy.s:9
    udiv32by16r16.o           /cygdrive/c/Users/Craig Vella/Documents/GitHub/cc65/asminc/zeropage.inc:12
    tgi_clippedline.o         /cygdrive/c/Users/Craig Vella/Documents/GitHub/cc65/asminc/zeropage.inc:12
    strlen.o                  common/strlen.s:12
    lynx-160-102-16-tgi.o     /cygdrive/c/Users/Craig Vella/Documents/GitHub/cc65/asminc/zeropage.inc:12
    tgi_gettextwidth.o        /cygdrive/c/Users/Craig Vella/Documents/GitHub/cc65/asminc/zeropage.inc:12
ptr3 (zeropage.o):
    umul16x16r32.o            /cygdrive/c/Users/Craig Vella/Documents/GitHub/cc65/asminc/zeropage.inc:12
    udiv32by16r16.o           /cygdrive/c/Users/Craig Vella/Documents/GitHub/cc65/asminc/zeropage.inc:12
    tgi_outtext.o             /cygdrive/c/Users/Craig Vella/Documents/GitHub/cc65/asminc/zeropage.inc:12
    imul16x16r32.o            /cygdrive/c/Users/Craig Vella/Documents/GitHub/cc65/asminc/zeropage.inc:12
    lynx-160-102-16-tgi.o     /cygdrive/c/Users/Craig Vella/Documents/GitHub/cc65/asminc/zeropage.inc:12
    umul8x16r24.o             /cygdrive/c/Users/Craig Vella/Documents/GitHub/cc65/asminc/zeropage.inc:12
    tgi_gettextwidth.o        /cygdrive/c/Users/Craig Vella/Documents/GitHub/cc65/asminc/zeropage.inc:12
ptr4 (zeropage.o):
    lynx-160-102-16-tgi.o     /cygdrive/c/Users/Craig Vella/Documents/GitHub/cc65/asminc/zeropage.inc:12
push0 (pushax.o):
    hello.o                   hello.s:127
pusha (pusha.o):
    tgi_init.o                tgi/tgi_init.s:11
pushax (pushax.o):
    callmain.o                runtime/callmain.s:11
    tgi_init.o                tgi/tgi_init.s:11
    hello.o                   hello.s:127
pushwysp (pushwsp.o):
    hello.o                   hello.s:127
regbank (zeropage.o):
    tgi_vectorchar.o          /cygdrive/c/Users/Craig Vella/Documents/GitHub/cc65/asminc/zeropage.inc:14
    tgi_outtext.o             /cygdrive/c/Users/Craig Vella/Documents/GitHub/cc65/asminc/zeropage.inc:14
shrax1 (shrax1.o):
    hello.o                   hello.s:127
sp (zeropage.o):
    pusha.o                   runtime/pusha.s:8
    popa.o                    runtime/popa.s:8
    incsp2.o                  runtime/incsp2.s:8
    addysp.o                  runtime/addysp.s:8
    tgi_outtextxy.o           tgi/tgi_outtextxy.s:11
    sub.o                     runtime/sub.s:9
    staxsp.o                  runtime/staxsp.s:8
    pushwsp.o                 runtime/pushwsp.s:8
    pushax.o                  runtime/pushax.s:8
    decsp6.o                  runtime/decsp6.s:8
    decsp4.o                  runtime/decsp4.s:8
    crt0.o                    /cygdrive/c/Users/Craig Vella/Documents/GitHub/cc65/asminc/zeropage.inc:11
    hello.o                   hello.s:10
sreg (zeropage.o):
    umul16x16r32.o            /cygdrive/c/Users/Craig Vella/Documents/GitHub/cc65/asminc/zeropage.inc:11
    udiv32by16r16.o           /cygdrive/c/Users/Craig Vella/Documents/GitHub/cc65/asminc/zeropage.inc:11
    tgi_clippedline.o         /cygdrive/c/Users/Craig Vella/Documents/GitHub/cc65/asminc/zeropage.inc:11
    lneg.o                    runtime/lneg.s:11
    umul8x16r24.o             /cygdrive/c/Users/Craig Vella/Documents/GitHub/cc65/asminc/zeropage.inc:11
    tgi_imulround.o           /cygdrive/c/Users/Craig Vella/Documents/GitHub/cc65/asminc/zeropage.inc:11
stax0sp (staxsp.o):
    hello.o                   hello.s:127
staxysp (staxsp.o):
    hello.o                   hello.s:127
tgi_clear (tgi-kernel.o):
    tgi_clear.o               /cygdrive/c/Users/Craig Vella/Documents/GitHub/cc65/asminc/tgi-kernel.inc:156
tgi_clip_x1 (tgi_outcode.o):
    tgi_vectorchar.o          /cygdrive/c/Users/Craig Vella/Documents/GitHub/cc65/asminc/tgi-kernel.inc:142
    tgi_clippedline.o         /cygdrive/c/Users/Craig Vella/Documents/GitHub/cc65/asminc/tgi-kernel.inc:142
    tgi_lineto.o              /cygdrive/c/Users/Craig Vella/Documents/GitHub/cc65/asminc/tgi-kernel.inc:142
    tgi_line.o                /cygdrive/c/Users/Craig Vella/Documents/GitHub/cc65/asminc/tgi-kernel.inc:142
tgi_clip_x2 (tgi_outcode.o):
    tgi_clippedline.o         /cygdrive/c/Users/Craig Vella/Documents/GitHub/cc65/asminc/tgi-kernel.inc:144
    tgi_linepop.o             /cygdrive/c/Users/Craig Vella/Documents/GitHub/cc65/asminc/tgi-kernel.inc:144
tgi_clip_y1 (tgi_outcode.o):
    tgi_clippedline.o         /cygdrive/c/Users/Craig Vella/Documents/GitHub/cc65/asminc/tgi-kernel.inc:143
    tgi_line.o                /cygdrive/c/Users/Craig Vella/Documents/GitHub/cc65/asminc/tgi-kernel.inc:143
tgi_clip_y2 (tgi_outcode.o):
    tgi_clippedline.o         /cygdrive/c/Users/Craig Vella/Documents/GitHub/cc65/asminc/tgi-kernel.inc:145
    tgi_linepop.o             /cygdrive/c/Users/Craig Vella/Documents/GitHub/cc65/asminc/tgi-kernel.inc:145
tgi_clippedline (tgi_clippedline.o):
    tgi_vectorchar.o          /cygdrive/c/Users/Craig Vella/Documents/GitHub/cc65/asminc/tgi-kernel.inc:174
    tgi_lineto.o              /cygdrive/c/Users/Craig Vella/Documents/GitHub/cc65/asminc/tgi-kernel.inc:174
    tgi_line.o                /cygdrive/c/Users/Craig Vella/Documents/GitHub/cc65/asminc/tgi-kernel.inc:174
tgi_color_white (tgi_colors.o):
    tgi_init.o                /cygdrive/c/Users/Craig Vella/Documents/GitHub/cc65/asminc/tgi-kernel.inc:110
tgi_curtoxy (tgi_curtoxy.o):
    tgi_outtext.o             /cygdrive/c/Users/Craig Vella/Documents/GitHub/cc65/asminc/tgi-kernel.inc:175
tgi_done (tgi-kernel.o):
    tgi_done.o                /cygdrive/c/Users/Craig Vella/Documents/GitHub/cc65/asminc/tgi-kernel.inc:153
tgi_getdefpalette (tgi-kernel.o):
    tgi_init.o                /cygdrive/c/Users/Craig Vella/Documents/GitHub/cc65/asminc/tgi-kernel.inc:162
tgi_geterror (tgi-kernel.o):
    tgi_init.o                /cygdrive/c/Users/Craig Vella/Documents/GitHub/cc65/asminc/tgi-kernel.inc:154
tgi_imulround (tgi_imulround.o):
    tgi_vectorchar.o          /cygdrive/c/Users/Craig Vella/Documents/GitHub/cc65/asminc/tgi-kernel.inc:177
    tgi_outtext.o             /cygdrive/c/Users/Craig Vella/Documents/GitHub/cc65/asminc/tgi-kernel.inc:177
    tgi_gettextwidth.o        /cygdrive/c/Users/Craig Vella/Documents/GitHub/cc65/asminc/tgi-kernel.inc:177
    tgi_gettextheight.o       /cygdrive/c/Users/Craig Vella/Documents/GitHub/cc65/asminc/tgi-kernel.inc:177
tgi_init (tgi-kernel.o):
    tgi_init.o                /cygdrive/c/Users/Craig Vella/Documents/GitHub/cc65/asminc/tgi-kernel.inc:152
tgi_inv_arg (tgi-kernel.o):
    tgi_setcolor.o            /cygdrive/c/Users/Craig Vella/Documents/GitHub/cc65/asminc/tgi-kernel.inc:178
tgi_libref (tgi_irq.o):
    tgi-kernel.o              tgi/tgi-kernel.s:7
tgi_line (tgi-kernel.o):
    tgi_clippedline.o         /cygdrive/c/Users/Craig Vella/Documents/GitHub/cc65/asminc/tgi-kernel.inc:165
tgi_linepop (tgi_linepop.o):
    tgi_lineto.o              /cygdrive/c/Users/Craig Vella/Documents/GitHub/cc65/asminc/tgi-kernel.inc:180
    tgi_line.o                /cygdrive/c/Users/Craig Vella/Documents/GitHub/cc65/asminc/tgi-kernel.inc:180
tgi_outcode (tgi_outcode.o):
    tgi_clippedline.o         /cygdrive/c/Users/Craig Vella/Documents/GitHub/cc65/asminc/tgi-kernel.inc:181
tgi_outtext (tgi-kernel.o):
    tgi_outtext.o             /cygdrive/c/Users/Craig Vella/Documents/GitHub/cc65/asminc/tgi-kernel.inc:168
tgi_setcolor (tgi-kernel.o):
    tgi_setcolor.o            /cygdrive/c/Users/Craig Vella/Documents/GitHub/cc65/asminc/tgi-kernel.inc:159
tgi_setdrawpage (tgi-kernel.o):
    tgi_init.o                /cygdrive/c/Users/Craig Vella/Documents/GitHub/cc65/asminc/tgi-kernel.inc:158
tgi_setpalette (tgi-kernel.o):
    tgi_init.o                /cygdrive/c/Users/Craig Vella/Documents/GitHub/cc65/asminc/tgi-kernel.inc:160
tgi_setviewpage (tgi-kernel.o):
    tgi_init.o                /cygdrive/c/Users/Craig Vella/Documents/GitHub/cc65/asminc/tgi-kernel.inc:157
tmp1 (zeropage.o):
    tgi_clippedline.o         /cygdrive/c/Users/Craig Vella/Documents/GitHub/cc65/asminc/zeropage.inc:13
    imul16x16r32.o            /cygdrive/c/Users/Craig Vella/Documents/GitHub/cc65/asminc/zeropage.inc:13
    lynx-160-102-16-tgi.o     /cygdrive/c/Users/Craig Vella/Documents/GitHub/cc65/asminc/zeropage.inc:13
    tgi_outcode.o             /cygdrive/c/Users/Craig Vella/Documents/GitHub/cc65/asminc/zeropage.inc:13
    shrax1.o                  runtime/shrax1.s:8
tmp2 (zeropage.o):
    lynx-160-102-16-tgi.o     /cygdrive/c/Users/Craig Vella/Documents/GitHub/cc65/asminc/zeropage.inc:13
tmp3 (zeropage.o):
    lynx-160-102-16-tgi.o     /cygdrive/c/Users/Craig Vella/Documents/GitHub/cc65/asminc/zeropage.inc:13
tmp4 (zeropage.o):
    lynx-160-102-16-tgi.o     /cygdrive/c/Users/Craig Vella/Documents/GitHub/cc65/asminc/zeropage.inc:13
tossubax (sub.o):
    hello.o                   hello.s:127
udiv32by16r16 (udiv32by16r16.o):
    tgi_clippedline.o         tgi/tgi_clippedline.s:8
umul16x16r32 (umul16x16r32.o):
    tgi_clippedline.o         tgi/tgi_clippedline.s:8
umul16x16r32m (umul16x16r32.o):
    imul16x16r32.o            runtime/imul16x16r32.s:8
umul8x16r16 (umul8x16r24.o):
    tgi_gettextwidth.o        tgi/tgi_gettextwidth.s:11
umul8x16r24 (umul8x16r24.o):
    tgi_settextstyle.o        tgi/tgi_settextstyle.s:9
zerobss (zerobss.o):
    crt0.o                    lynx/crt0.s:22

