Modules list:
-------------
fire.o:
    CODE              Offs=000000  Size=000551  Align=00001  Fill=0000
    RODATA            Offs=000000  Size=000065  Align=00001  Fill=0000
    BSS               Offs=000000  Size=000027  Align=00001  Fill=0000
/cygdrive/c/Users/Craig Vella/Documents/GitHub/cc65/lib/c64.lib(_cursor.o):
    BSS               Offs=000027  Size=000001  Align=00001  Fill=0000
/cygdrive/c/Users/Craig Vella/Documents/GitHub/cc65/lib/c64.lib(_hextab.o):
    RODATA            Offs=000065  Size=000010  Align=00001  Fill=0000
/cygdrive/c/Users/Craig Vella/Documents/GitHub/cc65/lib/c64.lib(_longminstr.o):
    RODATA            Offs=000075  Size=00000C  Align=00001  Fill=0000
/cygdrive/c/Users/Craig Vella/Documents/GitHub/cc65/lib/c64.lib(_printf.o):
    CODE              Offs=000551  Size=0003A5  Align=00001  Fill=0000
    BSS               Offs=000028  Size=00002B  Align=00001  Fill=0000
    DATA              Offs=000000  Size=000003  Align=00001  Fill=0000
/cygdrive/c/Users/Craig Vella/Documents/GitHub/cc65/lib/c64.lib(addysp.o):
    CODE              Offs=0008F6  Size=00000E  Align=00001  Fill=0000
/cygdrive/c/Users/Craig Vella/Documents/GitHub/cc65/lib/c64.lib(aslax3.o):
    CODE              Offs=000904  Size=00000E  Align=00001  Fill=0000
/cygdrive/c/Users/Craig Vella/Documents/GitHub/cc65/lib/c64.lib(axlong.o):
    CODE              Offs=000912  Size=00000D  Align=00001  Fill=0000
/cygdrive/c/Users/Craig Vella/Documents/GitHub/cc65/lib/c64.lib(bordercolor.o):
    CODE              Offs=00091F  Size=000008  Align=00001  Fill=0000
/cygdrive/c/Users/Craig Vella/Documents/GitHub/cc65/lib/c64.lib(callmain.o):
    CODE              Offs=000927  Size=000017  Align=00001  Fill=0000
    DATA              Offs=000003  Size=000004  Align=00001  Fill=0000
/cygdrive/c/Users/Craig Vella/Documents/GitHub/cc65/lib/c64.lib(cgetc.o):
    CODE              Offs=00093E  Size=000047  Align=00001  Fill=0000
/cygdrive/c/Users/Craig Vella/Documents/GitHub/cc65/lib/c64.lib(clock.o):
    CODE              Offs=000985  Size=00000A  Align=00001  Fill=0000
/cygdrive/c/Users/Craig Vella/Documents/GitHub/cc65/lib/c64.lib(clrscr.o):
/cygdrive/c/Users/Craig Vella/Documents/GitHub/cc65/lib/c64.lib(color.o):
    CODE              Offs=00098F  Size=000010  Align=00001  Fill=0000
/cygdrive/c/Users/Craig Vella/Documents/GitHub/cc65/lib/c64.lib(condes.o):
    CODE              Offs=00099F  Size=00000C  Align=00001  Fill=0000
    DATA              Offs=000007  Size=000025  Align=00001  Fill=0000
    ONCE              Offs=000000  Size=00000C  Align=00001  Fill=0000
/cygdrive/c/Users/Craig Vella/Documents/GitHub/cc65/lib/c64.lib(conio.o):
/cygdrive/c/Users/Craig Vella/Documents/GitHub/cc65/lib/c64.lib(cprintf.o):
    CODE              Offs=0009AB  Size=00002A  Align=00001  Fill=0000
    BSS               Offs=000053  Size=000001  Align=00001  Fill=0000
/cygdrive/c/Users/Craig Vella/Documents/GitHub/cc65/lib/c64.lib(cputc.o):
    CODE              Offs=0009D5  Size=00006D  Align=00001  Fill=0000
/cygdrive/c/Users/Craig Vella/Documents/GitHub/cc65/lib/c64.lib(cputs.o):
    CODE              Offs=000A42  Size=000023  Align=00001  Fill=0000
/cygdrive/c/Users/Craig Vella/Documents/GitHub/cc65/lib/c64.lib(crt0.o):
    STARTUP           Offs=000000  Size=000033  Align=00001  Fill=0000
    ONCE              Offs=00000C  Size=00001A  Align=00001  Fill=0000
    INIT              Offs=000000  Size=00001C  Align=00001  Fill=0000
/cygdrive/c/Users/Craig Vella/Documents/GitHub/cc65/lib/c64.lib(ctype.o):
    RODATA            Offs=000081  Size=00008B  Align=00001  Fill=0000
/cygdrive/c/Users/Craig Vella/Documents/GitHub/cc65/lib/c64.lib(ctypemask.o):
    CODE              Offs=000A65  Size=00001E  Align=00001  Fill=0000
/cygdrive/c/Users/Craig Vella/Documents/GitHub/cc65/lib/c64.lib(decaxy.o):
    CODE              Offs=000A83  Size=000009  Align=00001  Fill=0000
/cygdrive/c/Users/Craig Vella/Documents/GitHub/cc65/lib/c64.lib(decsp4.o):
    CODE              Offs=000A8C  Size=00000D  Align=00001  Fill=0000
/cygdrive/c/Users/Craig Vella/Documents/GitHub/cc65/lib/c64.lib(decsp6.o):
    CODE              Offs=000A99  Size=00000D  Align=00001  Fill=0000
/cygdrive/c/Users/Craig Vella/Documents/GitHub/cc65/lib/c64.lib(div.o):
    CODE              Offs=000AA6  Size=000015  Align=00001  Fill=0000
/cygdrive/c/Users/Craig Vella/Documents/GitHub/cc65/lib/c64.lib(exehdr.o):
    EXEHDR            Offs=000000  Size=00000C  Align=00001  Fill=0000
/cygdrive/c/Users/Craig Vella/Documents/GitHub/cc65/lib/c64.lib(gotoxy.o):
    CODE              Offs=000ABB  Size=00000D  Align=00001  Fill=0000
/cygdrive/c/Users/Craig Vella/Documents/GitHub/cc65/lib/c64.lib(incaxy.o):
    CODE              Offs=000AC8  Size=00000B  Align=00001  Fill=0000
/cygdrive/c/Users/Craig Vella/Documents/GitHub/cc65/lib/c64.lib(incsp2.o):
    CODE              Offs=000AD3  Size=000016  Align=00001  Fill=0000
/cygdrive/c/Users/Craig Vella/Documents/GitHub/cc65/lib/c64.lib(kbhit.o):
    CODE              Offs=000AE9  Size=000009  Align=00001  Fill=0000
/cygdrive/c/Users/Craig Vella/Documents/GitHub/cc65/lib/c64.lib(kernal.o):
/cygdrive/c/Users/Craig Vella/Documents/GitHub/cc65/lib/c64.lib(kplot.o):
    CODE              Offs=000AF2  Size=00000B  Align=00001  Fill=0000
/cygdrive/c/Users/Craig Vella/Documents/GitHub/cc65/lib/c64.lib(laddeq.o):
    CODE              Offs=000AFD  Size=00002D  Align=00001  Fill=0000
/cygdrive/c/Users/Craig Vella/Documents/GitHub/cc65/lib/c64.lib(ldaxsp.o):
    CODE              Offs=000B2A  Size=000009  Align=00001  Fill=0000
/cygdrive/c/Users/Craig Vella/Documents/GitHub/cc65/lib/c64.lib(lmul.o):
    CODE              Offs=000B33  Size=00005C  Align=00001  Fill=0000
/cygdrive/c/Users/Craig Vella/Documents/GitHub/cc65/lib/c64.lib(lneg.o):
    CODE              Offs=000B8F  Size=00001E  Align=00001  Fill=0000
/cygdrive/c/Users/Craig Vella/Documents/GitHub/cc65/lib/c64.lib(loadaddr.o):
    LOADADDR          Offs=000000  Size=000002  Align=00001  Fill=0000
/cygdrive/c/Users/Craig Vella/Documents/GitHub/cc65/lib/c64.lib(lpush.o):
    CODE              Offs=000BAD  Size=000021  Align=00001  Fill=0000
/cygdrive/c/Users/Craig Vella/Documents/GitHub/cc65/lib/c64.lib(lsub.o):
    CODE              Offs=000BCE  Size=000027  Align=00001  Fill=0000
/cygdrive/c/Users/Craig Vella/Documents/GitHub/cc65/lib/c64.lib(ltoa.o):
    CODE              Offs=000BF5  Size=000095  Align=00001  Fill=0000
/cygdrive/c/Users/Craig Vella/Documents/GitHub/cc65/lib/c64.lib(ludiv.o):
    CODE              Offs=000C8A  Size=00007A  Align=00001  Fill=0000
/cygdrive/c/Users/Craig Vella/Documents/GitHub/cc65/lib/c64.lib(lumod.o):
    CODE              Offs=000D04  Size=000019  Align=00001  Fill=0000
/cygdrive/c/Users/Craig Vella/Documents/GitHub/cc65/lib/c64.lib(negabs.o):
    CODE              Offs=000D1D  Size=000012  Align=00001  Fill=0000
/cygdrive/c/Users/Craig Vella/Documents/GitHub/cc65/lib/c64.lib(popa.o):
    CODE              Offs=000D2F  Size=00000C  Align=00001  Fill=0000
/cygdrive/c/Users/Craig Vella/Documents/GitHub/cc65/lib/c64.lib(popptr1.o):
    CODE              Offs=000D3B  Size=00000E  Align=00001  Fill=0000
/cygdrive/c/Users/Craig Vella/Documents/GitHub/cc65/lib/c64.lib(push1.o):
    CODE              Offs=000D49  Size=000005  Align=00001  Fill=0000
/cygdrive/c/Users/Craig Vella/Documents/GitHub/cc65/lib/c64.lib(pusha.o):
    CODE              Offs=000D4E  Size=000016  Align=00001  Fill=0000
/cygdrive/c/Users/Craig Vella/Documents/GitHub/cc65/lib/c64.lib(pushax.o):
    CODE              Offs=000D64  Size=00001A  Align=00001  Fill=0000
/cygdrive/c/Users/Craig Vella/Documents/GitHub/cc65/lib/c64.lib(shelp.o):
    CODE              Offs=000D7E  Size=000020  Align=00001  Fill=0000
/cygdrive/c/Users/Craig Vella/Documents/GitHub/cc65/lib/c64.lib(status.o):
/cygdrive/c/Users/Craig Vella/Documents/GitHub/cc65/lib/c64.lib(strlen.o):
    CODE              Offs=000D9E  Size=000016  Align=00001  Fill=0000
/cygdrive/c/Users/Craig Vella/Documents/GitHub/cc65/lib/c64.lib(strlower.o):
    CODE              Offs=000DB4  Size=000027  Align=00001  Fill=0000
/cygdrive/c/Users/Craig Vella/Documents/GitHub/cc65/lib/c64.lib(udiv.o):
    CODE              Offs=000DDB  Size=00004F  Align=00001  Fill=0000
/cygdrive/c/Users/Craig Vella/Documents/GitHub/cc65/lib/c64.lib(vcprintf.o):
    CODE              Offs=000E2A  Size=000078  Align=00001  Fill=0000
    DATA              Offs=00002C  Size=000008  Align=00001  Fill=0000
/cygdrive/c/Users/Craig Vella/Documents/GitHub/cc65/lib/c64.lib(zerobss.o):
    CODE              Offs=000EA2  Size=000023  Align=00001  Fill=0000
/cygdrive/c/Users/Craig Vella/Documents/GitHub/cc65/lib/c64.lib(zeropage.o):
    ZEROPAGE          Offs=000000  Size=00001A  Align=00001  Fill=0000


Segment list:
-------------
Name                   Start     End    Size  Align
----------------------------------------------------
ZEROPAGE              000002  00001B  00001A  00001
LOADADDR              0007FF  000800  000002  00001
EXEHDR                000801  00080C  00000C  00001
STARTUP               00080D  00083F  000033  00001
CODE                  000840  001704  000EC5  00001
RODATA                001705  001810  00010C  00001
DATA                  001811  001844  000034  00001
INIT                  001845  001860  00001C  00001
BSS                   001861  0018B4  000054  00001
ONCE                  001861  001886  000026  00001


Exports list by name:
---------------------
BSOUT                     00FFD2 RLA    CURS_X                    0000D3 RLZ    
CURS_Y                    0000D6 RLZ    PLOT                      001332 RLA    
RDTIM                     00FFDE RLA    ST                        000090 RLZ    
__BSS_RUN__               001861 RLA    __BSS_SIZE__              000054 REA    
__CONSTRUCTOR_COUNT__     000000 REA    __CONSTRUCTOR_TABLE__     001887 RLA    
__DESTRUCTOR_COUNT__      000000 REA    __DESTRUCTOR_TABLE__      001811 RLA    
__EXEHDR__                000001 REA    __HEADER_LAST__           00080D RLA    
__HIMEM__                 00D000 REA    __LOADADDR__              000001 REA    
__MAIN_SIZE__             00C7F3 REA    __MAIN_START__            00080D RLA    
__ONCE_RUN__              001861 RLA    __STACKSIZE__             000800 REA    
__STARTUP__               000001 REA    __ctype                   001786 RLA    
__ctypeidx                001791 RLA    __hextab                  00176A RLA    
__longminstr              00177A RLA    __printf                  000E84 RLA    
_bgcolor                  0011D7 RLA    _bordercolor              00115F RLA    
_cgetc                    00117E RLA    _clock                    0011C5 RLA    
_clrscr                   00E544 REA    _cprintf                  0011EB RLA    
_cputc                    00121A RLA    _cputsxy                  001282 RLA    
_gotoxy                   0012FE RLA    _kbhit                    001329 RLA    
_ltoa                     00144D RLA    _main                     000A98 RLA    
_strlen                   0015DE RLA    _strlower                 0015F4 RLA    
_textcolor                0011CF RLA    _ultoa                    00148E RLA    
_vcprintf                 0016B2 RLA    addysp                    001137 RLA    
addysp1                   001136 RLA    axlong                    001152 RLA    
axulong                   001158 RLA    callmain                  001167 RLA    
ctypemaskdirect           0012A9 RLA    cursor                    001888 RLA    
decaxy                    0012C3 RLA    decsp4                    0012CC RLA    
decsp6                    0012D9 RLA    donelib                   0011DF RLA    
getlop                    0014DB RLA    gotoxy                    0012FB RLA    
incaxy                    00130A RLA    incsp2                    00131B RLA    
initlib                   001861 RLA    laddeqa                   00133F RLA    
ldax0sp                   00136A RLA    negax                     001561 RLA    
negeax                    0013CF RLA    plot                      00126E RLA    
popa                      00156F RLA    popax                     001313 RLA    
popptr1                   00157B RLA    popsargsudiv16            0015BE RLA    
ptr1                      00000A RLZ    ptr2                      00000C RLZ    
ptr3                      00000E RLZ    ptr4                      000010 RLZ    
push1                     001589 RLA    pusha                     001592 RLA    
pusha0                    0015A6 RLA    pushax                    0015A8 RLA    
pusheax                   0013F6 RLA    regbank                   000016 RLZ    
shlax3                    001144 RLA    sp                        000002 RLZ    
sreg                      000004 RLZ    tmp1                      000012 RLZ    
tmp2                      000013 RLZ    tmp3                      000014 RLZ    
tmp4                      000015 RLZ    tosdiva0                  0012E6 RLA    
tossubeax                 001414 RLA    tosudiv0ax                0014CA RLA    
tosudiveax                0014D0 RLA    tosumod0ax                001544 RLA    
tosumul0ax                001373 RLA    udiv16                    00162C RLA    
udiv32                    0014FF RLA    zerobss                   0016E2 RLA    



Exports list by value:
----------------------
__CONSTRUCTOR_COUNT__     000000 REA    __DESTRUCTOR_COUNT__      000000 REA    
__STARTUP__               000001 REA    __EXEHDR__                000001 REA    
__LOADADDR__              000001 REA    sp                        000002 RLZ    
sreg                      000004 RLZ    ptr1                      00000A RLZ    
ptr2                      00000C RLZ    ptr3                      00000E RLZ    
ptr4                      000010 RLZ    tmp1                      000012 RLZ    
tmp2                      000013 RLZ    tmp3                      000014 RLZ    
tmp4                      000015 RLZ    regbank                   000016 RLZ    
__BSS_SIZE__              000054 REA    ST                        000090 RLZ    
CURS_X                    0000D3 RLZ    CURS_Y                    0000D6 RLZ    
__STACKSIZE__             000800 REA    __MAIN_START__            00080D RLA    
__HEADER_LAST__           00080D RLA    _main                     000A98 RLA    
__printf                  000E84 RLA    addysp1                   001136 RLA    
addysp                    001137 RLA    shlax3                    001144 RLA    
axlong                    001152 RLA    axulong                   001158 RLA    
_bordercolor              00115F RLA    callmain                  001167 RLA    
_cgetc                    00117E RLA    _clock                    0011C5 RLA    
_textcolor                0011CF RLA    _bgcolor                  0011D7 RLA    
donelib                   0011DF RLA    _cprintf                  0011EB RLA    
_cputc                    00121A RLA    plot                      00126E RLA    
_cputsxy                  001282 RLA    ctypemaskdirect           0012A9 RLA    
decaxy                    0012C3 RLA    decsp4                    0012CC RLA    
decsp6                    0012D9 RLA    tosdiva0                  0012E6 RLA    
gotoxy                    0012FB RLA    _gotoxy                   0012FE RLA    
incaxy                    00130A RLA    popax                     001313 RLA    
incsp2                    00131B RLA    _kbhit                    001329 RLA    
PLOT                      001332 RLA    laddeqa                   00133F RLA    
ldax0sp                   00136A RLA    tosumul0ax                001373 RLA    
negeax                    0013CF RLA    pusheax                   0013F6 RLA    
tossubeax                 001414 RLA    _ltoa                     00144D RLA    
_ultoa                    00148E RLA    tosudiv0ax                0014CA RLA    
tosudiveax                0014D0 RLA    getlop                    0014DB RLA    
udiv32                    0014FF RLA    tosumod0ax                001544 RLA    
negax                     001561 RLA    popa                      00156F RLA    
popptr1                   00157B RLA    push1                     001589 RLA    
pusha                     001592 RLA    pusha0                    0015A6 RLA    
pushax                    0015A8 RLA    popsargsudiv16            0015BE RLA    
_strlen                   0015DE RLA    _strlower                 0015F4 RLA    
udiv16                    00162C RLA    _vcprintf                 0016B2 RLA    
zerobss                   0016E2 RLA    __hextab                  00176A RLA    
__longminstr              00177A RLA    __ctype                   001786 RLA    
__ctypeidx                001791 RLA    __DESTRUCTOR_TABLE__      001811 RLA    
__ONCE_RUN__              001861 RLA    __BSS_RUN__               001861 RLA    
initlib                   001861 RLA    __CONSTRUCTOR_TABLE__     001887 RLA    
cursor                    001888 RLA    __MAIN_SIZE__             00C7F3 REA    
__HIMEM__                 00D000 REA    _clrscr                   00E544 REA    
BSOUT                     00FFD2 RLA    RDTIM                     00FFDE RLA    



Imports list:
-------------
BSOUT (kernal.o):
    crt0.o                    c64/crt0.s:10
CURS_X (conio.o):
    gotoxy.o                  cbm/gotoxy.s:9
CURS_Y (conio.o):
    gotoxy.o                  cbm/gotoxy.s:9
PLOT (kplot.o):
    cputc.o                   c64/cputc.s:11
RDTIM (kernal.o):
    clock.o                   cbm/cbm.inc:40
ST (status.o):
    crt0.o                    c64/crt0.s:13
__BSS_RUN__ ([linker generated]):
    zerobss.o                 common/zerobss.s:8
__BSS_SIZE__ ([linker generated]):
    zerobss.o                 common/zerobss.s:8
__CONSTRUCTOR_COUNT__ ([linker generated]):
    condes.o                  runtime/condes.s:18
__CONSTRUCTOR_TABLE__ ([linker generated]):
    condes.o                  runtime/condes.s:18
__DESTRUCTOR_COUNT__ ([linker generated]):
    condes.o                  runtime/condes.s:19
__DESTRUCTOR_TABLE__ ([linker generated]):
    condes.o                  runtime/condes.s:19
__EXEHDR__ (exehdr.o):
    [linker generated]        /cygdrive/c/Users/Craig Vella/Documents/GitHub/cc65/cfg/c64.cfg:6
__HEADER_LAST__ ([linker generated]):
    [linker generated]        /cygdrive/c/Users/Craig Vella/Documents/GitHub/cc65/cfg/c64.cfg:14
    [linker generated]        /cygdrive/c/Users/Craig Vella/Documents/GitHub/cc65/cfg/c64.cfg:14
__HIMEM__ ([linker generated]):
    [linker generated]        /cygdrive/c/Users/Craig Vella/Documents/GitHub/cc65/cfg/c64.cfg:15
    [linker generated]        /cygdrive/c/Users/Craig Vella/Documents/GitHub/cc65/cfg/c64.cfg:14
__LOADADDR__ (loadaddr.o):
    [linker generated]        /cygdrive/c/Users/Craig Vella/Documents/GitHub/cc65/cfg/c64.cfg:5
__MAIN_SIZE__ ([linker generated]):
    crt0.o                    c64/crt0.s:11
__MAIN_START__ ([linker generated]):
    crt0.o                    c64/crt0.s:11
__ONCE_RUN__ ([linker generated]):
    [linker generated]        /cygdrive/c/Users/Craig Vella/Documents/GitHub/cc65/cfg/c64.cfg:15
    [linker generated]        /cygdrive/c/Users/Craig Vella/Documents/GitHub/cc65/cfg/c64.cfg:15
__STACKSIZE__ ([linker generated]):
    [linker generated]        /cygdrive/c/Users/Craig Vella/Documents/GitHub/cc65/cfg/c64.cfg:15
__STARTUP__ (crt0.o):
    fire.o                    fire.s:13
__ctype (ctype.o):
    ctypemask.o               common/ctypemask.s:23
__ctypeidx (ctype.o):
    ctypemask.o               common/ctypemask.s:24
__hextab (_hextab.o):
    ltoa.o                    common/ltoa.s:10
__longminstr (_longminstr.o):
    ltoa.o                    common/ltoa.s:10
__printf (_printf.o):
    vcprintf.o                conio/vcprintf.s:9
_bgcolor (color.o):
    fire.o                    fire.s:23
_bordercolor (bordercolor.o):
    fire.o                    fire.s:24
_cgetc (cgetc.o):
    fire.o                    fire.s:21
_clock (clock.o):
    fire.o                    fire.s:14
_clrscr (clrscr.o):
    fire.o                    fire.s:15
_cprintf (cprintf.o):
    fire.o                    fire.s:20
_cputc (cputc.o):
    vcprintf.o                conio/vcprintf.s:9
    cputs.o                   conio/cputs.s:9
    fire.o                    fire.s:18
_cputsxy (cputs.o):
    fire.o                    fire.s:19
_gotoxy (gotoxy.o):
    fire.o                    fire.s:17
_kbhit (kbhit.o):
    fire.o                    fire.s:16
_ltoa (ltoa.o):
    _printf.o                 common/_printf.s:12
_main (fire.o):
    callmain.o                runtime/callmain.s:11
_strlen (strlen.o):
    _printf.o                 common/_printf.s:13
_strlower (strlower.o):
    _printf.o                 common/_printf.s:13
_textcolor (color.o):
    fire.o                    fire.s:22
_ultoa (ltoa.o):
    _printf.o                 common/_printf.s:12
_vcprintf (vcprintf.o):
    cprintf.o                 conio/cprintf.s:8
addysp (addysp.o):
    cprintf.o                 conio/cprintf.s:8
addysp1 (addysp.o):
    ludiv.o                   runtime/ludiv.s:9
    lsub.o                    runtime/lsub.s:11
    lmul.o                    runtime/lmul.s:9
axlong (axlong.o):
    _printf.o                 common/_printf.s:11
axulong (axlong.o):
    _printf.o                 common/_printf.s:11
callmain (callmain.o):
    crt0.o                    c64/crt0.s:9
ctypemaskdirect (ctypemask.o):
    strlower.o                common/strlower.s:14
cursor (_cursor.o):
    cgetc.o                   c64/cgetc.s:8
decaxy (decaxy.o):
    fire.o                    fire.s:699
decsp4 (decsp4.o):
    lpush.o                   runtime/lpush.s:12
decsp6 (decsp6.o):
    _printf.o                 common/_printf.s:11
donelib (condes.o):
    crt0.o                    c64/crt0.s:8
getlop (ludiv.o):
    lumod.o                   runtime/lumod.s:9
gotoxy (gotoxy.o):
    cputs.o                   conio/cputs.s:9
    cputc.o                   c64/cputc.s:10
incaxy (incaxy.o):
    fire.o                    fire.s:699
incsp2 (incsp2.o):
    popptr1.o                 runtime/popptr1.s:8
    fire.o                    fire.s:699
initlib (condes.o):
    crt0.o                    c64/crt0.s:8
laddeqa (laddeq.o):
    fire.o                    fire.s:699
ldax0sp (ldaxsp.o):
    fire.o                    fire.s:699
negax (negabs.o):
    shelp.o                   runtime/shelp.s:11
    div.o                     runtime/div.s:11
negeax (lneg.o):
    ltoa.o                    common/ltoa.s:9
plot (cputc.o):
    gotoxy.o                  cbm/gotoxy.s:8
popa (popa.o):
    gotoxy.o                  cbm/gotoxy.s:8
popax (incsp2.o):
    ltoa.o                    common/ltoa.s:9
    _printf.o                 common/_printf.s:11
    vcprintf.o                conio/vcprintf.s:8
    shelp.o                   runtime/shelp.s:11
popptr1 (popptr1.o):
    ltoa.o                    common/ltoa.s:9
    vcprintf.o                conio/vcprintf.s:8
    udiv.o                    runtime/udiv.s:9
popsargsudiv16 (shelp.o):
    div.o                     runtime/div.s:11
ptr1 (zeropage.o):
    strlower.o                common/strlower.s:13
    popptr1.o                 runtime/popptr1.s:9
    ltoa.o                    common/ltoa.s:11
    _printf.o                 /cygdrive/c/Users/Craig Vella/Documents/GitHub/cc65/asminc/zeropage.inc:12
    zerobss.o                 common/zerobss.s:9
    vcprintf.o                conio/vcprintf.s:10
    udiv.o                    runtime/udiv.s:10
    shelp.o                   runtime/shelp.s:12
    ludiv.o                   runtime/ludiv.s:10
    lmul.o                    runtime/lmul.s:10
    laddeq.o                  runtime/laddeq.s:12
    div.o                     runtime/div.s:12
    cputs.o                   conio/cputs.s:10
    cprintf.o                 conio/cprintf.s:9
    fire.o                    fire.s:11
ptr2 (zeropage.o):
    strlower.o                common/strlower.s:13
    strlen.o                  common/strlen.s:12
    ltoa.o                    common/ltoa.s:11
    _printf.o                 /cygdrive/c/Users/Craig Vella/Documents/GitHub/cc65/asminc/zeropage.inc:12
    vcprintf.o                conio/vcprintf.s:10
    lumod.o                   runtime/lumod.s:10
    ludiv.o                   runtime/ludiv.s:10
ptr3 (zeropage.o):
    ltoa.o                    common/ltoa.s:11
    vcprintf.o                conio/vcprintf.s:10
    ludiv.o                   runtime/ludiv.s:10
    lmul.o                    runtime/lmul.s:10
ptr4 (zeropage.o):
    udiv.o                    runtime/udiv.s:10
    shelp.o                   runtime/shelp.s:12
    ludiv.o                   runtime/ludiv.s:10
    lmul.o                    runtime/lmul.s:10
push1 (push1.o):
    _printf.o                 common/_printf.s:11
pusha (pusha.o):
    fire.o                    fire.s:699
    fire.o                    fire.s:699
pusha0 (pushax.o):
    push1.o                   runtime/push1.s:8
pushax (pushax.o):
    callmain.o                runtime/callmain.s:11
    _printf.o                 common/_printf.s:11
    vcprintf.o                conio/vcprintf.s:8
    cprintf.o                 conio/cprintf.s:8
    fire.o                    fire.s:699
    fire.o                    fire.s:699
pusheax (lpush.o):
    _printf.o                 common/_printf.s:11
    fire.o                    fire.s:699
regbank (zeropage.o):
    _printf.o                 /cygdrive/c/Users/Craig Vella/Documents/GitHub/cc65/asminc/zeropage.inc:14
shlax3 (aslax3.o):
    fire.o                    fire.s:699
sp (zeropage.o):
    popptr1.o                 runtime/popptr1.s:9
    decsp6.o                  runtime/decsp6.s:8
    decsp4.o                  runtime/decsp4.s:8
    addysp.o                  runtime/addysp.s:8
    _printf.o                 /cygdrive/c/Users/Craig Vella/Documents/GitHub/cc65/asminc/zeropage.inc:11
    vcprintf.o                conio/vcprintf.s:10
    pushax.o                  runtime/pushax.s:8
    pusha.o                   runtime/pusha.s:8
    popa.o                    runtime/popa.s:8
    ludiv.o                   runtime/ludiv.s:10
    lsub.o                    runtime/lsub.s:12
    lpush.o                   runtime/lpush.s:13
    lmul.o                    runtime/lmul.s:10
    ldaxsp.o                  runtime/ldaxsp.s:8
    incsp2.o                  runtime/incsp2.s:8
    crt0.o                    /cygdrive/c/Users/Craig Vella/Documents/GitHub/cc65/asminc/zeropage.inc:11
    cprintf.o                 conio/cprintf.s:9
    fire.o                    fire.s:10
sreg (zeropage.o):
    lneg.o                    runtime/lneg.s:11
    ltoa.o                    common/ltoa.s:11
    axlong.o                  runtime/axlong.s:9
    _printf.o                 /cygdrive/c/Users/Craig Vella/Documents/GitHub/cc65/asminc/zeropage.inc:11
    udiv.o                    runtime/udiv.s:10
    lumod.o                   runtime/lumod.s:10
    ludiv.o                   runtime/ludiv.s:10
    lsub.o                    runtime/lsub.s:12
    lpush.o                   runtime/lpush.s:13
    lmul.o                    runtime/lmul.s:10
    laddeq.o                  runtime/laddeq.s:12
    clock.o                   cbm/clock.s:9
    fire.o                    fire.s:10
tmp1 (zeropage.o):
    ltoa.o                    common/ltoa.s:11
    _printf.o                 /cygdrive/c/Users/Craig Vella/Documents/GitHub/cc65/asminc/zeropage.inc:13
    vcprintf.o                conio/vcprintf.s:10
    shelp.o                   runtime/shelp.s:12
    incaxy.o                  runtime/incaxy.s:8
    div.o                     runtime/div.s:12
    decaxy.o                  runtime/decaxy.s:8
    cputs.o                   conio/cputs.s:10
    aslax3.o                  runtime/aslax3.s:8
tmp2 (zeropage.o):
    shelp.o                   runtime/shelp.s:12
    lmul.o                    runtime/lmul.s:10
    div.o                     runtime/div.s:12
tmp3 (zeropage.o):
    lumod.o                   runtime/lumod.s:10
    ludiv.o                   runtime/ludiv.s:10
    lmul.o                    runtime/lmul.s:10
tmp4 (zeropage.o):
    lumod.o                   runtime/lumod.s:10
    ludiv.o                   runtime/ludiv.s:10
    lmul.o                    runtime/lmul.s:10
tosdiva0 (div.o):
    fire.o                    fire.s:699
tossubeax (lsub.o):
    fire.o                    fire.s:699
tosudiv0ax (ludiv.o):
    fire.o                    fire.s:699
tosudiveax (ludiv.o):
    fire.o                    fire.s:699
tosumod0ax (lumod.o):
    fire.o                    fire.s:699
tosumul0ax (lmul.o):
    fire.o                    fire.s:699
udiv16 (udiv.o):
    shelp.o                   runtime/shelp.s:11
udiv32 (ludiv.o):
    lumod.o                   runtime/lumod.s:9
zerobss (zerobss.o):
    crt0.o                    c64/crt0.s:9

